<html>
<body>
<pre>
<h1>µVision Build Log</h1>
<h2>Tool Versions:</h2>
IDE-Version: ¦ÌVision V5.30.0.0
Copyright (C) 2020 ARM Ltd and ARM Germany GmbH. All rights reserved.
License Information: WS MCU, WS, LIC=KRMW3-AA3V4-9UN4U-SGZYY-PS14L-1MYCX
 
Tool Versions:
Toolchain:       MDK-ARM Plus  Version: 5.30.0.0
Toolchain Path:  D:\MDK5\ARM\ARMCC\Bin
C Compiler:      Armcc.exe V5.06 update 6 (build 750)
Assembler:       Armasm.exe V5.06 update 6 (build 750)
Linker/Locator:  ArmLink.exe V5.06 update 6 (build 750)
Library Manager: ArmAr.exe V5.06 update 6 (build 750)
Hex Converter:   FromElf.exe V5.06 update 6 (build 750)
CPU DLL:         SARMCM3.DLL V5.30.0.0
Dialog DLL:      DARMCM1.DLL V1.19.3.0
Target DLL:      CMSIS_AGDI.dll V1.31.17.0
Dialog DLL:      TARMCM1.DLL V1.14.2.0
 
<h2>Project:</h2>
C:\Users\MCU\Desktop\HCF460\HC32F460×ÊÁÏ\HC32F460_DDL_Rev3.0.0\projects\ev_hc32f460_lqfp100_v2\examples\i2c\i2c_master_int\MDK\i2c_master_int.uvprojx
Project File Date:  07/20/2022

<h2>Output:</h2>
*** Using Compiler 'V5.06 update 6 (build 750)', folder: 'D:\MDK5\ARM\ARMCC\Bin'
Build target 'i2c_master_int_Debug'
assembling startup_hc32f460.s...
compiling system_hc32f460.c...
compiling hc32_ll_fcg.c...
compiling hc32_ll_gpio.c...
compiling main.c...
compiling hc32_ll_efm.c...
compiling hc32_ll_clk.c...
compiling hc32_ll.c...
compiling hc32_ll_i2c.c...
compiling hc32_ll_keyscan.c...
compiling hc32_ll_sram.c...
compiling hc32_ll_icg.c...
compiling hc32_ll_utility.c...
compiling hc32_ll_interrupts.c...
compiling hc32_ll_pwc.c...
compiling ev_hc32f460_lqfp100_v2.c...
linking...
Program Size: Code=15172 RO-data=864 RW-data=12 ZI-data=4116  
FromELF: creating hex file...
".\output\debug\i2c_master_int.axf" - 0 Error(s), 0 Warning(s).

<h2>Software Packages used:</h2>

Package Vendor: HDSC
                https://raw.githubusercontent.com/hdscmcu/pack/master/HDSC.HC32F460.1.0.8.pack
                HDSC.HC32F460.1.0.8
                HC32F460 ARM Cortex-M4 Device Family Pack

<h2>Collection of Component include folders:</h2>
  .\RTE\_i2c_master_int_Debug
  C:\Users\MCU\AppData\Local\Arm\Packs\HDSC\HC32F460\1.0.8\Device\Include

<h2>Collection of Component Files used:</h2>
Build Time Elapsed:  00:00:06
</pre>
</body>
</html>
