<html>
<body>
<pre>
<h1>µVision Build Log</h1>
<h2>Tool Versions:</h2>
IDE-Version: ¦ÌVision V5.30.0.0
Copyright (C) 2020 ARM Ltd and ARM Germany GmbH. All rights reserved.
License Information: WS MCU, WS, LIC=KRMW3-AA3V4-9UN4U-SGZYY-PS14L-1MYCX
 
Tool Versions:
Toolchain:       MDK-ARM Plus  Version: 5.30.0.0
Toolchain Path:  D:\MDK5\ARM\ARMCC\Bin
C Compiler:      Armcc.exe V5.06 update 6 (build 750)
Assembler:       Armasm.exe V5.06 update 6 (build 750)
Linker/Locator:  ArmLink.exe V5.06 update 6 (build 750)
Library Manager: ArmAr.exe V5.06 update 6 (build 750)
Hex Converter:   FromElf.exe V5.06 update 6 (build 750)
CPU DLL:         SARMCM3.DLL V5.30.0.0
Dialog DLL:      DARMCM1.DLL V1.19.3.0
Target DLL:      CMSIS_AGDI.dll V1.31.17.0
Dialog DLL:      TARMCM1.DLL V1.14.2.0
 
<h2>Project:</h2>
C:\Users\MCU\Desktop\HCF460\HC32F460×ÊÁÏ\HC32F460_DDL_Rev3.0.0\projects\ev_hc32f460_lqfp100_v2\applications\usb\usb_dev_hid_custom\MDK\usb_dev_hid_custom.uvprojx
Project File Date:  07/27/2022

<h2>Output:</h2>
*** Using Compiler 'V5.06 update 6 (build 750)', folder: 'D:\MDK5\ARM\ARMCC\Bin'
Build target 'usb_dev_hid_custom_Debug'
assembling startup_hc32f460.s...
compiling system_hc32f460.c...
compiling hc32_ll.c...
compiling main.c...
compiling hc32_ll_clk.c...
compiling usb_bsp.c...
compiling usb_dev_desc.c...
compiling hc32_ll_efm.c...
compiling usb_dev_user.c...
compiling hc32_ll_fcg.c...
compiling hc32_ll_keyscan.c...
compiling hc32_ll_gpio.c...
compiling hc32_ll_icg.c...
compiling hc32_ll_pwc.c...
compiling hc32_ll_sram.c...
compiling hc32_ll_interrupts.c...
compiling hc32_ll_i2c.c...
compiling hc32_ll_utility.c...
compiling hc32_ll_usart.c...
compiling hc32_ll_tmr0.c...
compiling ev_hc32f460_lqfp100_v2.c...
compiling usb_dev_driver.c...
compiling hc32_ll_usb.c...
compiling usb_dev_ctrleptrans.c...
compiling usb_dev_core.c...
compiling usb_dev_int.c...
compiling usb_dev_custom_hid_class.c...
compiling usb_dev_stdreq.c...
linking...
Program Size: Code=27012 RO-data=896 RW-data=316 ZI-data=5068  
FromELF: creating hex file...
".\output\debug\usb_dev_hid_custom.axf" - 0 Error(s), 0 Warning(s).

<h2>Software Packages used:</h2>

Package Vendor: HDSC
                https://raw.githubusercontent.com/hdscmcu/pack/master/HDSC.HC32F460.1.0.8.pack
                HDSC.HC32F460.1.0.8
                HC32F460 ARM Cortex-M4 Device Family Pack

<h2>Collection of Component include folders:</h2>
  .\RTE\_usb_dev_hid_custom_Debug
  C:\Users\MCU\AppData\Local\Arm\Packs\HDSC\HC32F460\1.0.8\Device\Include

<h2>Collection of Component Files used:</h2>
Build Time Elapsed:  00:00:12
</pre>
</body>
</html>
