<html>
<body>
<pre>
<h1>µVision Build Log</h1>
<h2>Tool Versions:</h2>
IDE-Version: ¦ÌVision V5.30.0.0
Copyright (C) 2020 ARM Ltd and ARM Germany GmbH. All rights reserved.
License Information: WS MCU, WS, LIC=KRMW3-AA3V4-9UN4U-SGZYY-PS14L-1MYCX
 
Tool Versions:
Toolchain:       MDK-ARM Plus  Version: 5.30.0.0
Toolchain Path:  D:\MDK5\ARM\ARMCC\Bin
C Compiler:      Armcc.exe V5.06 update 6 (build 750)
Assembler:       Armasm.exe V5.06 update 6 (build 750)
Linker/Locator:  ArmLink.exe V5.06 update 6 (build 750)
Library Manager: ArmAr.exe V5.06 update 6 (build 750)
Hex Converter:   FromElf.exe V5.06 update 6 (build 750)
CPU DLL:         SARMCM3.DLL V5.30.0.0
Dialog DLL:      DARMCM1.DLL V1.19.3.0
Target DLL:      CMSIS_AGDI.dll V1.31.17.0
Dialog DLL:      TARMCM1.DLL V1.14.2.0
 
<h2>Project:</h2>
C:\Users\MCU\Desktop\HCF460\HC32F460×ÊÁÏ\HC32F460_DDL_Rev3.0.0\projects\ev_hc32f460_lqfp100_v2\examples\i2c\i2c_master_polling\MDK\i2c_master_polling.uvprojx
Project File Date:  07/20/2022

<h2>Output:</h2>
*** Using Compiler 'V5.06 update 6 (build 750)', folder: 'D:\MDK5\ARM\ARMCC\Bin'
Build target 'i2c_master_polling_Debug'
compiling main.c...
..\source\main.c(214): warning:  #550-D: variable "temperature"  was set but never used
  	 float temperature, humidity;
..\source\main.c(214): warning:  #550-D: variable "humidity"  was set but never used
  	 float temperature, humidity;
..\source\main.c(267): warning:  #940-D: missing return statement at end of non-void function "AHT10_Write_Data" 
  }
..\source\main.c(92): warning:  #550-D: variable "u8TxBuf"  was set but never used
  static uint8_t u8TxBuf[TEST_DATA_LEN];
..\source\main.c: 4 warnings, 0 errors
linking...
Program Size: Code=16820 RO-data=864 RW-data=12 ZI-data=4100  
FromELF: creating hex file...
".\output\debug\i2c_master_polling.axf" - 0 Error(s), 4 Warning(s).

<h2>Software Packages used:</h2>

Package Vendor: HDSC
                https://raw.githubusercontent.com/hdscmcu/pack/master/HDSC.HC32F460.1.0.8.pack
                HDSC.HC32F460.1.0.8
                HC32F460 ARM Cortex-M4 Device Family Pack

<h2>Collection of Component include folders:</h2>
  .\RTE\_i2c_master_polling_Debug
  C:\Users\MCU\AppData\Local\Arm\Packs\HDSC\HC32F460\1.0.8\Device\Include

<h2>Collection of Component Files used:</h2>
Build Time Elapsed:  00:00:01
</pre>
</body>
</html>
