Component: ARM Compiler 5.06 update 6 (build 750) Tool: armlink [4d35ed]

==============================================================================

Section Cross References

    startup_hc32f460.o(RESET) refers to startup_hc32f460.o(STACK) for __initial_sp
    startup_hc32f460.o(RESET) refers to startup_hc32f460.o(.text) for Reset_Handler
    startup_hc32f460.o(RESET) refers to hc32_ll_interrupts.o(i.IRQ000_Handler) for IRQ000_Handler
    startup_hc32f460.o(RESET) refers to hc32_ll_interrupts.o(i.IRQ001_Handler) for IRQ001_Handler
    startup_hc32f460.o(RESET) refers to hc32_ll_interrupts.o(i.IRQ002_Handler) for IRQ002_Handler
    startup_hc32f460.o(RESET) refers to hc32_ll_interrupts.o(i.IRQ003_Handler) for IRQ003_Handler
    startup_hc32f460.o(RESET) refers to hc32_ll_interrupts.o(i.IRQ004_Handler) for IRQ004_Handler
    startup_hc32f460.o(RESET) refers to hc32_ll_interrupts.o(i.IRQ005_Handler) for IRQ005_Handler
    startup_hc32f460.o(RESET) refers to hc32_ll_interrupts.o(i.IRQ006_Handler) for IRQ006_Handler
    startup_hc32f460.o(RESET) refers to hc32_ll_interrupts.o(i.IRQ007_Handler) for IRQ007_Handler
    startup_hc32f460.o(RESET) refers to hc32_ll_interrupts.o(i.IRQ008_Handler) for IRQ008_Handler
    startup_hc32f460.o(RESET) refers to hc32_ll_interrupts.o(i.IRQ009_Handler) for IRQ009_Handler
    startup_hc32f460.o(RESET) refers to hc32_ll_interrupts.o(i.IRQ010_Handler) for IRQ010_Handler
    startup_hc32f460.o(RESET) refers to hc32_ll_interrupts.o(i.IRQ011_Handler) for IRQ011_Handler
    startup_hc32f460.o(RESET) refers to hc32_ll_interrupts.o(i.IRQ012_Handler) for IRQ012_Handler
    startup_hc32f460.o(RESET) refers to hc32_ll_interrupts.o(i.IRQ013_Handler) for IRQ013_Handler
    startup_hc32f460.o(RESET) refers to hc32_ll_interrupts.o(i.IRQ014_Handler) for IRQ014_Handler
    startup_hc32f460.o(RESET) refers to hc32_ll_interrupts.o(i.IRQ015_Handler) for IRQ015_Handler
    startup_hc32f460.o(RESET) refers to hc32_ll_interrupts.o(i.IRQ016_Handler) for IRQ016_Handler
    startup_hc32f460.o(RESET) refers to hc32_ll_interrupts.o(i.IRQ017_Handler) for IRQ017_Handler
    startup_hc32f460.o(RESET) refers to hc32_ll_interrupts.o(i.IRQ018_Handler) for IRQ018_Handler
    startup_hc32f460.o(RESET) refers to hc32_ll_interrupts.o(i.IRQ019_Handler) for IRQ019_Handler
    startup_hc32f460.o(RESET) refers to hc32_ll_interrupts.o(i.IRQ020_Handler) for IRQ020_Handler
    startup_hc32f460.o(RESET) refers to hc32_ll_interrupts.o(i.IRQ021_Handler) for IRQ021_Handler
    startup_hc32f460.o(RESET) refers to hc32_ll_interrupts.o(i.IRQ022_Handler) for IRQ022_Handler
    startup_hc32f460.o(RESET) refers to hc32_ll_interrupts.o(i.IRQ023_Handler) for IRQ023_Handler
    startup_hc32f460.o(RESET) refers to hc32_ll_interrupts.o(i.IRQ024_Handler) for IRQ024_Handler
    startup_hc32f460.o(RESET) refers to hc32_ll_interrupts.o(i.IRQ025_Handler) for IRQ025_Handler
    startup_hc32f460.o(RESET) refers to hc32_ll_interrupts.o(i.IRQ026_Handler) for IRQ026_Handler
    startup_hc32f460.o(RESET) refers to hc32_ll_interrupts.o(i.IRQ027_Handler) for IRQ027_Handler
    startup_hc32f460.o(RESET) refers to hc32_ll_interrupts.o(i.IRQ028_Handler) for IRQ028_Handler
    startup_hc32f460.o(RESET) refers to hc32_ll_interrupts.o(i.IRQ029_Handler) for IRQ029_Handler
    startup_hc32f460.o(RESET) refers to hc32_ll_interrupts.o(i.IRQ030_Handler) for IRQ030_Handler
    startup_hc32f460.o(RESET) refers to hc32_ll_interrupts.o(i.IRQ031_Handler) for IRQ031_Handler
    startup_hc32f460.o(RESET) refers to hc32_ll_interrupts.o(i.IRQ032_Handler) for IRQ032_Handler
    startup_hc32f460.o(RESET) refers to hc32_ll_interrupts.o(i.IRQ033_Handler) for IRQ033_Handler
    startup_hc32f460.o(RESET) refers to hc32_ll_interrupts.o(i.IRQ034_Handler) for IRQ034_Handler
    startup_hc32f460.o(RESET) refers to hc32_ll_interrupts.o(i.IRQ035_Handler) for IRQ035_Handler
    startup_hc32f460.o(RESET) refers to hc32_ll_interrupts.o(i.IRQ036_Handler) for IRQ036_Handler
    startup_hc32f460.o(RESET) refers to hc32_ll_interrupts.o(i.IRQ037_Handler) for IRQ037_Handler
    startup_hc32f460.o(RESET) refers to hc32_ll_interrupts.o(i.IRQ038_Handler) for IRQ038_Handler
    startup_hc32f460.o(RESET) refers to hc32_ll_interrupts.o(i.IRQ039_Handler) for IRQ039_Handler
    startup_hc32f460.o(RESET) refers to hc32_ll_interrupts.o(i.IRQ040_Handler) for IRQ040_Handler
    startup_hc32f460.o(RESET) refers to hc32_ll_interrupts.o(i.IRQ041_Handler) for IRQ041_Handler
    startup_hc32f460.o(RESET) refers to hc32_ll_interrupts.o(i.IRQ042_Handler) for IRQ042_Handler
    startup_hc32f460.o(RESET) refers to hc32_ll_interrupts.o(i.IRQ043_Handler) for IRQ043_Handler
    startup_hc32f460.o(RESET) refers to hc32_ll_interrupts.o(i.IRQ044_Handler) for IRQ044_Handler
    startup_hc32f460.o(RESET) refers to hc32_ll_interrupts.o(i.IRQ045_Handler) for IRQ045_Handler
    startup_hc32f460.o(RESET) refers to hc32_ll_interrupts.o(i.IRQ046_Handler) for IRQ046_Handler
[...]
    .ARM.Collect$$$$00002712                 0x00000290   Section        4  entry2.o(.ARM.Collect$$$$00002712)
    __lit__00000000                          0x00000290   Data           4  entry2.o(.ARM.Collect$$$$00002712)
    .text                                    0x00000294   Section       88  startup_hc32f460.o(.text)
    .text                                    0x000002ec   Section        0  memseta.o(.text)
    .text                                    0x00000310   Section        0  fadd.o(.text)
    .text                                    0x000003c0   Section        0  ffltui.o(.text)
    .text                                    0x000003ca   Section        0  dflti.o(.text)
    .text                                    0x000003ec   Section       20  cfcmple.o(.text)
    .ARM.__AT_0x00000400                     0x00000400   Section       32  hc32_ll_icg.o(.ARM.__AT_0x00000400)
    .text                                    0x00000420   Section        0  fmul.o(.text)
    .text                                    0x00000484   Section        0  fdiv.o(.text)
    .text                                    0x00000500   Section        0  dadd.o(.text)
    .text                                    0x0000064e   Section        0  dmul.o(.text)
    .text                                    0x00000732   Section        0  ddiv.o(.text)
    .text                                    0x00000810   Section        0  ffixui.o(.text)
    .text                                    0x00000838   Section        0  d2f.o(.text)
    .text                                    0x00000870   Section       20  cfrcmple.o(.text)
    .text                                    0x00000884   Section        0  llshl.o(.text)
    .text                                    0x000008a2   Section        0  llsshr.o(.text)
    .text                                    0x000008c6   Section        0  fepilogue.o(.text)
    .text                                    0x000008c6   Section        0  iusefp.o(.text)
    .text                                    0x00000934   Section        0  depilogue.o(.text)
    .text                                    0x000009f0   Section       36  init.o(.text)
    .text                                    0x00000a14   Section        0  llushr.o(.text)
    i.$Sub$$main                             0x00000a34   Section        0  system_hc32f460.o(i.$Sub$$main)
    i.AHT10_Init                             0x00000a42   Section        0  main.o(i.AHT10_Init)
    i.AHT10_Read_Data                        0x00000a90   Section        0  main.o(i.AHT10_Read_Data)
    i.AHT10_Read_Humidity                    0x00000aa8   Section        0  main.o(i.AHT10_Read_Humidity)
    i.AHT10_Read_Temperature                 0x00000b2c   Section        0  main.o(i.AHT10_Read_Temperature)
    i.AHT10_Write_Data                       0x00000bc0   Section        0  main.o(i.AHT10_Write_Data)
    i.BSP_CLK_Init                           0x00000be8   Section        0  ev_hc32f460_lqfp100_v2.o(i.BSP_CLK_Init)
    i.BSP_KEY_COL_Init                       0x00000cac   Section        0  ev_hc32f460_lqfp100_v2.o(i.BSP_KEY_COL_Init)
    BSP_KEY_COL_Init                         0x00000cad   Thumb Code   118  ev_hc32f460_lqfp100_v2.o(i.BSP_KEY_COL_Init)
    i.BSP_KEY_Init                           0x00000d28   Section        0  ev_hc32f460_lqfp100_v2.o(i.BSP_KEY_Init)
    i.BSP_KEY_KEY10_IrqHandler               0x00000d58   Section        0  ev_hc32f460_lqfp100_v2.o(i.BSP_KEY_KEY10_IrqHandler)
    i.BSP_KEY_ROW0_IrqCallback               0x00000d80   Section        0  ev_hc32f460_lqfp100_v2.o(i.BSP_KEY_ROW0_IrqCallback)
    BSP_KEY_ROW0_IrqCallback                 0x00000d81   Thumb Code    70  ev_hc32f460_lqfp100_v2.o(i.BSP_KEY_ROW0_IrqCallback)
    i.BSP_KEY_ROW1_IrqCallback               0x00000dd4   Section        0  ev_hc32f460_lqfp100_v2.o(i.BSP_KEY_ROW1_IrqCallback)
    BSP_KEY_ROW1_IrqCallback                 0x00000dd5   Thumb Code    70  ev_hc32f460_lqfp100_v2.o(i.BSP_KEY_ROW1_IrqCallback)
    i.BSP_KEY_ROW2_IrqCallback               0x00000e28   Section        0  ev_hc32f460_lqfp100_v2.o(i.BSP_KEY_ROW2_IrqCallback)
    BSP_KEY_ROW2_IrqCallback                 0x00000e29   Thumb Code    74  ev_hc32f460_lqfp100_v2.o(i.BSP_KEY_ROW2_IrqCallback)
    i.BSP_KEY_ROW_Init                       0x00000e80   Section        0  ev_hc32f460_lqfp100_v2.o(i.BSP_KEY_ROW_Init)
    BSP_KEY_ROW_Init                         0x00000e81   Thumb Code   250  ev_hc32f460_lqfp100_v2.o(i.BSP_KEY_ROW_Init)
    i.BSP_LED_Init                           0x00000f8c   Section        0  ev_hc32f460_lqfp100_v2.o(i.BSP_LED_Init)
    i.BSP_LED_Toggle                         0x00000fc4   Section        0  ev_hc32f460_lqfp100_v2.o(i.BSP_LED_Toggle)
    i.CLK_Delay                              0x00000ff8   Section        0  hc32_ll_clk.o(i.CLK_Delay)
    CLK_Delay                                0x00000ff9   Thumb Code    22  hc32_ll_clk.o(i.CLK_Delay)
    i.CLK_GetStableStatus                    0x00001010   Section        0  hc32_ll_clk.o(i.CLK_GetStableStatus)
    i.CLK_LrcCmd                             0x00001080   Section        0  hc32_ll_clk.o(i.CLK_LrcCmd)
    i.CLK_PLLCmd                             0x0000112c   Section        0  hc32_ll_clk.o(i.CLK_PLLCmd)
    i.CLK_PLLInit                            0x00001204   Section        0  hc32_ll_clk.o(i.CLK_PLLInit)
    i.CLK_PLLStructInit                      0x000014b8   Section        0  hc32_ll_clk.o(i.CLK_PLLStructInit)
    i.CLK_SetClockDiv                        0x0000150a   Section        0  hc32_ll_clk.o(i.CLK_SetClockDiv)
    i.CLK_SetSysClockSrc                     0x0000151e   Section        0  hc32_ll_clk.o(i.CLK_SetSysClockSrc)
    i.CLK_WaitStable                         0x0000152e   Section        0  hc32_ll_clk.o(i.CLK_WaitStable)
    CLK_WaitStable                           0x0000152f   Thumb Code    48  hc32_ll_clk.o(i.CLK_WaitStable)
    i.CLK_XtalCmd                            0x00001560   Section        0  hc32_ll_clk.o(i.CLK_XtalCmd)
    i.CLK_XtalInit                           0x00001634   Section        0  hc32_ll_clk.o(i.CLK_XtalInit)
    i.CLK_XtalStructInit                     0x00001788   Section        0  hc32_ll_clk.o(i.CLK_XtalStructInit)
    i.DDL_AssertHandler                      0x000017a6   Section        0  hc32_ll_utility.o(i.DDL_AssertHandler)
    i.DDL_DelayMS                            0x000017ac   Section        0  hc32_ll_utility.o(i.DDL_DelayMS)
    i.DDL_DelayUS                            0x000017ec   Section        0  hc32_ll_utility.o(i.DDL_DelayUS)
    i.EFM_SetWaitCycle                       0x0000182c   Section        0  hc32_ll_efm.o(i.EFM_SetWaitCycle)
    i.EXTINT_ClearExtIntStatus               0x000018f4   Section        0  hc32_ll_interrupts.o(i.EXTINT_ClearExtIntStatus)
    i.EXTINT_GetExtIntStatus                 0x0000192c   Section        0  hc32_ll_interrupts.o(i.EXTINT_GetExtIntStatus)
    i.EXTINT_Init                            0x00001968   Section        0  hc32_ll_interrupts.o(i.EXTINT_Init)
    i.EXTINT_StructInit                      0x00001a3c   Section        0  hc32_ll_interrupts.o(i.EXTINT_StructInit)
    i.FCG_Fcg0PeriphClockCmd                 0x00001a50   Section        0  hc32_ll_fcg.o(i.FCG_Fcg0PeriphClockCmd)
    i.FCG_Fcg1PeriphClockCmd                 0x00001afc   Section        0  hc32_ll_fcg.o(i.FCG_Fcg1PeriphClockCmd)
    i.GPIO_Init                              0x00001b90   Section        0  hc32_ll_gpio.o(i.GPIO_Init)
    i.GPIO_ReadInputPins                     0x00001d98   Section        0  hc32_ll_gpio.o(i.GPIO_ReadInputPins)
    i.GPIO_SetFunc                           0x00001e30   Section        0  hc32_ll_gpio.o(i.GPIO_SetFunc)
    i.GPIO_SetReadWaitCycle                  0x00001f14   Section        0  hc32_ll_gpio.o(i.GPIO_SetReadWaitCycle)
    i.GPIO_StructInit                        0x00001fb0   Section        0  hc32_ll_gpio.o(i.GPIO_StructInit)
    i.GPIO_TogglePins                        0x00001fd0   Section        0  hc32_ll_gpio.o(i.GPIO_TogglePins)
    i.I2C_AckConfig                          0x00002064   Section        0  hc32_ll_i2c.o(i.I2C_AckConfig)
    i.I2C_BaudrateConfig                     0x000020fc   Section        0  hc32_ll_i2c.o(i.I2C_BaudrateConfig)
    i.I2C_BusWaitCmd                         0x00002358   Section        0  hc32_ll_i2c.o(i.I2C_BusWaitCmd)
    i.I2C_ClearStatus                        0x000023f8   Section        0  hc32_ll_i2c.o(i.I2C_ClearStatus)
    i.I2C_Cmd                                0x0000248c   Section        0  hc32_ll_i2c.o(i.I2C_Cmd)
    i.I2C_DeInit                             0x0000251c   Section        0  hc32_ll_i2c.o(i.I2C_DeInit)
    i.I2C_GenerateStart                      0x0000259c   Section        0  hc32_ll_i2c.o(i.I2C_GenerateStart)
    i.I2C_GenerateStop                       0x00002614   Section        0  hc32_ll_i2c.o(i.I2C_GenerateStop)
    i.I2C_GetStatus                          0x0000268c   Section        0  hc32_ll_i2c.o(i.I2C_GetStatus)
    i.I2C_Init                               0x0000272c   Section        0  hc32_ll_i2c.o(i.I2C_Init)
    i.I2C_MasterReceiveDataAndStop           0x00002820   Section        0  hc32_ll_i2c.o(i.I2C_MasterReceiveDataAndStop)
    i.I2C_Master_Receive                     0x00002944   Section        0  main.o(i.I2C_Master_Receive)
    I2C_Master_Receive                       0x00002945   Thumb Code   122  main.o(i.I2C_Master_Receive)
    i.I2C_Master_Transmit                    0x000029c4   Section        0  main.o(i.I2C_Master_Transmit)
    I2C_Master_Transmit                      0x000029c5   Thumb Code   100  main.o(i.I2C_Master_Transmit)
    i.I2C_ReadData                           0x00002a2c   Section        0  hc32_ll_i2c.o(i.I2C_ReadData)
    i.I2C_SWResetCmd                         0x00002aa0   Section        0  hc32_ll_i2c.o(i.I2C_SWResetCmd)
    i.I2C_Start                              0x00002b30   Section        0  hc32_ll_i2c.o(i.I2C_Start)
    i.I2C_Stop                               0x00002bd0   Section        0  hc32_ll_i2c.o(i.I2C_Stop)
    i.I2C_StructInit                         0x00002c74   Section        0  hc32_ll_i2c.o(i.I2C_StructInit)
    i.I2C_TransAddr                          0x00002c8c   Section        0  hc32_ll_i2c.o(i.I2C_TransAddr)
    i.I2C_TransData                          0x00002d84   Section        0  hc32_ll_i2c.o(i.I2C_TransData)
    i.I2C_WaitStatus                         0x00002e58   Section        0  hc32_ll_i2c.o(i.I2C_WaitStatus)
    i.I2C_WriteData                          0x00002f34   Section        0  hc32_ll_i2c.o(i.I2C_WriteData)
    i.INTC_IrqSignIn                         0x00002fac   Section        0  hc32_ll_interrupts.o(i.INTC_IrqSignIn)
    i.IRQ000_Handler                         0x00003060   Section        0  hc32_ll_interrupts.o(i.IRQ000_Handler)
    i.IRQ001_Handler                         0x00003070   Section        0  hc32_ll_interrupts.o(i.IRQ001_Handler)
    i.IRQ002_Handler                         0x00003080   Section        0  hc32_ll_interrupts.o(i.IRQ002_Handler)
    i.IRQ003_Handler                         0x00003090   Section        0  hc32_ll_interrupts.o(i.IRQ003_Handler)
    i.IRQ004_Handler                         0x000030a0   Section        0  hc32_ll_interrupts.o(i.IRQ004_Handler)
    i.IRQ005_Handler                         0x000030b0   Section        0  hc32_ll_interrupts.o(i.IRQ005_Handler)
    i.IRQ006_Handler                         0x000030c0   Section        0  hc32_ll_interrupts.o(i.IRQ006_Handler)
    i.IRQ007_Handler                         0x000030d0   Section        0  hc32_ll_interrupts.o(i.IRQ007_Handler)
    i.IRQ008_Handler                         0x000030e0   Section        0  hc32_ll_interrupts.o(i.IRQ008_Handler)
    i.IRQ009_Handler                         0x000030f0   Section        0  hc32_ll_interrupts.o(i.IRQ009_Handler)
    i.IRQ010_Handler                         0x00003100   Section        0  hc32_ll_interrupts.o(i.IRQ010_Handler)
    i.IRQ011_Handler                         0x00003110   Section        0  hc32_ll_interrupts.o(i.IRQ011_Handler)
    i.IRQ012_Handler                         0x00003120   Section        0  hc32_ll_interrupts.o(i.IRQ012_Handler)
    i.IRQ013_Handler                         0x00003130   Section        0  hc32_ll_interrupts.o(i.IRQ013_Handler)
    i.IRQ014_Handler                         0x00003140   Section        0  hc32_ll_interrupts.o(i.IRQ014_Handler)
    i.IRQ015_Handler                         0x00003150   Section        0  hc32_ll_interrupts.o(i.IRQ015_Handler)
    i.IRQ016_Handler                         0x00003160   Section        0  hc32_ll_interrupts.o(i.IRQ016_Handler)
    i.IRQ017_Handler                         0x00003170   Section        0  hc32_ll_interrupts.o(i.IRQ017_Handler)
    i.IRQ018_Handler                         0x00003180   Section        0  hc32_ll_interrupts.o(i.IRQ018_Handler)
    i.IRQ019_Handler                         0x00003190   Section        0  hc32_ll_interrupts.o(i.IRQ019_Handler)
    i.IRQ020_Handler                         0x000031a0   Section        0  hc32_ll_interrupts.o(i.IRQ020_Handler)
    i.IRQ021_Handler                         0x000031b0   Section        0  hc32_ll_interrupts.o(i.IRQ021_Handler)
    i.IRQ022_Handler                         0x000031c0   Section        0  hc32_ll_interrupts.o(i.IRQ022_Handler)
    i.IRQ023_Handler                         0x000031d0   Section        0  hc32_ll_interrupts.o(i.IRQ023_Handler)
    i.IRQ024_Handler                         0x000031e0   Section        0  hc32_ll_interrupts.o(i.IRQ024_Handler)
    i.IRQ025_Handler                         0x000031f0   Section        0  hc32_ll_interrupts.o(i.IRQ025_Handler)
    i.IRQ026_Handler                         0x00003200   Section        0  hc32_ll_interrupts.o(i.IRQ026_Handler)
    i.IRQ027_Handler                         0x00003210   Section        0  hc32_ll_interrupts.o(i.IRQ027_Handler)
    i.IRQ028_Handler                         0x00003220   Section        0  hc32_ll_interrupts.o(i.IRQ028_Handler)
    i.IRQ029_Handler                         0x00003230   Section        0  hc32_ll_interrupts.o(i.IRQ029_Handler)
    i.IRQ030_Handler                         0x00003240   Section        0  hc32_ll_interrupts.o(i.IRQ030_Handler)
    i.IRQ031_Handler                         0x00003250   Section        0  hc32_ll_interrupts.o(i.IRQ031_Handler)
    i.IRQ032_Handler                         0x00003260   Section        0  hc32_ll_interrupts.o(i.IRQ032_Handler)
    i.IRQ033_Handler                         0x00003270   Section        0  hc32_ll_interrupts.o(i.IRQ033_Handler)
    i.IRQ034_Handler                         0x00003280   Section        0  hc32_ll_interrupts.o(i.IRQ034_Handler)
    i.IRQ035_Handler                         0x00003290   Section        0  hc32_ll_interrupts.o(i.IRQ035_Handler)
    i.IRQ036_Handler                         0x000032a0   Section        0  hc32_ll_interrupts.o(i.IRQ036_Handler)
    i.IRQ037_Handler                         0x000032b0   Section        0  hc32_ll_interrupts.o(i.IRQ037_Handler)
    i.IRQ038_Handler                         0x000032c0   Section        0  hc32_ll_interrupts.o(i.IRQ038_Handler)
    i.IRQ039_Handler                         0x000032d0   Section        0  hc32_ll_interrupts.o(i.IRQ039_Handler)
    i.IRQ040_Handler                         0x000032e0   Section        0  hc32_ll_interrupts.o(i.IRQ040_Handler)
    i.IRQ041_Handler                         0x000032f0   Section        0  hc32_ll_interrupts.o(i.IRQ041_Handler)
    i.IRQ042_Handler                         0x00003300   Section        0  hc32_ll_interrupts.o(i.IRQ042_Handler)
    i.IRQ043_Handler                         0x00003310   Section        0  hc32_ll_interrupts.o(i.IRQ043_Handler)
    i.IRQ044_Handler                         0x00003320   Section        0  hc32_ll_interrupts.o(i.IRQ044_Handler)
    i.IRQ045_Handler                         0x00003330   Section        0  hc32_ll_interrupts.o(i.IRQ045_Handler)
    i.IRQ046_Handler                         0x00003340   Section        0  hc32_ll_interrupts.o(i.IRQ046_Handler)
    i.IRQ047_Handler                         0x00003350   Section        0  hc32_ll_interrupts.o(i.IRQ047_Handler)
    i.IRQ048_Handler                         0x00003360   Section        0  hc32_ll_interrupts.o(i.IRQ048_Handler)
    i.IRQ049_Handler                         0x00003370   Section        0  hc32_ll_interrupts.o(i.IRQ049_Handler)
    i.IRQ050_Handler                         0x00003380   Section        0  hc32_ll_interrupts.o(i.IRQ050_Handler)
    i.IRQ051_Handler                         0x00003390   Section        0  hc32_ll_interrupts.o(i.IRQ051_Handler)
    i.IRQ052_Handler                         0x000033a0   Section        0  hc32_ll_interrupts.o(i.IRQ052_Handler)
    i.IRQ053_Handler                         0x000033b0   Section        0  hc32_ll_interrupts.o(i.IRQ053_Handler)
    i.IRQ054_Handler                         0x000033c0   Section        0  hc32_ll_interrupts.o(i.IRQ054_Handler)
    i.IRQ055_Handler                         0x000033d0   Section        0  hc32_ll_interrupts.o(i.IRQ055_Handler)
    i.IRQ056_Handler                         0x000033e0   Section        0  hc32_ll_interrupts.o(i.IRQ056_Handler)
    i.IRQ057_Handler                         0x000033f0   Section        0  hc32_ll_interrupts.o(i.IRQ057_Handler)
    i.IRQ058_Handler                         0x00003400   Section        0  hc32_ll_interrupts.o(i.IRQ058_Handler)
    i.IRQ059_Handler                         0x00003410   Section        0  hc32_ll_interrupts.o(i.IRQ059_Handler)
    i.IRQ060_Handler                         0x00003420   Section        0  hc32_ll_interrupts.o(i.IRQ060_Handler)
    i.IRQ061_Handler                         0x00003430   Section        0  hc32_ll_interrupts.o(i.IRQ061_Handler)
    i.IRQ062_Handler                         0x00003440   Section        0  hc32_ll_interrupts.o(i.IRQ062_Handler)
    i.IRQ063_Handler                         0x00003450   Section        0  hc32_ll_interrupts.o(i.IRQ063_Handler)
    i.IRQ064_Handler                         0x00003460   Section        0  hc32_ll_interrupts.o(i.IRQ064_Handler)
    i.IRQ065_Handler                         0x00003470   Section        0  hc32_ll_interrupts.o(i.IRQ065_Handler)
    i.IRQ066_Handler                         0x00003480   Section        0  hc32_ll_interrupts.o(i.IRQ066_Handler)
    i.IRQ067_Handler                         0x00003490   Section        0  hc32_ll_interrupts.o(i.IRQ067_Handler)
    i.IRQ068_Handler                         0x000034a0   Section        0  hc32_ll_interrupts.o(i.IRQ068_Handler)
    i.IRQ069_Handler                         0x000034b0   Section        0  hc32_ll_interrupts.o(i.IRQ069_Handler)
    i.IRQ070_Handler                         0x000034c0   Section        0  hc32_ll_interrupts.o(i.IRQ070_Handler)
    i.IRQ071_Handler                         0x000034d0   Section        0  hc32_ll_interrupts.o(i.IRQ071_Handler)
    i.IRQ072_Handler                         0x000034e0   Section        0  hc32_ll_interrupts.o(i.IRQ072_Handler)
    i.IRQ073_Handler                         0x000034f0   Section        0  hc32_ll_interrupts.o(i.IRQ073_Handler)
    i.IRQ074_Handler                         0x00003500   Section        0  hc32_ll_interrupts.o(i.IRQ074_Handler)
    i.IRQ075_Handler                         0x00003510   Section        0  hc32_ll_interrupts.o(i.IRQ075_Handler)
    i.IRQ076_Handler                         0x00003520   Section        0  hc32_ll_interrupts.o(i.IRQ076_Handler)
    i.IRQ077_Handler                         0x00003530   Section        0  hc32_ll_interrupts.o(i.IRQ077_Handler)
    i.IRQ078_Handler                         0x00003540   Section        0  hc32_ll_interrupts.o(i.IRQ078_Handler)
    i.IRQ079_Handler                         0x00003550   Section        0  hc32_ll_interrupts.o(i.IRQ079_Handler)
    i.IRQ080_Handler                         0x00003560   Section        0  hc32_ll_interrupts.o(i.IRQ080_Handler)
    i.IRQ081_Handler                         0x00003570   Section        0  hc32_ll_interrupts.o(i.IRQ081_Handler)
    i.IRQ082_Handler                         0x00003580   Section        0  hc32_ll_interrupts.o(i.IRQ082_Handler)
    i.IRQ083_Handler                         0x00003590   Section        0  hc32_ll_interrupts.o(i.IRQ083_Handler)
    i.IRQ084_Handler                         0x000035a0   Section        0  hc32_ll_interrupts.o(i.IRQ084_Handler)
    i.IRQ085_Handler                         0x000035b0   Section        0  hc32_ll_interrupts.o(i.IRQ085_Handler)
    i.IRQ086_Handler                         0x000035c0   Section        0  hc32_ll_interrupts.o(i.IRQ086_Handler)
    i.IRQ087_Handler                         0x000035d0   Section        0  hc32_ll_interrupts.o(i.IRQ087_Handler)
    i.IRQ088_Handler                         0x000035e0   Section        0  hc32_ll_interrupts.o(i.IRQ088_Handler)
    i.IRQ089_Handler                         0x000035f0   Section        0  hc32_ll_interrupts.o(i.IRQ089_Handler)
    i.IRQ090_Handler                         0x00003600   Section        0  hc32_ll_interrupts.o(i.IRQ090_Handler)
    i.IRQ091_Handler                         0x00003610   Section        0  hc32_ll_interrupts.o(i.IRQ091_Handler)
    i.IRQ092_Handler                         0x00003620   Section        0  hc32_ll_interrupts.o(i.IRQ092_Handler)
    i.IRQ093_Handler                         0x00003630   Section        0  hc32_ll_interrupts.o(i.IRQ093_Handler)
    i.IRQ094_Handler                         0x00003640   Section        0  hc32_ll_interrupts.o(i.IRQ094_Handler)
    i.IRQ095_Handler                         0x00003650   Section        0  hc32_ll_interrupts.o(i.IRQ095_Handler)
    i.IRQ096_Handler                         0x00003660   Section        0  hc32_ll_interrupts.o(i.IRQ096_Handler)
    i.IRQ097_Handler                         0x00003670   Section        0  hc32_ll_interrupts.o(i.IRQ097_Handler)
    i.IRQ098_Handler                         0x00003680   Section        0  hc32_ll_interrupts.o(i.IRQ098_Handler)
    i.IRQ099_Handler                         0x00003690   Section        0  hc32_ll_interrupts.o(i.IRQ099_Handler)
    i.IRQ100_Handler                         0x000036a0   Section        0  hc32_ll_interrupts.o(i.IRQ100_Handler)
    i.IRQ101_Handler                         0x000036b0   Section        0  hc32_ll_interrupts.o(i.IRQ101_Handler)
    i.IRQ102_Handler                         0x000036c0   Section        0  hc32_ll_interrupts.o(i.IRQ102_Handler)
    i.IRQ103_Handler                         0x000036d0   Section        0  hc32_ll_interrupts.o(i.IRQ103_Handler)
    i.IRQ104_Handler                         0x000036e0   Section        0  hc32_ll_interrupts.o(i.IRQ104_Handler)
    i.IRQ105_Handler                         0x000036f0   Section        0  hc32_ll_interrupts.o(i.IRQ105_Handler)
    i.IRQ106_Handler                         0x00003700   Section        0  hc32_ll_interrupts.o(i.IRQ106_Handler)
    i.IRQ107_Handler                         0x00003710   Section        0  hc32_ll_interrupts.o(i.IRQ107_Handler)
    i.IRQ108_Handler                         0x00003720   Section        0  hc32_ll_interrupts.o(i.IRQ108_Handler)
    i.IRQ109_Handler                         0x00003730   Section        0  hc32_ll_interrupts.o(i.IRQ109_Handler)
    i.IRQ110_Handler                         0x00003740   Section        0  hc32_ll_interrupts.o(i.IRQ110_Handler)
    i.IRQ111_Handler                         0x00003750   Section        0  hc32_ll_interrupts.o(i.IRQ111_Handler)
    i.IRQ112_Handler                         0x00003760   Section        0  hc32_ll_interrupts.o(i.IRQ112_Handler)
    i.IRQ113_Handler                         0x00003770   Section        0  hc32_ll_interrupts.o(i.IRQ113_Handler)
    i.IRQ114_Handler                         0x00003780   Section        0  hc32_ll_interrupts.o(i.IRQ114_Handler)
    i.IRQ115_Handler                         0x00003790   Section        0  hc32_ll_interrupts.o(i.IRQ115_Handler)
    i.IRQ116_Handler                         0x000037a0   Section        0  hc32_ll_interrupts.o(i.IRQ116_Handler)
    i.IRQ117_Handler                         0x000037b0   Section        0  hc32_ll_interrupts.o(i.IRQ117_Handler)
    i.IRQ118_Handler                         0x000037c0   Section        0  hc32_ll_interrupts.o(i.IRQ118_Handler)
    i.IRQ119_Handler                         0x000037d0   Section        0  hc32_ll_interrupts.o(i.IRQ119_Handler)
    i.IRQ120_Handler                         0x000037e0   Section        0  hc32_ll_interrupts.o(i.IRQ120_Handler)
    i.IRQ121_Handler                         0x000037f0   Section        0  hc32_ll_interrupts.o(i.IRQ121_Handler)
    i.IRQ122_Handler                         0x00003800   Section        0  hc32_ll_interrupts.o(i.IRQ122_Handler)
    i.IRQ123_Handler                         0x00003810   Section        0  hc32_ll_interrupts.o(i.IRQ123_Handler)
    i.IRQ124_Handler                         0x00003820   Section        0  hc32_ll_interrupts.o(i.IRQ124_Handler)
    i.IRQ125_Handler                         0x00003830   Section        0  hc32_ll_interrupts.o(i.IRQ125_Handler)
    i.IRQ126_Handler                         0x00003840   Section        0  hc32_ll_interrupts.o(i.IRQ126_Handler)
    i.IRQ127_Handler                         0x00003850   Section        0  hc32_ll_interrupts.o(i.IRQ127_Handler)
    i.KEYSCAN_Cmd                            0x00003860   Section        0  hc32_ll_keyscan.o(i.KEYSCAN_Cmd)
    i.KEYSCAN_Init                           0x000038c4   Section        0  hc32_ll_keyscan.o(i.KEYSCAN_Init)
    i.KEYSCAN_StructInit                     0x00003ac4   Section        0  hc32_ll_keyscan.o(i.KEYSCAN_StructInit)
    i.LL_PERIPH_WE                           0x00003ae8   Section        0  hc32_ll.o(i.LL_PERIPH_WE)
    i.LL_PERIPH_WP                           0x00003b78   Section        0  hc32_ll.o(i.LL_PERIPH_WP)
    i.Master_Initialize                      0x00003c00   Section        0  main.o(i.Master_Initialize)
    Master_Initialize                        0x00003c01   Thumb Code    52  main.o(i.Master_Initialize)
    i.PWC_HighSpeedToHighPerformance         0x00003c3c   Section        0  hc32_ll_pwc.o(i.PWC_HighSpeedToHighPerformance)
    i.PWC_REG_Lock                           0x00003cc0   Section        0  hc32_ll.o(i.PWC_REG_Lock)
    PWC_REG_Lock                             0x00003cc1   Thumb Code    18  hc32_ll.o(i.PWC_REG_Lock)
    i.PWC_REG_Unlock                         0x00003cdc   Section        0  hc32_ll.o(i.PWC_REG_Unlock)
    PWC_REG_Unlock                           0x00003cdd   Thumb Code    14  hc32_ll.o(i.PWC_REG_Unlock)
    i.SRAM_SetWaitCycle                      0x00003cf4   Section        0  hc32_ll_sram.o(i.SRAM_SetWaitCycle)
    i.SetSysClockDiv                         0x00003dec   Section        0  hc32_ll_clk.o(i.SetSysClockDiv)
    SetSysClockDiv                           0x00003ded   Thumb Code   820  hc32_ll_clk.o(i.SetSysClockDiv)
    i.SetSysClockSrc                         0x00004174   Section        0  hc32_ll_clk.o(i.SetSysClockSrc)
    SetSysClockSrc                           0x00004175   Thumb Code   270  hc32_ll_clk.o(i.SetSysClockSrc)
    i.SystemCoreClockUpdate                  0x000042d4   Section        0  system_hc32f460.o(i.SystemCoreClockUpdate)
    i.SystemInit                             0x000043a0   Section        0  system_hc32f460.o(i.SystemInit)
    i.__scatterload_copy                     0x000043b4   Section       14  handlers.o(i.__scatterload_copy)
    i.__scatterload_null                     0x000043c2   Section        2  handlers.o(i.__scatterload_null)
    i.__scatterload_zeroinit                 0x000043c4   Section       14  handlers.o(i.__scatterload_zeroinit)
    i.main                                   0x000043d4   Section        0  main.o(i.main)
    .constdata                               0x00004454   Section       92  ev_hc32f460_lqfp100_v2.o(.constdata)
    BSP_LED_PORT_PIN                         0x00004454   Data          16  ev_hc32f460_lqfp100_v2.o(.constdata)
    BSP_KEYOUT_PORT_PIN                      0x00004464   Data          12  ev_hc32f460_lqfp100_v2.o(.constdata)
    BSP_KEYIN_PORT_PIN                       0x00004470   Data          64  ev_hc32f460_lqfp100_v2.o(.constdata)
    .conststring                             0x000044b0   Section       66  hc32_ll_interrupts.o(.conststring)
    .data                                    0x1fff8000   Section        8  system_hc32f460.o(.data)
    .data                                    0x1fff8008   Section        4  ev_hc32f460_lqfp100_v2.o(.data)
    m_u32GlobalKey                           0x1fff8008   Data           4  ev_hc32f460_lqfp100_v2.o(.data)
    .bss                                     0x1fff800c   Section      512  main.o(.bss)
    u8TxBuf                                  0x1fff800c   Data         256  main.o(.bss)
    u8RxBuf                                  0x1fff810c   Data         256  main.o(.bss)
    .bss                                     0x1fff820c   Section      512  hc32_ll_interrupts.o(.bss)
    m_apfnIrqHandler                         0x1fff820c   Data         512  hc32_ll_interrupts.o(.bss)
    STACK                                    0x1fff8410   Section     3072  startup_hc32f460.o(STACK)

    Global Symbols

    Symbol Name                              Value     Ov Type        Size  Object(Section)

    BuildAttributes$$THM_ISAv4$E$P$D$K$B$S$7EM$PE$A:L22UL41UL21$X:L11$S22US41US21$IEEE1$IW$USESV6$~STKCKD$USESV7$~SHL$OTIME$ROPI$EBA8$MICROLIB$REQ8$PRES8$EABIv2 0x00000000   Number         0  anon$$obj.o ABSOLUTE
    __ARM_use_no_argv                        0x00000000   Number         0  main.o ABSOLUTE
    __Vectors                                0x00000000   Data           4  startup_hc32f460.o(RESET)
    __cpp_initialize__aeabi_                  - Undefined Weak Reference
    __cxa_finalize                            - Undefined Weak Reference
    __decompress                              - Undefined Weak Reference
    _clock_init                               - Undefined Weak Reference
    _microlib_exit                            - Undefined Weak Reference
    __Vectors_End                            0x00000280   Data           0  startup_hc32f460.o(RESET)
    __Vectors_Size                           0x00000280   Number         0  startup_hc32f460.o ABSOLUTE
    __main                                   0x00000281   Thumb Code     0  entry.o(.ARM.Collect$$$$00000000)
    _main_stk                                0x00000281   Thumb Code     0  entry2.o(.ARM.Collect$$$$00000001)
    _main_scatterload                        0x00000285   Thumb Code     0  entry5.o(.ARM.Collect$$$$00000004)
    __main_after_scatterload                 0x00000289   Thumb Code     0  entry5.o(.ARM.Collect$$$$00000004)
    _main_clock                              0x00000289   Thumb Code     0  entry7b.o(.ARM.Collect$$$$00000008)
    _main_cpp_init                           0x00000289   Thumb Code     0  entry8b.o(.ARM.Collect$$$$0000000A)
    _main_init                               0x00000289   Thumb Code     0  entry9a.o(.ARM.Collect$$$$0000000B)
    __rt_final_cpp                           0x00000291   Thumb Code     0  entry10a.o(.ARM.Collect$$$$0000000D)
    __rt_final_exit                          0x00000291   Thumb Code     0  entry11a.o(.ARM.Collect$$$$0000000F)
    Reset_Handler                            0x00000295   Thumb Code    48  startup_hc32f460.o(.text)
    NMI_Handler                              0x000002c5   Thumb Code     2  startup_hc32f460.o(.text)
    HardFault_Handler                        0x000002c7   Thumb Code     2  startup_hc32f460.o(.text)
    MemManage_Handler                        0x000002c9   Thumb Code     2  startup_hc32f460.o(.text)
    BusFault_Handler                         0x000002cb   Thumb Code     2  startup_hc32f460.o(.text)
    UsageFault_Handler                       0x000002cd   Thumb Code     2  startup_hc32f460.o(.text)
    SVC_Handler                              0x000002cf   Thumb Code     2  startup_hc32f460.o(.text)
    DebugMon_Handler                         0x000002d1   Thumb Code     2  startup_hc32f460.o(.text)
    PendSV_Handler                           0x000002d3   Thumb Code     2  startup_hc32f460.o(.text)
    SysTick_Handler                          0x000002d5   Thumb Code     2  startup_hc32f460.o(.text)
    IRQ128_Handler                           0x000002d7   Thumb Code     0  startup_hc32f460.o(.text)
    IRQ129_Handler                           0x000002d7   Thumb Code     0  startup_hc32f460.o(.text)
    IRQ130_Handler                           0x000002d7   Thumb Code     0  startup_hc32f460.o(.text)
    IRQ131_Handler                           0x000002d7   Thumb Code     0  startup_hc32f460.o(.text)
    IRQ132_Handler                           0x000002d7   Thumb Code     0  startup_hc32f460.o(.text)
    IRQ133_Handler                           0x000002d7   Thumb Code     0  startup_hc32f460.o(.text)
    IRQ134_Handler                           0x000002d7   Thumb Code     0  startup_hc32f460.o(.text)
    IRQ135_Handler                           0x000002d7   Thumb Code     0  startup_hc32f460.o(.text)
    IRQ136_Handler                           0x000002d7   Thumb Code     0  startup_hc32f460.o(.text)
    IRQ137_Handler                           0x000002d7   Thumb Code     0  startup_hc32f460.o(.text)
    IRQ138_Handler                           0x000002d7   Thumb Code     0  startup_hc32f460.o(.text)
    IRQ139_Handler                           0x000002d7   Thumb Code     0  startup_hc32f460.o(.text)
    IRQ140_Handler                           0x000002d7   Thumb Code     0  startup_hc32f460.o(.text)
    IRQ141_Handler                           0x000002d7   Thumb Code     0  startup_hc32f460.o(.text)
    IRQ142_Handler                           0x000002d7   Thumb Code     0  startup_hc32f460.o(.text)
    IRQ143_Handler                           0x000002d7   Thumb Code     0  startup_hc32f460.o(.text)
    __aeabi_memset                           0x000002ed   Thumb Code    14  memseta.o(.text)
    __aeabi_memset4                          0x000002ed   Thumb Code     0  memseta.o(.text)
    __aeabi_memset8                          0x000002ed   Thumb Code     0  memseta.o(.text)
    __aeabi_memclr                           0x000002fb   Thumb Code     4  memseta.o(.text)
    __aeabi_memclr4                          0x000002fb   Thumb Code     0  memseta.o(.text)
    __aeabi_memclr8                          0x000002fb   Thumb Code     0  memseta.o(.text)
    _memset$wrapper                          0x000002ff   Thumb Code    18  memseta.o(.text)
    __aeabi_fadd                             0x00000311   Thumb Code   164  fadd.o(.text)
    __aeabi_fsub                             0x000003b5   Thumb Code     6  fadd.o(.text)
    __aeabi_frsub                            0x000003bb   Thumb Code     6  fadd.o(.text)
    __aeabi_ui2f                             0x000003c1   Thumb Code    10  ffltui.o(.text)
    __aeabi_i2d                              0x000003cb   Thumb Code    34  dflti.o(.text)
    __aeabi_cfcmpeq                          0x000003ed   Thumb Code     0  cfcmple.o(.text)
    __aeabi_cfcmple                          0x000003ed   Thumb Code    20  cfcmple.o(.text)
    u32ICGValue                              0x00000400   Data          32  hc32_ll_icg.o(.ARM.__AT_0x00000400)
    __aeabi_fmul                             0x00000421   Thumb Code   100  fmul.o(.text)
    __aeabi_fdiv                             0x00000485   Thumb Code   124  fdiv.o(.text)
    __aeabi_dadd                             0x00000501   Thumb Code   322  dadd.o(.text)
    __aeabi_dsub                             0x00000643   Thumb Code     6  dadd.o(.text)
    __aeabi_drsub                            0x00000649   Thumb Code     6  dadd.o(.text)
    __aeabi_dmul                             0x0000064f   Thumb Code   228  dmul.o(.text)
    __aeabi_ddiv                             0x00000733   Thumb Code   222  ddiv.o(.text)
    __aeabi_f2uiz                            0x00000811   Thumb Code    40  ffixui.o(.text)
    __aeabi_d2f                              0x00000839   Thumb Code    56  d2f.o(.text)
    __aeabi_cfrcmple                         0x00000871   Thumb Code    20  cfrcmple.o(.text)
    __aeabi_llsl                             0x00000885   Thumb Code    30  llshl.o(.text)
    _ll_shift_l                              0x00000885   Thumb Code     0  llshl.o(.text)
    __aeabi_lasr                             0x000008a3   Thumb Code    36  llsshr.o(.text)
    _ll_sshift_r                             0x000008a3   Thumb Code     0  llsshr.o(.text)
    __I$use$fp                               0x000008c7   Thumb Code     0  iusefp.o(.text)
    _float_round                             0x000008c7   Thumb Code    18  fepilogue.o(.text)
    _float_epilogue                          0x000008d9   Thumb Code    92  fepilogue.o(.text)
    _double_round                            0x00000935   Thumb Code    30  depilogue.o(.text)
    _double_epilogue                         0x00000953   Thumb Code   156  depilogue.o(.text)
    __scatterload                            0x000009f1   Thumb Code    28  init.o(.text)
    __scatterload_rt2                        0x000009f1   Thumb Code     0  init.o(.text)
    __aeabi_llsr                             0x00000a15   Thumb Code    32  llushr.o(.text)
    _ll_ushift_r                             0x00000a15   Thumb Code     0  llushr.o(.text)
    main                                     0x00000a35   Thumb Code    14  system_hc32f460.o(i.$Sub$$main)
    AHT10_Init                               0x00000a43   Thumb Code    78  main.o(i.AHT10_Init)
    AHT10_Read_Data                          0x00000a91   Thumb Code    22  main.o(i.AHT10_Read_Data)
    AHT10_Read_Humidity                      0x00000aa9   Thumb Code   122  main.o(i.AHT10_Read_Humidity)
    AHT10_Read_Temperature                   0x00000b2d   Thumb Code   136  main.o(i.AHT10_Read_Temperature)
    AHT10_Write_Data                         0x00000bc1   Thumb Code    40  main.o(i.AHT10_Write_Data)
    BSP_CLK_Init                             0x00000be9   Thumb Code   188  ev_hc32f460_lqfp100_v2.o(i.BSP_CLK_Init)
    BSP_KEY_Init                             0x00000d29   Thumb Code    42  ev_hc32f460_lqfp100_v2.o(i.BSP_KEY_Init)
    BSP_KEY_KEY10_IrqHandler                 0x00000d59   Thumb Code    36  ev_hc32f460_lqfp100_v2.o(i.BSP_KEY_KEY10_IrqHandler)
    BSP_LED_Init                             0x00000f8d   Thumb Code    52  ev_hc32f460_lqfp100_v2.o(i.BSP_LED_Init)
    BSP_LED_Toggle                           0x00000fc5   Thumb Code    46  ev_hc32f460_lqfp100_v2.o(i.BSP_LED_Toggle)
    CLK_GetStableStatus                      0x00001011   Thumb Code    46  hc32_ll_clk.o(i.CLK_GetStableStatus)
    CLK_LrcCmd                               0x00001081   Thumb Code   102  hc32_ll_clk.o(i.CLK_LrcCmd)
    CLK_PLLCmd                               0x0000112d   Thumb Code   146  hc32_ll_clk.o(i.CLK_PLLCmd)
    CLK_PLLInit                              0x00001205   Thumb Code   596  hc32_ll_clk.o(i.CLK_PLLInit)
    CLK_PLLStructInit                        0x000014b9   Thumb Code    82  hc32_ll_clk.o(i.CLK_PLLStructInit)
    CLK_SetClockDiv                          0x0000150b   Thumb Code    20  hc32_ll_clk.o(i.CLK_SetClockDiv)
    CLK_SetSysClockSrc                       0x0000151f   Thumb Code    16  hc32_ll_clk.o(i.CLK_SetSysClockSrc)
    CLK_XtalCmd                              0x00001561   Thumb Code   144  hc32_ll_clk.o(i.CLK_XtalCmd)
    CLK_XtalInit                             0x00001635   Thumb Code   272  hc32_ll_clk.o(i.CLK_XtalInit)
    CLK_XtalStructInit                       0x00001789   Thumb Code    30  hc32_ll_clk.o(i.CLK_XtalStructInit)
    DDL_AssertHandler                        0x000017a7   Thumb Code     4  hc32_ll_utility.o(i.DDL_AssertHandler)
    DDL_DelayMS                              0x000017ad   Thumb Code    54  hc32_ll_utility.o(i.DDL_DelayMS)
    DDL_DelayUS                              0x000017ed   Thumb Code    52  hc32_ll_utility.o(i.DDL_DelayUS)
    EFM_SetWaitCycle                         0x0000182d   Thumb Code   126  hc32_ll_efm.o(i.EFM_SetWaitCycle)
    EXTINT_ClearExtIntStatus                 0x000018f5   Thumb Code    48  hc32_ll_interrupts.o(i.EXTINT_ClearExtIntStatus)
    EXTINT_GetExtIntStatus                   0x0000192d   Thumb Code    52  hc32_ll_interrupts.o(i.EXTINT_GetExtIntStatus)
    EXTINT_Init                              0x00001969   Thumb Code   204  hc32_ll_interrupts.o(i.EXTINT_Init)
    EXTINT_StructInit                        0x00001a3d   Thumb Code    20  hc32_ll_interrupts.o(i.EXTINT_StructInit)
    FCG_Fcg0PeriphClockCmd                   0x00001a51   Thumb Code   104  hc32_ll_fcg.o(i.FCG_Fcg0PeriphClockCmd)
    FCG_Fcg1PeriphClockCmd                   0x00001afd   Thumb Code    80  hc32_ll_fcg.o(i.FCG_Fcg1PeriphClockCmd)
    GPIO_Init                                0x00001b91   Thumb Code   456  hc32_ll_gpio.o(i.GPIO_Init)
    GPIO_ReadInputPins                       0x00001d99   Thumb Code    88  hc32_ll_gpio.o(i.GPIO_ReadInputPins)
    GPIO_SetFunc                             0x00001e31   Thumb Code   164  hc32_ll_gpio.o(i.GPIO_SetFunc)
    GPIO_SetReadWaitCycle                    0x00001f15   Thumb Code    90  hc32_ll_gpio.o(i.GPIO_SetReadWaitCycle)
    GPIO_StructInit                          0x00001fb1   Thumb Code    32  hc32_ll_gpio.o(i.GPIO_StructInit)
    GPIO_TogglePins                          0x00001fd1   Thumb Code    82  hc32_ll_gpio.o(i.GPIO_TogglePins)
    I2C_AckConfig                            0x00002065   Thumb Code    80  hc32_ll_i2c.o(i.I2C_AckConfig)
    I2C_BaudrateConfig                       0x000020fd   Thumb Code   514  hc32_ll_i2c.o(i.I2C_BaudrateConfig)
    I2C_BusWaitCmd                           0x00002359   Thumb Code    86  hc32_ll_i2c.o(i.I2C_BusWaitCmd)
    I2C_ClearStatus                          0x000023f9   Thumb Code    72  hc32_ll_i2c.o(i.I2C_ClearStatus)
    I2C_Cmd                                  0x0000248d   Thumb Code    72  hc32_ll_i2c.o(i.I2C_Cmd)
    I2C_DeInit                               0x0000251d   Thumb Code    56  hc32_ll_i2c.o(i.I2C_DeInit)
    I2C_GenerateStart                        0x0000259d   Thumb Code    46  hc32_ll_i2c.o(i.I2C_GenerateStart)
    I2C_GenerateStop                         0x00002615   Thumb Code    46  hc32_ll_i2c.o(i.I2C_GenerateStop)
    I2C_GetStatus                            0x0000268d   Thumb Code    82  hc32_ll_i2c.o(i.I2C_GetStatus)
    I2C_Init                                 0x0000272d   Thumb Code   168  hc32_ll_i2c.o(i.I2C_Init)
    I2C_MasterReceiveDataAndStop             0x00002821   Thumb Code   218  hc32_ll_i2c.o(i.I2C_MasterReceiveDataAndStop)
    I2C_ReadData                             0x00002a2d   Thumb Code    44  hc32_ll_i2c.o(i.I2C_ReadData)
    I2C_SWResetCmd                           0x00002aa1   Thumb Code    72  hc32_ll_i2c.o(i.I2C_SWResetCmd)
    I2C_Start                                0x00002b31   Thumb Code    82  hc32_ll_i2c.o(i.I2C_Start)
    I2C_Stop                                 0x00002bd1   Thumb Code    92  hc32_ll_i2c.o(i.I2C_Stop)
    I2C_StructInit                           0x00002c75   Thumb Code    24  hc32_ll_i2c.o(i.I2C_StructInit)
    I2C_TransAddr                            0x00002c8d   Thumb Code   174  hc32_ll_i2c.o(i.I2C_TransAddr)
    I2C_TransData                            0x00002d85   Thumb Code   140  hc32_ll_i2c.o(i.I2C_TransData)
    I2C_WaitStatus                           0x00002e59   Thumb Code   144  hc32_ll_i2c.o(i.I2C_WaitStatus)
    I2C_WriteData                            0x00002f35   Thumb Code    46  hc32_ll_i2c.o(i.I2C_WriteData)
    INTC_IrqSignIn                           0x00002fad   Thumb Code   168  hc32_ll_interrupts.o(i.INTC_IrqSignIn)
    IRQ000_Handler                           0x00003061   Thumb Code    10  hc32_ll_interrupts.o(i.IRQ000_Handler)
    IRQ001_Handler                           0x00003071   Thumb Code    10  hc32_ll_interrupts.o(i.IRQ001_Handler)
    IRQ002_Handler                           0x00003081   Thumb Code    10  hc32_ll_interrupts.o(i.IRQ002_Handler)
    IRQ003_Handler                           0x00003091   Thumb Code    10  hc32_ll_interrupts.o(i.IRQ003_Handler)
    IRQ004_Handler                           0x000030a1   Thumb Code    10  hc32_ll_interrupts.o(i.IRQ004_Handler)
    IRQ005_Handler                           0x000030b1   Thumb Code    10  hc32_ll_interrupts.o(i.IRQ005_Handler)
    IRQ006_Handler                           0x000030c1   Thumb Code    10  hc32_ll_interrupts.o(i.IRQ006_Handler)
    IRQ007_Handler                           0x000030d1   Thumb Code    10  hc32_ll_interrupts.o(i.IRQ007_Handler)
    IRQ008_Handler                           0x000030e1   Thumb Code    10  hc32_ll_interrupts.o(i.IRQ008_Handler)
    IRQ009_Handler                           0x000030f1   Thumb Code    10  hc32_ll_interrupts.o(i.IRQ009_Handler)
    IRQ010_Handler                           0x00003101   Thumb Code    10  hc32_ll_interrupts.o(i.IRQ010_Handler)
    IRQ011_Handler                           0x00003111   Thumb Code    10  hc32_ll_interrupts.o(i.IRQ011_Handler)
    IRQ012_Handler                           0x00003121   Thumb Code    10  hc32_ll_interrupts.o(i.IRQ012_Handler)
    IRQ013_Handler                           0x00003131   Thumb Code    10  hc32_ll_interrupts.o(i.IRQ013_Handler)
    IRQ014_Handler                           0x00003141   Thumb Code    10  hc32_ll_interrupts.o(i.IRQ014_Handler)
    IRQ015_Handler                           0x00003151   Thumb Code    10  hc32_ll_interrupts.o(i.IRQ015_Handler)
    IRQ016_Handler                           0x00003161   Thumb Code    10  hc32_ll_interrupts.o(i.IRQ016_Handler)
    IRQ017_Handler                           0x00003171   Thumb Code    10  hc32_ll_interrupts.o(i.IRQ017_Handler)
    IRQ018_Handler                           0x00003181   Thumb Code    10  hc32_ll_interrupts.o(i.IRQ018_Handler)
    IRQ019_Handler                           0x00003191   Thumb Code    10  hc32_ll_interrupts.o(i.IRQ019_Handler)
    IRQ020_Handler                           0x000031a1   Thumb Code    10  hc32_ll_interrupts.o(i.IRQ020_Handler)
    IRQ021_Handler                           0x000031b1   Thumb Code    10  hc32_ll_interrupts.o(i.IRQ021_Handler)
    IRQ022_Handler                           0x000031c1   Thumb Code    10  hc32_ll_interrupts.o(i.IRQ022_Handler)
    IRQ023_Handler                           0x000031d1   Thumb Code    10  hc32_ll_interrupts.o(i.IRQ023_Handler)
    IRQ024_Handler                           0x000031e1   Thumb Code    10  hc32_ll_interrupts.o(i.IRQ024_Handler)
    IRQ025_Handler                           0x000031f1   Thumb Code    10  hc32_ll_interrupts.o(i.IRQ025_Handler)
    IRQ026_Handler                           0x00003201   Thumb Code    10  hc32_ll_interrupts.o(i.IRQ026_Handler)
    IRQ027_Handler                           0x00003211   Thumb Code    10  hc32_ll_interrupts.o(i.IRQ027_Handler)
    IRQ028_Handler                           0x00003221   Thumb Code    10  hc32_ll_interrupts.o(i.IRQ028_Handler)
    IRQ029_Handler                           0x00003231   Thumb Code    10  hc32_ll_interrupts.o(i.IRQ029_Handler)
    IRQ030_Handler                           0x00003241   Thumb Code    10  hc32_ll_interrupts.o(i.IRQ030_Handler)
    IRQ031_Handler                           0x00003251   Thumb Code    10  hc32_ll_interrupts.o(i.IRQ031_Handler)
    IRQ032_Handler                           0x00003261   Thumb Code    12  hc32_ll_interrupts.o(i.IRQ032_Handler)
    IRQ033_Handler                           0x00003271   Thumb Code    12  hc32_ll_interrupts.o(i.IRQ033_Handler)
    IRQ034_Handler                           0x00003281   Thumb Code    12  hc32_ll_interrupts.o(i.IRQ034_Handler)
    IRQ035_Handler                           0x00003291   Thumb Code    12  hc32_ll_interrupts.o(i.IRQ035_Handler)
    IRQ036_Handler                           0x000032a1   Thumb Code    12  hc32_ll_interrupts.o(i.IRQ036_Handler)
    IRQ037_Handler                           0x000032b1   Thumb Code    12  hc32_ll_interrupts.o(i.IRQ037_Handler)
    IRQ038_Handler                           0x000032c1   Thumb Code    12  hc32_ll_interrupts.o(i.IRQ038_Handler)
    IRQ039_Handler                           0x000032d1   Thumb Code    12  hc32_ll_interrupts.o(i.IRQ039_Handler)
    IRQ040_Handler                           0x000032e1   Thumb Code    12  hc32_ll_interrupts.o(i.IRQ040_Handler)
    IRQ041_Handler                           0x000032f1   Thumb Code    12  hc32_ll_interrupts.o(i.IRQ041_Handler)
    IRQ042_Handler                           0x00003301   Thumb Code    12  hc32_ll_interrupts.o(i.IRQ042_Handler)
    IRQ043_Handler                           0x00003311   Thumb Code    12  hc32_ll_interrupts.o(i.IRQ043_Handler)
    IRQ044_Handler                           0x00003321   Thumb Code    12  hc32_ll_interrupts.o(i.IRQ044_Handler)
    IRQ045_Handler                           0x00003331   Thumb Code    12  hc32_ll_interrupts.o(i.IRQ045_Handler)
    IRQ046_Handler                           0x00003341   Thumb Code    12  hc32_ll_interrupts.o(i.IRQ046_Handler)
    IRQ047_Handler                           0x00003351   Thumb Code    12  hc32_ll_interrupts.o(i.IRQ047_Handler)
    IRQ048_Handler                           0x00003361   Thumb Code    12  hc32_ll_interrupts.o(i.IRQ048_Handler)
    IRQ049_Handler                           0x00003371   Thumb Code    12  hc32_ll_interrupts.o(i.IRQ049_Handler)
    IRQ050_Handler                           0x00003381   Thumb Code    12  hc32_ll_interrupts.o(i.IRQ050_Handler)
    IRQ051_Handler                           0x00003391   Thumb Code    12  hc32_ll_interrupts.o(i.IRQ051_Handler)
    IRQ052_Handler                           0x000033a1   Thumb Code    12  hc32_ll_interrupts.o(i.IRQ052_Handler)
    IRQ053_Handler                           0x000033b1   Thumb Code    12  hc32_ll_interrupts.o(i.IRQ053_Handler)
    IRQ054_Handler                           0x000033c1   Thumb Code    12  hc32_ll_interrupts.o(i.IRQ054_Handler)
    IRQ055_Handler                           0x000033d1   Thumb Code    12  hc32_ll_interrupts.o(i.IRQ055_Handler)
    IRQ056_Handler                           0x000033e1   Thumb Code    12  hc32_ll_interrupts.o(i.IRQ056_Handler)
    IRQ057_Handler                           0x000033f1   Thumb Code    12  hc32_ll_interrupts.o(i.IRQ057_Handler)
    IRQ058_Handler                           0x00003401   Thumb Code    12  hc32_ll_interrupts.o(i.IRQ058_Handler)
    IRQ059_Handler                           0x00003411   Thumb Code    12  hc32_ll_interrupts.o(i.IRQ059_Handler)
    IRQ060_Handler                           0x00003421   Thumb Code    12  hc32_ll_interrupts.o(i.IRQ060_Handler)
    IRQ061_Handler                           0x00003431   Thumb Code    12  hc32_ll_interrupts.o(i.IRQ061_Handler)
    IRQ062_Handler                           0x00003441   Thumb Code    12  hc32_ll_interrupts.o(i.IRQ062_Handler)
    IRQ063_Handler                           0x00003451   Thumb Code    12  hc32_ll_interrupts.o(i.IRQ063_Handler)
    IRQ064_Handler                           0x00003461   Thumb Code    12  hc32_ll_interrupts.o(i.IRQ064_Handler)
    IRQ065_Handler                           0x00003471   Thumb Code    12  hc32_ll_interrupts.o(i.IRQ065_Handler)
    IRQ066_Handler                           0x00003481   Thumb Code    12  hc32_ll_interrupts.o(i.IRQ066_Handler)
    IRQ067_Handler                           0x00003491   Thumb Code    12  hc32_ll_interrupts.o(i.IRQ067_Handler)
    IRQ068_Handler                           0x000034a1   Thumb Code    12  hc32_ll_interrupts.o(i.IRQ068_Handler)
    IRQ069_Handler                           0x000034b1   Thumb Code    12  hc32_ll_interrupts.o(i.IRQ069_Handler)
    IRQ070_Handler                           0x000034c1   Thumb Code    12  hc32_ll_interrupts.o(i.IRQ070_Handler)
    IRQ071_Handler                           0x000034d1   Thumb Code    12  hc32_ll_interrupts.o(i.IRQ071_Handler)
    IRQ072_Handler                           0x000034e1   Thumb Code    12  hc32_ll_interrupts.o(i.IRQ072_Handler)
    IRQ073_Handler                           0x000034f1   Thumb Code    12  hc32_ll_interrupts.o(i.IRQ073_Handler)
    IRQ074_Handler                           0x00003501   Thumb Code    12  hc32_ll_interrupts.o(i.IRQ074_Handler)
    IRQ075_Handler                           0x00003511   Thumb Code    12  hc32_ll_interrupts.o(i.IRQ075_Handler)
    IRQ076_Handler                           0x00003521   Thumb Code    12  hc32_ll_interrupts.o(i.IRQ076_Handler)
    IRQ077_Handler                           0x00003531   Thumb Code    12  hc32_ll_interrupts.o(i.IRQ077_Handler)
    IRQ078_Handler                           0x00003541   Thumb Code    12  hc32_ll_interrupts.o(i.IRQ078_Handler)
    IRQ079_Handler                           0x00003551   Thumb Code    12  hc32_ll_interrupts.o(i.IRQ079_Handler)
    IRQ080_Handler                           0x00003561   Thumb Code    12  hc32_ll_interrupts.o(i.IRQ080_Handler)
    IRQ081_Handler                           0x00003571   Thumb Code    12  hc32_ll_interrupts.o(i.IRQ081_Handler)
    IRQ082_Handler                           0x00003581   Thumb Code    12  hc32_ll_interrupts.o(i.IRQ082_Handler)
    IRQ083_Handler                           0x00003591   Thumb Code    12  hc32_ll_interrupts.o(i.IRQ083_Handler)
    IRQ084_Handler                           0x000035a1   Thumb Code    12  hc32_ll_interrupts.o(i.IRQ084_Handler)
    IRQ085_Handler                           0x000035b1   Thumb Code    12  hc32_ll_interrupts.o(i.IRQ085_Handler)
    IRQ086_Handler                           0x000035c1   Thumb Code    12  hc32_ll_interrupts.o(i.IRQ086_Handler)
    IRQ087_Handler                           0x000035d1   Thumb Code    12  hc32_ll_interrupts.o(i.IRQ087_Handler)
    IRQ088_Handler                           0x000035e1   Thumb Code    12  hc32_ll_interrupts.o(i.IRQ088_Handler)
    IRQ089_Handler                           0x000035f1   Thumb Code    12  hc32_ll_interrupts.o(i.IRQ089_Handler)
    IRQ090_Handler                           0x00003601   Thumb Code    12  hc32_ll_interrupts.o(i.IRQ090_Handler)
    IRQ091_Handler                           0x00003611   Thumb Code    12  hc32_ll_interrupts.o(i.IRQ091_Handler)
    IRQ092_Handler                           0x00003621   Thumb Code    12  hc32_ll_interrupts.o(i.IRQ092_Handler)
    IRQ093_Handler                           0x00003631   Thumb Code    12  hc32_ll_interrupts.o(i.IRQ093_Handler)
    IRQ094_Handler                           0x00003641   Thumb Code    12  hc32_ll_interrupts.o(i.IRQ094_Handler)
    IRQ095_Handler                           0x00003651   Thumb Code    12  hc32_ll_interrupts.o(i.IRQ095_Handler)
    IRQ096_Handler                           0x00003661   Thumb Code    12  hc32_ll_interrupts.o(i.IRQ096_Handler)
    IRQ097_Handler                           0x00003671   Thumb Code    12  hc32_ll_interrupts.o(i.IRQ097_Handler)
    IRQ098_Handler                           0x00003681   Thumb Code    12  hc32_ll_interrupts.o(i.IRQ098_Handler)
    IRQ099_Handler                           0x00003691   Thumb Code    12  hc32_ll_interrupts.o(i.IRQ099_Handler)
    IRQ100_Handler                           0x000036a1   Thumb Code    12  hc32_ll_interrupts.o(i.IRQ100_Handler)
    IRQ101_Handler                           0x000036b1   Thumb Code    12  hc32_ll_interrupts.o(i.IRQ101_Handler)
    IRQ102_Handler                           0x000036c1   Thumb Code    12  hc32_ll_interrupts.o(i.IRQ102_Handler)
    IRQ103_Handler                           0x000036d1   Thumb Code    12  hc32_ll_interrupts.o(i.IRQ103_Handler)
    IRQ104_Handler                           0x000036e1   Thumb Code    12  hc32_ll_interrupts.o(i.IRQ104_Handler)
    IRQ105_Handler                           0x000036f1   Thumb Code    12  hc32_ll_interrupts.o(i.IRQ105_Handler)
    IRQ106_Handler                           0x00003701   Thumb Code    12  hc32_ll_interrupts.o(i.IRQ106_Handler)
    IRQ107_Handler                           0x00003711   Thumb Code    12  hc32_ll_interrupts.o(i.IRQ107_Handler)
    IRQ108_Handler                           0x00003721   Thumb Code    12  hc32_ll_interrupts.o(i.IRQ108_Handler)
    IRQ109_Handler                           0x00003731   Thumb Code    12  hc32_ll_interrupts.o(i.IRQ109_Handler)
    IRQ110_Handler                           0x00003741   Thumb Code    12  hc32_ll_interrupts.o(i.IRQ110_Handler)
    IRQ111_Handler                           0x00003751   Thumb Code    12  hc32_ll_interrupts.o(i.IRQ111_Handler)
    IRQ112_Handler                           0x00003761   Thumb Code    12  hc32_ll_interrupts.o(i.IRQ112_Handler)
    IRQ113_Handler                           0x00003771   Thumb Code    12  hc32_ll_interrupts.o(i.IRQ113_Handler)
    IRQ114_Handler                           0x00003781   Thumb Code    12  hc32_ll_interrupts.o(i.IRQ114_Handler)
    IRQ115_Handler                           0x00003791   Thumb Code    12  hc32_ll_interrupts.o(i.IRQ115_Handler)
    IRQ116_Handler                           0x000037a1   Thumb Code    12  hc32_ll_interrupts.o(i.IRQ116_Handler)
    IRQ117_Handler                           0x000037b1   Thumb Code    12  hc32_ll_interrupts.o(i.IRQ117_Handler)
    IRQ118_Handler                           0x000037c1   Thumb Code    12  hc32_ll_interrupts.o(i.IRQ118_Handler)
    IRQ119_Handler                           0x000037d1   Thumb Code    12  hc32_ll_interrupts.o(i.IRQ119_Handler)
    IRQ120_Handler                           0x000037e1   Thumb Code    12  hc32_ll_interrupts.o(i.IRQ120_Handler)
    IRQ121_Handler                           0x000037f1   Thumb Code    12  hc32_ll_interrupts.o(i.IRQ121_Handler)
    IRQ122_Handler                           0x00003801   Thumb Code    12  hc32_ll_interrupts.o(i.IRQ122_Handler)
    IRQ123_Handler                           0x00003811   Thumb Code    12  hc32_ll_interrupts.o(i.IRQ123_Handler)
    IRQ124_Handler                           0x00003821   Thumb Code    12  hc32_ll_interrupts.o(i.IRQ124_Handler)
    IRQ125_Handler                           0x00003831   Thumb Code    12  hc32_ll_interrupts.o(i.IRQ125_Handler)
    IRQ126_Handler                           0x00003841   Thumb Code    12  hc32_ll_interrupts.o(i.IRQ126_Handler)
    IRQ127_Handler                           0x00003851   Thumb Code    12  hc32_ll_interrupts.o(i.IRQ127_Handler)
    KEYSCAN_Cmd                              0x00003861   Thumb Code    30  hc32_ll_keyscan.o(i.KEYSCAN_Cmd)
    KEYSCAN_Init                             0x000038c5   Thumb Code   444  hc32_ll_keyscan.o(i.KEYSCAN_Init)
    KEYSCAN_StructInit                       0x00003ac5   Thumb Code    36  hc32_ll_keyscan.o(i.KEYSCAN_StructInit)
    LL_PERIPH_WE                             0x00003ae9   Thumb Code   122  hc32_ll.o(i.LL_PERIPH_WE)
    LL_PERIPH_WP                             0x00003b79   Thumb Code   114  hc32_ll.o(i.LL_PERIPH_WP)
    PWC_HighSpeedToHighPerformance           0x00003c3d   Thumb Code    68  hc32_ll_pwc.o(i.PWC_HighSpeedToHighPerformance)
    SRAM_SetWaitCycle                        0x00003cf5   Thumb Code   182  hc32_ll_sram.o(i.SRAM_SetWaitCycle)
    SystemCoreClockUpdate                    0x000042d5   Thumb Code   174  system_hc32f460.o(i.SystemCoreClockUpdate)
    SystemInit                               0x000043a1   Thumb Code    14  system_hc32f460.o(i.SystemInit)
    __scatterload_copy                       0x000043b5   Thumb Code    14  handlers.o(i.__scatterload_copy)
    __scatterload_null                       0x000043c3   Thumb Code     2  handlers.o(i.__scatterload_null)
    __scatterload_zeroinit                   0x000043c5   Thumb Code    14  handlers.o(i.__scatterload_zeroinit)
    $Super$$main                             0x000043d5   Thumb Code   118  main.o(i.main)
    Region$$Table$$Base                      0x000044f4   Number         0  anon$$obj.o(Region$$Table)
    Region$$Table$$Limit                     0x00004514   Number         0  anon$$obj.o(Region$$Table)
    SystemCoreClock                          0x1fff8000   Data           4  system_hc32f460.o(.data)
    HRC_VALUE                                0x1fff8004   Data           4  system_hc32f460.o(.data)
    __initial_sp                             0x1fff9010   Data           0  startup_hc32f460.o(STACK)



==============================================================================

Memory Map of the image

  Image Entry point : 0x00000281

  Load Region LR_IROM1 (Base: 0x00000000, Size: 0x00004520, Max: 0x00080000, ABSOLUTE)

    Execution Region ER_IROM1 (Exec base: 0x00000000, Load base: 0x00000000, Size: 0x00004514, Max: 0x00080000, ABSOLUTE)

    Exec Addr    Load Addr    Size         Type   Attr      Idx    E Section Name        Object

    0x00000000   0x00000000   0x00000280   Data   RO            3    RESET               startup_hc32f460.o
    0x00000280   0x00000280   0x00000000   Code   RO         2721  * .ARM.Collect$$$$00000000  mc_w.l(entry.o)
    0x00000280   0x00000280   0x00000004   Code   RO         2750    .ARM.Collect$$$$00000001  mc_w.l(entry2.o)
    0x00000284   0x00000284   0x00000004   Code   RO         2753    .ARM.Collect$$$$00000004  mc_w.l(entry5.o)
    0x00000288   0x00000288   0x00000000   Code   RO         2755    .ARM.Collect$$$$00000008  mc_w.l(entry7b.o)
    0x00000288   0x00000288   0x00000000   Code   RO         2757    .ARM.Collect$$$$0000000A  mc_w.l(entry8b.o)
    0x00000288   0x00000288   0x00000008   Code   RO         2758    .ARM.Collect$$$$0000000B  mc_w.l(entry9a.o)
    0x00000290   0x00000290   0x00000000   Code   RO         2760    .ARM.Collect$$$$0000000D  mc_w.l(entry10a.o)
    0x00000290   0x00000290   0x00000000   Code   RO         2762    .ARM.Collect$$$$0000000F  mc_w.l(entry11a.o)
    0x00000290   0x00000290   0x00000004   Code   RO         2751    .ARM.Collect$$$$00002712  mc_w.l(entry2.o)
    0x00000294   0x00000294   0x00000058   Code   RO            4    .text               startup_hc32f460.o
    0x000002ec   0x000002ec   0x00000024   Code   RO         2724    .text               mc_w.l(memseta.o)
    0x00000310   0x00000310   0x000000b0   Code   RO         2726    .text               mf_w.l(fadd.o)
    0x000003c0   0x000003c0   0x0000000a   Code   RO         2738    .text               mf_w.l(ffltui.o)
    0x000003ca   0x000003ca   0x00000022   Code   RO         2740    .text               mf_w.l(dflti.o)
    0x000003ec   0x000003ec   0x00000014   Code   RO         2746    .text               mf_w.l(cfcmple.o)
    0x00000400   0x00000400   0x00000020   Data   RO         1174    .ARM.__AT_0x00000400  hc32_ll_icg.o
    0x00000420   0x00000420   0x00000064   Code   RO         2728    .text               mf_w.l(fmul.o)
    0x00000484   0x00000484   0x0000007c   Code   RO         2730    .text               mf_w.l(fdiv.o)
    0x00000500   0x00000500   0x0000014e   Code   RO         2732    .text               mf_w.l(dadd.o)
    0x0000064e   0x0000064e   0x000000e4   Code   RO         2734    .text               mf_w.l(dmul.o)
    0x00000732   0x00000732   0x000000de   Code   RO         2736    .text               mf_w.l(ddiv.o)
    0x00000810   0x00000810   0x00000028   Code   RO         2742    .text               mf_w.l(ffixui.o)
    0x00000838   0x00000838   0x00000038   Code   RO         2744    .text               mf_w.l(d2f.o)
    0x00000870   0x00000870   0x00000014   Code   RO         2748    .text               mf_w.l(cfrcmple.o)
    0x00000884   0x00000884   0x0000001e   Code   RO         2764    .text               mc_w.l(llshl.o)
    0x000008a2   0x000008a2   0x00000024   Code   RO         2766    .text               mc_w.l(llsshr.o)
    0x000008c6   0x000008c6   0x00000000   Code   RO         2768    .text               mc_w.l(iusefp.o)
    0x000008c6   0x000008c6   0x0000006e   Code   RO         2769    .text               mf_w.l(fepilogue.o)
    0x00000934   0x00000934   0x000000ba   Code   RO         2771    .text               mf_w.l(depilogue.o)
    0x000009ee   0x000009ee   0x00000002   PAD
    0x000009f0   0x000009f0   0x00000024   Code   RO         2773    .text               mc_w.l(init.o)
    0x00000a14   0x00000a14   0x00000020   Code   RO         2775    .text               mc_w.l(llushr.o)
    0x00000a34   0x00000a34   0x0000000e   Code   RO           13    i.$Sub$$main        system_hc32f460.o
    0x00000a42   0x00000a42   0x0000004e   Code   RO           90    i.AHT10_Init        main.o
    0x00000a90   0x00000a90   0x00000016   Code   RO           92    i.AHT10_Read_Data   main.o
    0x00000aa6   0x00000aa6   0x00000002   PAD
    0x00000aa8   0x00000aa8   0x00000084   Code   RO           93    i.AHT10_Read_Humidity  main.o
    0x00000b2c   0x00000b2c   0x00000094   Code   RO           94    i.AHT10_Read_Temperature  main.o
    0x00000bc0   0x00000bc0   0x00000028   Code   RO           95    i.AHT10_Write_Data  main.o
    0x00000be8   0x00000be8   0x000000c4   Code   RO         2597    i.BSP_CLK_Init      ev_hc32f460_lqfp100_v2.o
    0x00000cac   0x00000cac   0x0000007c   Code   RO         2603    i.BSP_KEY_COL_Init  ev_hc32f460_lqfp100_v2.o
    0x00000d28   0x00000d28   0x00000030   Code   RO         2605    i.BSP_KEY_Init      ev_hc32f460_lqfp100_v2.o
    0x00000d58   0x00000d58   0x00000028   Code   RO         2606    i.BSP_KEY_KEY10_IrqHandler  ev_hc32f460_lqfp100_v2.o
    0x00000d80   0x00000d80   0x00000054   Code   RO         2607    i.BSP_KEY_ROW0_IrqCallback  ev_hc32f460_lqfp100_v2.o
    0x00000dd4   0x00000dd4   0x00000054   Code   RO         2608    i.BSP_KEY_ROW1_IrqCallback  ev_hc32f460_lqfp100_v2.o
    0x00000e28   0x00000e28   0x00000058   Code   RO         2609    i.BSP_KEY_ROW2_IrqCallback  ev_hc32f460_lqfp100_v2.o
    0x00000e80   0x00000e80   0x0000010c   Code   RO         2610    i.BSP_KEY_ROW_Init  ev_hc32f460_lqfp100_v2.o
    0x00000f8c   0x00000f8c   0x00000038   Code   RO         2611    i.BSP_LED_Init      ev_hc32f460_lqfp100_v2.o
    0x00000fc4   0x00000fc4   0x00000034   Code   RO         2614    i.BSP_LED_Toggle    ev_hc32f460_lqfp100_v2.o
    0x00000ff8   0x00000ff8   0x00000016   Code   RO          287    i.CLK_Delay         hc32_ll_clk.o
    0x0000100e   0x0000100e   0x00000002   PAD
    0x00001010   0x00001010   0x00000070   Code   RO          291    i.CLK_GetStableStatus  hc32_ll_clk.o
    0x00001080   0x00001080   0x000000ac   Code   RO          295    i.CLK_LrcCmd        hc32_ll_clk.o
    0x0000112c   0x0000112c   0x000000d8   Code   RO          301    i.CLK_PLLCmd        hc32_ll_clk.o
    0x00001204   0x00001204   0x000002b4   Code   RO          302    i.CLK_PLLInit       hc32_ll_clk.o
    0x000014b8   0x000014b8   0x00000052   Code   RO          303    i.CLK_PLLStructInit  hc32_ll_clk.o
    0x0000150a   0x0000150a   0x00000014   Code   RO          307    i.CLK_SetClockDiv   hc32_ll_clk.o
    0x0000151e   0x0000151e   0x00000010   Code   RO          311    i.CLK_SetSysClockSrc  hc32_ll_clk.o
    0x0000152e   0x0000152e   0x00000030   Code   RO          315    i.CLK_WaitStable    hc32_ll_clk.o
    0x0000155e   0x0000155e   0x00000002   PAD
    0x00001560   0x00001560   0x000000d4   Code   RO          319    i.CLK_XtalCmd       hc32_ll_clk.o
    0x00001634   0x00001634   0x00000154   Code   RO          320    i.CLK_XtalInit      hc32_ll_clk.o
    0x00001788   0x00001788   0x0000001e   Code   RO          323    i.CLK_XtalStructInit  hc32_ll_clk.o
    0x000017a6   0x000017a6   0x00000004   Code   RO         2519    i.DDL_AssertHandler  hc32_ll_utility.o
    0x000017aa   0x000017aa   0x00000002   PAD
    0x000017ac   0x000017ac   0x00000040   Code   RO         2520    i.DDL_DelayMS       hc32_ll_utility.o
    0x000017ec   0x000017ec   0x00000040   Code   RO         2521    i.DDL_DelayUS       hc32_ll_utility.o
    0x0000182c   0x0000182c   0x000000c8   Code   RO          578    i.EFM_SetWaitCycle  hc32_ll_efm.o
    0x000018f4   0x000018f4   0x00000038   Code   RO         1195    i.EXTINT_ClearExtIntStatus  hc32_ll_interrupts.o
    0x0000192c   0x0000192c   0x0000003c   Code   RO         1196    i.EXTINT_GetExtIntStatus  hc32_ll_interrupts.o
    0x00001968   0x00001968   0x000000d4   Code   RO         1197    i.EXTINT_Init       hc32_ll_interrupts.o
    0x00001a3c   0x00001a3c   0x00000014   Code   RO         1198    i.EXTINT_StructInit  hc32_ll_interrupts.o
    0x00001a50   0x00001a50   0x000000ac   Code   RO          758    i.FCG_Fcg0PeriphClockCmd  hc32_ll_fcg.o
    0x00001afc   0x00001afc   0x00000094   Code   RO          759    i.FCG_Fcg1PeriphClockCmd  hc32_ll_fcg.o
    0x00001b90   0x00001b90   0x00000208   Code   RO          801    i.GPIO_Init         hc32_ll_gpio.o
    0x00001d98   0x00001d98   0x00000098   Code   RO          804    i.GPIO_ReadInputPins  hc32_ll_gpio.o
    0x00001e30   0x00001e30   0x000000e4   Code   RO          810    i.GPIO_SetFunc      hc32_ll_gpio.o
    0x00001f14   0x00001f14   0x0000009c   Code   RO          812    i.GPIO_SetReadWaitCycle  hc32_ll_gpio.o
    0x00001fb0   0x00001fb0   0x00000020   Code   RO          814    i.GPIO_StructInit   hc32_ll_gpio.o
    0x00001fd0   0x00001fd0   0x00000094   Code   RO          816    i.GPIO_TogglePins   hc32_ll_gpio.o
    0x00002064   0x00002064   0x00000098   Code   RO          928    i.I2C_AckConfig     hc32_ll_i2c.o
    0x000020fc   0x000020fc   0x0000025c   Code   RO          930    i.I2C_BaudrateConfig  hc32_ll_i2c.o
    0x00002358   0x00002358   0x000000a0   Code   RO          931    i.I2C_BusWaitCmd    hc32_ll_i2c.o
    0x000023f8   0x000023f8   0x00000094   Code   RO          932    i.I2C_ClearStatus   hc32_ll_i2c.o
    0x0000248c   0x0000248c   0x00000090   Code   RO          933    i.I2C_Cmd           hc32_ll_i2c.o
    0x0000251c   0x0000251c   0x00000080   Code   RO          934    i.I2C_DeInit        hc32_ll_i2c.o
    0x0000259c   0x0000259c   0x00000078   Code   RO          940    i.I2C_GenerateStart  hc32_ll_i2c.o
    0x00002614   0x00002614   0x00000078   Code   RO          941    i.I2C_GenerateStop  hc32_ll_i2c.o
    0x0000268c   0x0000268c   0x000000a0   Code   RO          942    i.I2C_GetStatus     hc32_ll_i2c.o
    0x0000272c   0x0000272c   0x000000f4   Code   RO          943    i.I2C_Init          hc32_ll_i2c.o
    0x00002820   0x00002820   0x00000124   Code   RO          945    i.I2C_MasterReceiveDataAndStop  hc32_ll_i2c.o
    0x00002944   0x00002944   0x00000080   Code   RO           96    i.I2C_Master_Receive  main.o
    0x000029c4   0x000029c4   0x00000068   Code   RO           97    i.I2C_Master_Transmit  main.o
    0x00002a2c   0x00002a2c   0x00000074   Code   RO          946    i.I2C_ReadData      hc32_ll_i2c.o
    0x00002aa0   0x00002aa0   0x00000090   Code   RO          954    i.I2C_SWResetCmd    hc32_ll_i2c.o
    0x00002b30   0x00002b30   0x000000a0   Code   RO          958    i.I2C_Start         hc32_ll_i2c.o
    0x00002bd0   0x00002bd0   0x000000a4   Code   RO          959    i.I2C_Stop          hc32_ll_i2c.o
    0x00002c74   0x00002c74   0x00000018   Code   RO          960    i.I2C_StructInit    hc32_ll_i2c.o
    0x00002c8c   0x00002c8c   0x000000f8   Code   RO          962    i.I2C_TransAddr     hc32_ll_i2c.o
    0x00002d84   0x00002d84   0x000000d4   Code   RO          963    i.I2C_TransData     hc32_ll_i2c.o
    0x00002e58   0x00002e58   0x000000dc   Code   RO          964    i.I2C_WaitStatus    hc32_ll_i2c.o
    0x00002f34   0x00002f34   0x00000078   Code   RO          965    i.I2C_WriteData     hc32_ll_i2c.o
    0x00002fac   0x00002fac   0x000000b4   Code   RO         1201    i.INTC_IrqSignIn    hc32_ll_interrupts.o
    0x00003060   0x00003060   0x00000010   Code   RO         1206    i.IRQ000_Handler    hc32_ll_interrupts.o
    0x00003070   0x00003070   0x00000010   Code   RO         1207    i.IRQ001_Handler    hc32_ll_interrupts.o
    0x00003080   0x00003080   0x00000010   Code   RO         1208    i.IRQ002_Handler    hc32_ll_interrupts.o
    0x00003090   0x00003090   0x00000010   Code   RO         1209    i.IRQ003_Handler    hc32_ll_interrupts.o
    0x000030a0   0x000030a0   0x00000010   Code   RO         1210    i.IRQ004_Handler    hc32_ll_interrupts.o
    0x000030b0   0x000030b0   0x00000010   Code   RO         1211    i.IRQ005_Handler    hc32_ll_interrupts.o
    0x000030c0   0x000030c0   0x00000010   Code   RO         1212    i.IRQ006_Handler    hc32_ll_interrupts.o
    0x000030d0   0x000030d0   0x00000010   Code   RO         1213    i.IRQ007_Handler    hc32_ll_interrupts.o
    0x000030e0   0x000030e0   0x00000010   Code   RO         1214    i.IRQ008_Handler    hc32_ll_interrupts.o
    0x000030f0   0x000030f0   0x00000010   Code   RO         1215    i.IRQ009_Handler    hc32_ll_interrupts.o
    0x00003100   0x00003100   0x00000010   Code   RO         1216    i.IRQ010_Handler    hc32_ll_interrupts.o
    0x00003110   0x00003110   0x00000010   Code   RO         1217    i.IRQ011_Handler    hc32_ll_interrupts.o
    0x00003120   0x00003120   0x00000010   Code   RO         1218    i.IRQ012_Handler    hc32_ll_interrupts.o
    0x00003130   0x00003130   0x00000010   Code   RO         1219    i.IRQ013_Handler    hc32_ll_interrupts.o
    0x00003140   0x00003140   0x00000010   Code   RO         1220    i.IRQ014_Handler    hc32_ll_interrupts.o
    0x00003150   0x00003150   0x00000010   Code   RO         1221    i.IRQ015_Handler    hc32_ll_interrupts.o
    0x00003160   0x00003160   0x00000010   Code   RO         1222    i.IRQ016_Handler    hc32_ll_interrupts.o
    0x00003170   0x00003170   0x00000010   Code   RO         1223    i.IRQ017_Handler    hc32_ll_interrupts.o
    0x00003180   0x00003180   0x00000010   Code   RO         1224    i.IRQ018_Handler    hc32_ll_interrupts.o
    0x00003190   0x00003190   0x00000010   Code   RO         1225    i.IRQ019_Handler    hc32_ll_interrupts.o
    0x000031a0   0x000031a0   0x00000010   Code   RO         1226    i.IRQ020_Handler    hc32_ll_interrupts.o
    0x000031b0   0x000031b0   0x00000010   Code   RO         1227    i.IRQ021_Handler    hc32_ll_interrupts.o
    0x000031c0   0x000031c0   0x00000010   Code   RO         1228    i.IRQ022_Handler    hc32_ll_interrupts.o
    0x000031d0   0x000031d0   0x00000010   Code   RO         1229    i.IRQ023_Handler    hc32_ll_interrupts.o
    0x000031e0   0x000031e0   0x00000010   Code   RO         1230    i.IRQ024_Handler    hc32_ll_interrupts.o
    0x000031f0   0x000031f0   0x00000010   Code   RO         1231    i.IRQ025_Handler    hc32_ll_interrupts.o
    0x00003200   0x00003200   0x00000010   Code   RO         1232    i.IRQ026_Handler    hc32_ll_interrupts.o
    0x00003210   0x00003210   0x00000010   Code   RO         1233    i.IRQ027_Handler    hc32_ll_interrupts.o
    0x00003220   0x00003220   0x00000010   Code   RO         1234    i.IRQ028_Handler    hc32_ll_interrupts.o
    0x00003230   0x00003230   0x00000010   Code   RO         1235    i.IRQ029_Handler    hc32_ll_interrupts.o
    0x00003240   0x00003240   0x00000010   Code   RO         1236    i.IRQ030_Handler    hc32_ll_interrupts.o
    0x00003250   0x00003250   0x00000010   Code   RO         1237    i.IRQ031_Handler    hc32_ll_interrupts.o
    0x00003260   0x00003260   0x00000010   Code   RO         1238    i.IRQ032_Handler    hc32_ll_interrupts.o
    0x00003270   0x00003270   0x00000010   Code   RO         1239    i.IRQ033_Handler    hc32_ll_interrupts.o
    0x00003280   0x00003280   0x00000010   Code   RO         1240    i.IRQ034_Handler    hc32_ll_interrupts.o
    0x00003290   0x00003290   0x00000010   Code   RO         1241    i.IRQ035_Handler    hc32_ll_interrupts.o
    0x000032a0   0x000032a0   0x00000010   Code   RO         1242    i.IRQ036_Handler    hc32_ll_interrupts.o
    0x000032b0   0x000032b0   0x00000010   Code   RO         1243    i.IRQ037_Handler    hc32_ll_interrupts.o
    0x000032c0   0x000032c0   0x00000010   Code   RO         1244    i.IRQ038_Handler    hc32_ll_interrupts.o
    0x000032d0   0x000032d0   0x00000010   Code   RO         1245    i.IRQ039_Handler    hc32_ll_interrupts.o
    0x000032e0   0x000032e0   0x00000010   Code   RO         1246    i.IRQ040_Handler    hc32_ll_interrupts.o
    0x000032f0   0x000032f0   0x00000010   Code   RO         1247    i.IRQ041_Handler    hc32_ll_interrupts.o
    0x00003300   0x00003300   0x00000010   Code   RO         1248    i.IRQ042_Handler    hc32_ll_interrupts.o
    0x00003310   0x00003310   0x00000010   Code   RO         1249    i.IRQ043_Handler    hc32_ll_interrupts.o
    0x00003320   0x00003320   0x00000010   Code   RO         1250    i.IRQ044_Handler    hc32_ll_interrupts.o
    0x00003330   0x00003330   0x00000010   Code   RO         1251    i.IRQ045_Handler    hc32_ll_interrupts.o
    0x00003340   0x00003340   0x00000010   Code   RO         1252    i.IRQ046_Handler    hc32_ll_interrupts.o
    0x00003350   0x00003350   0x00000010   Code   RO         1253    i.IRQ047_Handler    hc32_ll_interrupts.o
    0x00003360   0x00003360   0x00000010   Code   RO         1254    i.IRQ048_Handler    hc32_ll_interrupts.o
    0x00003370   0x00003370   0x00000010   Code   RO         1255    i.IRQ049_Handler    hc32_ll_interrupts.o
    0x00003380   0x00003380   0x00000010   Code   RO         1256    i.IRQ050_Handler    hc32_ll_interrupts.o
    0x00003390   0x00003390   0x00000010   Code   RO         1257    i.IRQ051_Handler    hc32_ll_interrupts.o
    0x000033a0   0x000033a0   0x00000010   Code   RO         1258    i.IRQ052_Handler    hc32_ll_interrupts.o
    0x000033b0   0x000033b0   0x00000010   Code   RO         1259    i.IRQ053_Handler    hc32_ll_interrupts.o
    0x000033c0   0x000033c0   0x00000010   Code   RO         1260    i.IRQ054_Handler    hc32_ll_interrupts.o
    0x000033d0   0x000033d0   0x00000010   Code   RO         1261    i.IRQ055_Handler    hc32_ll_interrupts.o
    0x000033e0   0x000033e0   0x00000010   Code   RO         1262    i.IRQ056_Handler    hc32_ll_interrupts.o
    0x000033f0   0x000033f0   0x00000010   Code   RO         1263    i.IRQ057_Handler    hc32_ll_interrupts.o
    0x00003400   0x00003400   0x00000010   Code   RO         1264    i.IRQ058_Handler    hc32_ll_interrupts.o
    0x00003410   0x00003410   0x00000010   Code   RO         1265    i.IRQ059_Handler    hc32_ll_interrupts.o
    0x00003420   0x00003420   0x00000010   Code   RO         1266    i.IRQ060_Handler    hc32_ll_interrupts.o
    0x00003430   0x00003430   0x00000010   Code   RO         1267    i.IRQ061_Handler    hc32_ll_interrupts.o
    0x00003440   0x00003440   0x00000010   Code   RO         1268    i.IRQ062_Handler    hc32_ll_interrupts.o
    0x00003450   0x00003450   0x00000010   Code   RO         1269    i.IRQ063_Handler    hc32_ll_interrupts.o
    0x00003460   0x00003460   0x00000010   Code   RO         1270    i.IRQ064_Handler    hc32_ll_interrupts.o
    0x00003470   0x00003470   0x00000010   Code   RO         1271    i.IRQ065_Handler    hc32_ll_interrupts.o
    0x00003480   0x00003480   0x00000010   Code   RO         1272    i.IRQ066_Handler    hc32_ll_interrupts.o
    0x00003490   0x00003490   0x00000010   Code   RO         1273    i.IRQ067_Handler    hc32_ll_interrupts.o
    0x000034a0   0x000034a0   0x00000010   Code   RO         1274    i.IRQ068_Handler    hc32_ll_interrupts.o
    0x000034b0   0x000034b0   0x00000010   Code   RO         1275    i.IRQ069_Handler    hc32_ll_interrupts.o
    0x000034c0   0x000034c0   0x00000010   Code   RO         1276    i.IRQ070_Handler    hc32_ll_interrupts.o
    0x000034d0   0x000034d0   0x00000010   Code   RO         1277    i.IRQ071_Handler    hc32_ll_interrupts.o
    0x000034e0   0x000034e0   0x00000010   Code   RO         1278    i.IRQ072_Handler    hc32_ll_interrupts.o
    0x000034f0   0x000034f0   0x00000010   Code   RO         1279    i.IRQ073_Handler    hc32_ll_interrupts.o
    0x00003500   0x00003500   0x00000010   Code   RO         1280    i.IRQ074_Handler    hc32_ll_interrupts.o
    0x00003510   0x00003510   0x00000010   Code   RO         1281    i.IRQ075_Handler    hc32_ll_interrupts.o
    0x00003520   0x00003520   0x00000010   Code   RO         1282    i.IRQ076_Handler    hc32_ll_interrupts.o
    0x00003530   0x00003530   0x00000010   Code   RO         1283    i.IRQ077_Handler    hc32_ll_interrupts.o
    0x00003540   0x00003540   0x00000010   Code   RO         1284    i.IRQ078_Handler    hc32_ll_interrupts.o
    0x00003550   0x00003550   0x00000010   Code   RO         1285    i.IRQ079_Handler    hc32_ll_interrupts.o
    0x00003560   0x00003560   0x00000010   Code   RO         1286    i.IRQ080_Handler    hc32_ll_interrupts.o
    0x00003570   0x00003570   0x00000010   Code   RO         1287    i.IRQ081_Handler    hc32_ll_interrupts.o
    0x00003580   0x00003580   0x00000010   Code   RO         1288    i.IRQ082_Handler    hc32_ll_interrupts.o
    0x00003590   0x00003590   0x00000010   Code   RO         1289    i.IRQ083_Handler    hc32_ll_interrupts.o
    0x000035a0   0x000035a0   0x00000010   Code   RO         1290    i.IRQ084_Handler    hc32_ll_interrupts.o
    0x000035b0   0x000035b0   0x00000010   Code   RO         1291    i.IRQ085_Handler    hc32_ll_interrupts.o
    0x000035c0   0x000035c0   0x00000010   Code   RO         1292    i.IRQ086_Handler    hc32_ll_interrupts.o
    0x000035d0   0x000035d0   0x00000010   Code   RO         1293    i.IRQ087_Handler    hc32_ll_interrupts.o
    0x000035e0   0x000035e0   0x00000010   Code   RO         1294    i.IRQ088_Handler    hc32_ll_interrupts.o
    0x000035f0   0x000035f0   0x00000010   Code   RO         1295    i.IRQ089_Handler    hc32_ll_interrupts.o
    0x00003600   0x00003600   0x00000010   Code   RO         1296    i.IRQ090_Handler    hc32_ll_interrupts.o
    0x00003610   0x00003610   0x00000010   Code   RO         1297    i.IRQ091_Handler    hc32_ll_interrupts.o
    0x00003620   0x00003620   0x00000010   Code   RO         1298    i.IRQ092_Handler    hc32_ll_interrupts.o
    0x00003630   0x00003630   0x00000010   Code   RO         1299    i.IRQ093_Handler    hc32_ll_interrupts.o
    0x00003640   0x00003640   0x00000010   Code   RO         1300    i.IRQ094_Handler    hc32_ll_interrupts.o
    0x00003650   0x00003650   0x00000010   Code   RO         1301    i.IRQ095_Handler    hc32_ll_interrupts.o
    0x00003660   0x00003660   0x00000010   Code   RO         1302    i.IRQ096_Handler    hc32_ll_interrupts.o
    0x00003670   0x00003670   0x00000010   Code   RO         1303    i.IRQ097_Handler    hc32_ll_interrupts.o
    0x00003680   0x00003680   0x00000010   Code   RO         1304    i.IRQ098_Handler    hc32_ll_interrupts.o
    0x00003690   0x00003690   0x00000010   Code   RO         1305    i.IRQ099_Handler    hc32_ll_interrupts.o
    0x000036a0   0x000036a0   0x00000010   Code   RO         1306    i.IRQ100_Handler    hc32_ll_interrupts.o
    0x000036b0   0x000036b0   0x00000010   Code   RO         1307    i.IRQ101_Handler    hc32_ll_interrupts.o
    0x000036c0   0x000036c0   0x00000010   Code   RO         1308    i.IRQ102_Handler    hc32_ll_interrupts.o
    0x000036d0   0x000036d0   0x00000010   Code   RO         1309    i.IRQ103_Handler    hc32_ll_interrupts.o
    0x000036e0   0x000036e0   0x00000010   Code   RO         1310    i.IRQ104_Handler    hc32_ll_interrupts.o
    0x000036f0   0x000036f0   0x00000010   Code   RO         1311    i.IRQ105_Handler    hc32_ll_interrupts.o
    0x00003700   0x00003700   0x00000010   Code   RO         1312    i.IRQ106_Handler    hc32_ll_interrupts.o
    0x00003710   0x00003710   0x00000010   Code   RO         1313    i.IRQ107_Handler    hc32_ll_interrupts.o
    0x00003720   0x00003720   0x00000010   Code   RO         1314    i.IRQ108_Handler    hc32_ll_interrupts.o
    0x00003730   0x00003730   0x00000010   Code   RO         1315    i.IRQ109_Handler    hc32_ll_interrupts.o
    0x00003740   0x00003740   0x00000010   Code   RO         1316    i.IRQ110_Handler    hc32_ll_interrupts.o
    0x00003750   0x00003750   0x00000010   Code   RO         1317    i.IRQ111_Handler    hc32_ll_interrupts.o
    0x00003760   0x00003760   0x00000010   Code   RO         1318    i.IRQ112_Handler    hc32_ll_interrupts.o
    0x00003770   0x00003770   0x00000010   Code   RO         1319    i.IRQ113_Handler    hc32_ll_interrupts.o
    0x00003780   0x00003780   0x00000010   Code   RO         1320    i.IRQ114_Handler    hc32_ll_interrupts.o
    0x00003790   0x00003790   0x00000010   Code   RO         1321    i.IRQ115_Handler    hc32_ll_interrupts.o
    0x000037a0   0x000037a0   0x00000010   Code   RO         1322    i.IRQ116_Handler    hc32_ll_interrupts.o
    0x000037b0   0x000037b0   0x00000010   Code   RO         1323    i.IRQ117_Handler    hc32_ll_interrupts.o
    0x000037c0   0x000037c0   0x00000010   Code   RO         1324    i.IRQ118_Handler    hc32_ll_interrupts.o
    0x000037d0   0x000037d0   0x00000010   Code   RO         1325    i.IRQ119_Handler    hc32_ll_interrupts.o
    0x000037e0   0x000037e0   0x00000010   Code   RO         1326    i.IRQ120_Handler    hc32_ll_interrupts.o
    0x000037f0   0x000037f0   0x00000010   Code   RO         1327    i.IRQ121_Handler    hc32_ll_interrupts.o
    0x00003800   0x00003800   0x00000010   Code   RO         1328    i.IRQ122_Handler    hc32_ll_interrupts.o
    0x00003810   0x00003810   0x00000010   Code   RO         1329    i.IRQ123_Handler    hc32_ll_interrupts.o
    0x00003820   0x00003820   0x00000010   Code   RO         1330    i.IRQ124_Handler    hc32_ll_interrupts.o
    0x00003830   0x00003830   0x00000010   Code   RO         1331    i.IRQ125_Handler    hc32_ll_interrupts.o
    0x00003840   0x00003840   0x00000010   Code   RO         1332    i.IRQ126_Handler    hc32_ll_interrupts.o
    0x00003850   0x00003850   0x00000010   Code   RO         1333    i.IRQ127_Handler    hc32_ll_interrupts.o
    0x00003860   0x00003860   0x00000064   Code   RO         2084    i.KEYSCAN_Cmd       hc32_ll_keyscan.o
    0x000038c4   0x000038c4   0x00000200   Code   RO         2085    i.KEYSCAN_Init      hc32_ll_keyscan.o
    0x00003ac4   0x00003ac4   0x00000024   Code   RO         2086    i.KEYSCAN_StructInit  hc32_ll_keyscan.o
    0x00003ae8   0x00003ae8   0x00000090   Code   RO          234    i.LL_PERIPH_WE      hc32_ll.o
    0x00003b78   0x00003b78   0x00000088   Code   RO          235    i.LL_PERIPH_WP      hc32_ll.o
    0x00003c00   0x00003c00   0x0000003c   Code   RO           98    i.Master_Initialize  main.o
    0x00003c3c   0x00003c3c   0x00000084   Code   RO         2125    i.PWC_HighSpeedToHighPerformance  hc32_ll_pwc.o
    0x00003cc0   0x00003cc0   0x0000001c   Code   RO          236    i.PWC_REG_Lock      hc32_ll.o
    0x00003cdc   0x00003cdc   0x00000018   Code   RO          237    i.PWC_REG_Unlock    hc32_ll.o
    0x00003cf4   0x00003cf4   0x000000f8   Code   RO         2465    i.SRAM_SetWaitCycle  hc32_ll_sram.o
    0x00003dec   0x00003dec   0x00000388   Code   RO          326    i.SetSysClockDiv    hc32_ll_clk.o
    0x00004174   0x00004174   0x00000160   Code   RO          327    i.SetSysClockSrc    hc32_ll_clk.o
    0x000042d4   0x000042d4   0x000000cc   Code   RO           14    i.SystemCoreClockUpdate  system_hc32f460.o
    0x000043a0   0x000043a0   0x00000014   Code   RO           15    i.SystemInit        system_hc32f460.o
    0x000043b4   0x000043b4   0x0000000e   Code   RO         2779    i.__scatterload_copy  mc_w.l(handlers.o)
    0x000043c2   0x000043c2   0x00000002   Code   RO         2780    i.__scatterload_null  mc_w.l(handlers.o)
    0x000043c4   0x000043c4   0x0000000e   Code   RO         2781    i.__scatterload_zeroinit  mc_w.l(handlers.o)
    0x000043d2   0x000043d2   0x00000002   PAD
    0x000043d4   0x000043d4   0x00000080   Code   RO           99    i.main              main.o
    0x00004454   0x00004454   0x0000005c   Data   RO         2615    .constdata          ev_hc32f460_lqfp100_v2.o
    0x000044b0   0x000044b0   0x00000042   Data   RO         1340    .conststring        hc32_ll_interrupts.o
    0x000044f2   0x000044f2   0x00000002   PAD
    0x000044f4   0x000044f4   0x00000020   Data   RO         2777    Region$$Table       anon$$obj.o


    Execution Region RW_IRAM1 (Exec base: 0x1fff8000, Load base: 0x00004514, Size: 0x00001010, Max: 0x0002f000, ABSOLUTE)

    Exec Addr    Load Addr    Size         Type   Attr      Idx    E Section Name        Object

    0x1fff8000   0x00004514   0x00000008   Data   RW           16    .data               system_hc32f460.o
    0x1fff8008   0x0000451c   0x00000004   Data   RW         2616    .data               ev_hc32f460_lqfp100_v2.o
    0x1fff800c        -       0x00000200   Zero   RW          100    .bss                main.o
    0x1fff820c        -       0x00000200   Zero   RW         1339    .bss                hc32_ll_interrupts.o
    0x1fff840c   0x00004520   0x00000004   PAD
    0x1fff8410        -       0x00000c00   Zero   RW            1    STACK               startup_hc32f460.o


==============================================================================

Image component sizes


      Code (inc. data)   RO Data    RW Data    ZI Data      Debug   Object Name

      1040         94         92          4          0      12805   ev_hc32f460_lqfp100_v2.o
       332         64          0          0          0      20242   hc32_ll.o
      3218        604          0          0          0      20107   hc32_ll_clk.o
       200         74          0          0          0        791   hc32_ll_efm.o
       320        136          0          0          0       1506   hc32_ll_fcg.o
      1236        324          0          0          0       8276   hc32_ll_gpio.o
      3680       1422          0          0          0      17981   hc32_ll_i2c.o
         0          0         32          0          0        874   hc32_ll_icg.o
      2576        612         66          0        512     114482   hc32_ll_interrupts.o
       648        138          0          0          0       4390   hc32_ll_keyscan.o
       132         64          0          0          0        669   hc32_ll_pwc.o
       248         66          0          0          0        896   hc32_ll_sram.o
       132         22          0          0          0       2492   hc32_ll_utility.o
       840         50          0          0        512      35676   main.o
        88         20        640          0       3072        884   startup_hc32f460.o
       238         42          0          8          0     360794   system_hc32f460.o

    ----------------------------------------------------------------------
     14936       3732        864         12       4100     602865   Object Totals
         0          0         32          0          0          0   (incl. Generated)
         8          0          2          0          4          0   (incl. Padding)

    ----------------------------------------------------------------------

      Code (inc. data)   RO Data    RW Data    ZI Data      Debug   Library Member Name

         0          0          0          0          0          0   entry.o
         0          0          0          0          0          0   entry10a.o
         0          0          0          0          0          0   entry11a.o
         8          4          0          0          0          0   entry2.o
         4          0          0          0          0          0   entry5.o
         0          0          0          0          0          0   entry7b.o
         0          0          0          0          0          0   entry8b.o
         8          4          0          0          0          0   entry9a.o
        30          0          0          0          0          0   handlers.o
        36          8          0          0          0         68   init.o
         0          0          0          0          0          0   iusefp.o
        30          0          0          0          0         68   llshl.o
        36          0          0          0          0         68   llsshr.o
        32          0          0          0          0         68   llushr.o
        36          0          0          0          0        108   memseta.o
        20          0          0          0          0         68   cfcmple.o
        20          0          0          0          0         68   cfrcmple.o
        56          0          0          0          0         88   d2f.o
       334          0          0          0          0        148   dadd.o
       222          0          0          0          0        100   ddiv.o
       186          0          0          0          0        176   depilogue.o
        34          0          0          0          0         76   dflti.o
       228          0          0          0          0         96   dmul.o
       176          0          0          0          0        140   fadd.o
       124          0          0          0          0         88   fdiv.o
       110          0          0          0          0        168   fepilogue.o
        40          0          0          0          0         68   ffixui.o
        10          0          0          0          0         68   ffltui.o
       100          0          0          0          0         76   fmul.o

    ----------------------------------------------------------------------
      1884         16          0          0          0       1808   Library Totals
         4          0          0          0          0          0   (incl. Padding)

    ----------------------------------------------------------------------

      Code (inc. data)   RO Data    RW Data    ZI Data      Debug   Library Name

       220         16          0          0          0        380   mc_w.l
      1660          0          0          0          0       1428   mf_w.l

    ----------------------------------------------------------------------
      1884         16          0          0          0       1808   Library Totals

    ----------------------------------------------------------------------

==============================================================================


      Code (inc. data)   RO Data    RW Data    ZI Data      Debug   

     16820       3748        864         12       4100     593073   Grand Totals
     16820       3748        864         12       4100     593073   ELF Image Totals
     16820       3748        864         12          0          0   ROM Totals

==============================================================================

    Total RO  Size (Code + RO Data)                17684 (  17.27kB)
    Total RW  Size (RW Data + ZI Data)              4112 (   4.02kB)
    Total ROM Size (Code + RO Data + RW Data)      17696 (  17.28kB)

==============================================================================

