Component: ARM Compiler 5.06 update 6 (build 750) Tool: armlink [4d35ed]

==============================================================================

Section Cross References

    startup_hc32f460.o(RESET) refers to startup_hc32f460.o(STACK) for __initial_sp
    startup_hc32f460.o(RESET) refers to startup_hc32f460.o(.text) for Reset_Handler
    startup_hc32f460.o(RESET) refers to hc32f460_interrupts.o(i.NMI_Handler) for NMI_Handler
    startup_hc32f460.o(RESET) refers to hc32f460_interrupts.o(i.HardFault_Handler) for HardFault_Handler
    startup_hc32f460.o(RESET) refers to hc32f460_interrupts.o(i.MemManage_Handler) for MemManage_Handler
    startup_hc32f460.o(RESET) refers to hc32f460_interrupts.o(i.BusFault_Handler) for BusFault_Handler
    startup_hc32f460.o(RESET) refers to hc32f460_interrupts.o(i.UsageFault_Handler) for UsageFault_Handler
    startup_hc32f460.o(RESET) refers to hc32f460_interrupts.o(i.SVC_Handler) for SVC_Handler
    startup_hc32f460.o(RESET) refers to hc32f460_interrupts.o(i.DebugMon_Handler) for DebugMon_Handler
    startup_hc32f460.o(RESET) refers to hc32f460_interrupts.o(i.PendSV_Handler) for PendSV_Handler
    startup_hc32f460.o(RESET) refers to hc32f460_interrupts.o(i.SysTick_Handler) for SysTick_Handler
    startup_hc32f460.o(RESET) refers to hc32f460_interrupts.o(i.IRQ000_Handler) for IRQ000_Handler
    startup_hc32f460.o(RESET) refers to hc32f460_interrupts.o(i.IRQ001_Handler) for IRQ001_Handler
    startup_hc32f460.o(RESET) refers to hc32f460_interrupts.o(i.IRQ002_Handler) for IRQ002_Handler
    startup_hc32f460.o(RESET) refers to hc32f460_interrupts.o(i.IRQ003_Handler) for IRQ003_Handler
    startup_hc32f460.o(RESET) refers to hc32f460_interrupts.o(i.IRQ004_Handler) for IRQ004_Handler
    startup_hc32f460.o(RESET) refers to hc32f460_interrupts.o(i.IRQ005_Handler) for IRQ005_Handler
    startup_hc32f460.o(RESET) refers to hc32f460_interrupts.o(i.IRQ006_Handler) for IRQ006_Handler
    startup_hc32f460.o(RESET) refers to hc32f460_interrupts.o(i.IRQ007_Handler) for IRQ007_Handler
    startup_hc32f460.o(RESET) refers to hc32f460_interrupts.o(i.IRQ008_Handler) for IRQ008_Handler
    startup_hc32f460.o(RESET) refers to hc32f460_interrupts.o(i.IRQ009_Handler) for IRQ009_Handler
    startup_hc32f460.o(RESET) refers to hc32f460_interrupts.o(i.IRQ010_Handler) for IRQ010_Handler
    startup_hc32f460.o(RESET) refers to hc32f460_interrupts.o(i.IRQ011_Handler) for IRQ011_Handler
    startup_hc32f460.o(RESET) refers to hc32f460_interrupts.o(i.IRQ012_Handler) for IRQ012_Handler
    startup_hc32f460.o(RESET) refers to hc32f460_interrupts.o(i.IRQ013_Handler) for IRQ013_Handler
    startup_hc32f460.o(RESET) refers to hc32f460_interrupts.o(i.IRQ014_Handler) for IRQ014_Handler
    startup_hc32f460.o(RESET) refers to hc32f460_interrupts.o(i.IRQ015_Handler) for IRQ015_Handler
    startup_hc32f460.o(RESET) refers to hc32f460_interrupts.o(i.IRQ016_Handler) for IRQ016_Handler
    startup_hc32f460.o(RESET) refers to hc32f460_interrupts.o(i.IRQ017_Handler) for IRQ017_Handler
    startup_hc32f460.o(RESET) refers to hc32f460_interrupts.o(i.IRQ018_Handler) for IRQ018_Handler
    startup_hc32f460.o(RESET) refers to hc32f460_interrupts.o(i.IRQ019_Handler) for IRQ019_Handler
    startup_hc32f460.o(RESET) refers to hc32f460_interrupts.o(i.IRQ020_Handler) for IRQ020_Handler
    startup_hc32f460.o(RESET) refers to hc32f460_interrupts.o(i.IRQ021_Handler) for IRQ021_Handler
    startup_hc32f460.o(RESET) refers to hc32f460_interrupts.o(i.IRQ022_Handler) for IRQ022_Handler
    startup_hc32f460.o(RESET) refers to hc32f460_interrupts.o(i.IRQ023_Handler) for IRQ023_Handler
    startup_hc32f460.o(RESET) refers to hc32f460_interrupts.o(i.IRQ024_Handler) for IRQ024_Handler
    startup_hc32f460.o(RESET) refers to hc32f460_interrupts.o(i.IRQ025_Handler) for IRQ025_Handler
    startup_hc32f460.o(RESET) refers to hc32f460_interrupts.o(i.IRQ026_Handler) for IRQ026_Handler
    startup_hc32f460.o(RESET) refers to hc32f460_interrupts.o(i.IRQ027_Handler) for IRQ027_Handler
    startup_hc32f460.o(RESET) refers to hc32f460_interrupts.o(i.IRQ028_Handler) for IRQ028_Handler
    startup_hc32f460.o(RESET) refers to hc32f460_interrupts.o(i.IRQ029_Handler) for IRQ029_Handler
    startup_hc32f460.o(RESET) refers to hc32f460_interrupts.o(i.IRQ030_Handler) for IRQ030_Handler
    startup_hc32f460.o(RESET) refers to hc32f460_interrupts.o(i.IRQ031_Handler) for IRQ031_Handler
    startup_hc32f460.o(RESET) refers to hc32f460_interrupts.o(i.IRQ032_Handler) for IRQ032_Handler
    startup_hc32f460.o(RESET) refers to hc32f460_interrupts.o(i.IRQ033_Handler) for IRQ033_Handler
    startup_hc32f460.o(RESET) refers to hc32f460_interrupts.o(i.IRQ034_Handler) for IRQ034_Handler
    startup_hc32f460.o(RESET) refers to hc32f460_interrupts.o(i.IRQ035_Handler) for IRQ035_Handler
    startup_hc32f460.o(RESET) refers to hc32f460_interrupts.o(i.IRQ036_Handler) for IRQ036_Handler
[...]
    i.BusFault_Handler                       0x000003f4   Section        0  hc32f460_interrupts.o(i.BusFault_Handler)
    i.__scatterload_null                     0x000003fc   Section        2  handlers.o(i.__scatterload_null)
    .ARM.__AT_0x00000400                     0x00000400   Section       32  hc32f460_icg.o(.ARM.__AT_0x00000400)
    .text                                    0x00000420   Section        0  fadd.o(.text)
    .text                                    0x000004d0   Section        0  fdiv.o(.text)
    .text                                    0x0000054c   Section        0  ffixui.o(.text)
    .text                                    0x00000574   Section        0  f2d.o(.text)
    .text                                    0x0000059c   Section       20  cfrcmple.o(.text)
    .text                                    0x000005b0   Section        0  uidiv.o(.text)
    .text                                    0x000005dc   Section        0  llshl.o(.text)
    .text                                    0x000005fa   Section        0  llushr.o(.text)
    .text                                    0x0000061a   Section        0  fepilogue.o(.text)
    .text                                    0x00000688   Section        0  dadd.o(.text)
    .text                                    0x000007d6   Section        0  dmul.o(.text)
    .text                                    0x000008ba   Section        0  ddiv.o(.text)
    .text                                    0x00000998   Section        0  dfixul.o(.text)
    .text                                    0x000009c8   Section       48  cdrcmple.o(.text)
    .text                                    0x000009f8   Section       36  init.o(.text)
    .text                                    0x00000a1c   Section        0  llsshr.o(.text)
    .text                                    0x00000a40   Section        0  depilogue.o(.text)
    i.ADC_AddAdcChannel                      0x00000afc   Section        0  hc32f460_adc.o(i.ADC_AddAdcChannel)
    i.ADC_AddAvgChannel                      0x00000be8   Section        0  hc32f460_adc.o(i.ADC_AddAvgChannel)
    i.ADC_ClrEocFlag                         0x00000c78   Section        0  hc32f460_adc.o(i.ADC_ClrEocFlag)
    i.ADC_ConfigAvg                          0x00000ce0   Section        0  hc32f460_adc.o(i.ADC_ConfigAvg)
    i.ADC_GetChData                          0x00000d64   Section        0  hc32f460_adc.o(i.ADC_GetChData)
    i.ADC_GetEocFlag                         0x00000e24   Section        0  hc32f460_adc.o(i.ADC_GetEocFlag)
    i.ADC_Init                               0x00000e90   Section        0  hc32f460_adc.o(i.ADC_Init)
    i.ADC_PollingSa                          0x00000fbc   Section        0  hc32f460_adc.o(i.ADC_PollingSa)
    i.ADC_ReadAllData                        0x000010d4   Section        0  hc32f460_adc.o(i.ADC_ReadAllData)
    ADC_ReadAllData                          0x000010d5   Thumb Code    30  hc32f460_adc.o(i.ADC_ReadAllData)
    i.ADC_StartConvert                       0x000010f4   Section        0  hc32f460_adc.o(i.ADC_StartConvert)
    i.ADC_StopConvert                        0x00001158   Section        0  hc32f460_adc.o(i.ADC_StopConvert)
    i.AdcChannelConfig                       0x000011dc   Section        0  main.o(i.AdcChannelConfig)
    AdcChannelConfig                         0x000011dd   Thumb Code   128  main.o(i.AdcChannelConfig)
    i.AdcClockConfig                         0x0000126c   Section        0  main.o(i.AdcClockConfig)
    AdcClockConfig                           0x0000126d   Thumb Code    98  main.o(i.AdcClockConfig)
    i.AdcConfig                              0x000012ce   Section        0  main.o(i.AdcConfig)
    AdcConfig                                0x000012cf   Thumb Code    16  main.o(i.AdcConfig)
    i.AdcInitConfig                          0x000012e0   Section        0  main.o(i.AdcInitConfig)
    AdcInitConfig                            0x000012e1   Thumb Code    72  main.o(i.AdcInitConfig)
    i.AdcSetChannelPinMode                   0x00001330   Section        0  main.o(i.AdcSetChannelPinMode)
    AdcSetChannelPinMode                     0x00001331   Thumb Code    66  main.o(i.AdcSetChannelPinMode)
    i.AdcSetPinMode                          0x00001378   Section        0  main.o(i.AdcSetPinMode)
    AdcSetPinMode                            0x00001379   Thumb Code   182  main.o(i.AdcSetPinMode)
    i.BSP_PRINTF_PortInit                    0x0000142e   Section        0  ev_hc32f460_lqfp100_v2.o(i.BSP_PRINTF_PortInit)
    i.CLK_GetFlagStatus                      0x00001440   Section        0  hc32f460_clk.o(i.CLK_GetFlagStatus)
    i.CLK_MpllCmd                            0x00001508   Section        0  hc32f460_clk.o(i.CLK_MpllCmd)
    i.CLK_MpllConfig                         0x000015e0   Section        0  hc32f460_clk.o(i.CLK_MpllConfig)
    i.CLK_SetPeriClkSource                   0x000017a0   Section        0  hc32f460_clk.o(i.CLK_SetPeriClkSource)
    i.CLK_SetPllSource                       0x00001824   Section        0  hc32f460_clk.o(i.CLK_SetPllSource)
    i.CLK_SetSysClkSource                    0x000018a8   Section        0  hc32f460_clk.o(i.CLK_SetSysClkSource)
    i.CLK_SysClkConfig                       0x000019d8   Section        0  hc32f460_clk.o(i.CLK_SysClkConfig)
    i.CLK_UpllCmd                            0x00001b88   Section        0  hc32f460_clk.o(i.CLK_UpllCmd)
    i.CLK_UpllConfig                         0x00001c60   Section        0  hc32f460_clk.o(i.CLK_UpllConfig)
    i.CLK_XtalCmd                            0x00001e28   Section        0  hc32f460_clk.o(i.CLK_XtalCmd)
    i.CLK_XtalConfig                         0x00001f48   Section        0  hc32f460_clk.o(i.CLK_XtalConfig)
    i.Ddl_AssertHandler                      0x00001fac   Section        0  hc32f460_utility.o(i.Ddl_AssertHandler)
    i.Ddl_Delay1ms                           0x00001ff0   Section        0  hc32f460_utility.o(i.Ddl_Delay1ms)
    i.DebugMon_Handler                       0x0000201c   Section        0  hc32f460_interrupts.o(i.DebugMon_Handler)
    i.EFM_Lock                               0x00002024   Section        0  hc32f460_efm.o(i.EFM_Lock)
    i.EFM_SetLatency                         0x0000203c   Section        0  hc32f460_efm.o(i.EFM_SetLatency)
    i.EFM_Unlock                             0x000020cc   Section        0  hc32f460_efm.o(i.EFM_Unlock)
    i.HardFault_Handler                      0x000020e0   Section        0  hc32f460_interrupts.o(i.HardFault_Handler)
    i.IRQ000_Handler                         0x000020e8   Section        0  hc32f460_interrupts.o(i.IRQ000_Handler)
    i.IRQ001_Handler                         0x000020fc   Section        0  hc32f460_interrupts.o(i.IRQ001_Handler)
    i.IRQ002_Handler                         0x00002110   Section        0  hc32f460_interrupts.o(i.IRQ002_Handler)
    i.IRQ003_Handler                         0x00002124   Section        0  hc32f460_interrupts.o(i.IRQ003_Handler)
    i.IRQ004_Handler                         0x00002138   Section        0  hc32f460_interrupts.o(i.IRQ004_Handler)
    i.IRQ005_Handler                         0x0000214c   Section        0  hc32f460_interrupts.o(i.IRQ005_Handler)
    i.IRQ006_Handler                         0x00002160   Section        0  hc32f460_interrupts.o(i.IRQ006_Handler)
    i.IRQ007_Handler                         0x00002174   Section        0  hc32f460_interrupts.o(i.IRQ007_Handler)
    i.IRQ008_Handler                         0x00002188   Section        0  hc32f460_interrupts.o(i.IRQ008_Handler)
    i.IRQ009_Handler                         0x0000219c   Section        0  hc32f460_interrupts.o(i.IRQ009_Handler)
    i.IRQ010_Handler                         0x000021b0   Section        0  hc32f460_interrupts.o(i.IRQ010_Handler)
    i.IRQ011_Handler                         0x000021c4   Section        0  hc32f460_interrupts.o(i.IRQ011_Handler)
    i.IRQ012_Handler                         0x000021d8   Section        0  hc32f460_interrupts.o(i.IRQ012_Handler)
    i.IRQ013_Handler                         0x000021ec   Section        0  hc32f460_interrupts.o(i.IRQ013_Handler)
    i.IRQ014_Handler                         0x00002200   Section        0  hc32f460_interrupts.o(i.IRQ014_Handler)
    i.IRQ015_Handler                         0x00002214   Section        0  hc32f460_interrupts.o(i.IRQ015_Handler)
    i.IRQ016_Handler                         0x00002228   Section        0  hc32f460_interrupts.o(i.IRQ016_Handler)
    i.IRQ017_Handler                         0x0000223c   Section        0  hc32f460_interrupts.o(i.IRQ017_Handler)
    i.IRQ018_Handler                         0x00002250   Section        0  hc32f460_interrupts.o(i.IRQ018_Handler)
    i.IRQ019_Handler                         0x00002264   Section        0  hc32f460_interrupts.o(i.IRQ019_Handler)
    i.IRQ020_Handler                         0x00002278   Section        0  hc32f460_interrupts.o(i.IRQ020_Handler)
    i.IRQ021_Handler                         0x0000228c   Section        0  hc32f460_interrupts.o(i.IRQ021_Handler)
    i.IRQ022_Handler                         0x000022a0   Section        0  hc32f460_interrupts.o(i.IRQ022_Handler)
    i.IRQ023_Handler                         0x000022b4   Section        0  hc32f460_interrupts.o(i.IRQ023_Handler)
    i.IRQ024_Handler                         0x000022c8   Section        0  hc32f460_interrupts.o(i.IRQ024_Handler)
    i.IRQ025_Handler                         0x000022dc   Section        0  hc32f460_interrupts.o(i.IRQ025_Handler)
    i.IRQ026_Handler                         0x000022f0   Section        0  hc32f460_interrupts.o(i.IRQ026_Handler)
    i.IRQ027_Handler                         0x00002304   Section        0  hc32f460_interrupts.o(i.IRQ027_Handler)
    i.IRQ028_Handler                         0x00002318   Section        0  hc32f460_interrupts.o(i.IRQ028_Handler)
    i.IRQ029_Handler                         0x0000232c   Section        0  hc32f460_interrupts.o(i.IRQ029_Handler)
    i.IRQ030_Handler                         0x00002340   Section        0  hc32f460_interrupts.o(i.IRQ030_Handler)
    i.IRQ031_Handler                         0x00002354   Section        0  hc32f460_interrupts.o(i.IRQ031_Handler)
    i.IRQ032_Handler                         0x00002368   Section        0  hc32f460_interrupts.o(i.IRQ032_Handler)
    i.IRQ033_Handler                         0x00002380   Section        0  hc32f460_interrupts.o(i.IRQ033_Handler)
    i.IRQ034_Handler                         0x00002398   Section        0  hc32f460_interrupts.o(i.IRQ034_Handler)
    i.IRQ035_Handler                         0x000023b0   Section        0  hc32f460_interrupts.o(i.IRQ035_Handler)
    i.IRQ036_Handler                         0x000023c8   Section        0  hc32f460_interrupts.o(i.IRQ036_Handler)
    i.IRQ037_Handler                         0x000023e0   Section        0  hc32f460_interrupts.o(i.IRQ037_Handler)
    i.IRQ038_Handler                         0x000023f8   Section        0  hc32f460_interrupts.o(i.IRQ038_Handler)
    i.IRQ039_Handler                         0x00002410   Section        0  hc32f460_interrupts.o(i.IRQ039_Handler)
    i.IRQ040_Handler                         0x00002428   Section        0  hc32f460_interrupts.o(i.IRQ040_Handler)
    i.IRQ041_Handler                         0x00002440   Section        0  hc32f460_interrupts.o(i.IRQ041_Handler)
    i.IRQ042_Handler                         0x00002458   Section        0  hc32f460_interrupts.o(i.IRQ042_Handler)
    i.IRQ043_Handler                         0x00002470   Section        0  hc32f460_interrupts.o(i.IRQ043_Handler)
    i.IRQ044_Handler                         0x00002488   Section        0  hc32f460_interrupts.o(i.IRQ044_Handler)
    i.IRQ045_Handler                         0x000024a0   Section        0  hc32f460_interrupts.o(i.IRQ045_Handler)
    i.IRQ046_Handler                         0x000024b8   Section        0  hc32f460_interrupts.o(i.IRQ046_Handler)
    i.IRQ047_Handler                         0x000024d0   Section        0  hc32f460_interrupts.o(i.IRQ047_Handler)
    i.IRQ048_Handler                         0x000024e8   Section        0  hc32f460_interrupts.o(i.IRQ048_Handler)
    i.IRQ049_Handler                         0x00002500   Section        0  hc32f460_interrupts.o(i.IRQ049_Handler)
    i.IRQ050_Handler                         0x00002518   Section        0  hc32f460_interrupts.o(i.IRQ050_Handler)
    i.IRQ051_Handler                         0x00002530   Section        0  hc32f460_interrupts.o(i.IRQ051_Handler)
    i.IRQ052_Handler                         0x00002548   Section        0  hc32f460_interrupts.o(i.IRQ052_Handler)
    i.IRQ053_Handler                         0x00002560   Section        0  hc32f460_interrupts.o(i.IRQ053_Handler)
    i.IRQ054_Handler                         0x00002578   Section        0  hc32f460_interrupts.o(i.IRQ054_Handler)
    i.IRQ055_Handler                         0x00002590   Section        0  hc32f460_interrupts.o(i.IRQ055_Handler)
    i.IRQ056_Handler                         0x000025a8   Section        0  hc32f460_interrupts.o(i.IRQ056_Handler)
    i.IRQ057_Handler                         0x000025c0   Section        0  hc32f460_interrupts.o(i.IRQ057_Handler)
    i.IRQ058_Handler                         0x000025d8   Section        0  hc32f460_interrupts.o(i.IRQ058_Handler)
    i.IRQ059_Handler                         0x000025f0   Section        0  hc32f460_interrupts.o(i.IRQ059_Handler)
    i.IRQ060_Handler                         0x00002608   Section        0  hc32f460_interrupts.o(i.IRQ060_Handler)
    i.IRQ061_Handler                         0x00002620   Section        0  hc32f460_interrupts.o(i.IRQ061_Handler)
    i.IRQ062_Handler                         0x00002638   Section        0  hc32f460_interrupts.o(i.IRQ062_Handler)
    i.IRQ063_Handler                         0x00002650   Section        0  hc32f460_interrupts.o(i.IRQ063_Handler)
    i.IRQ064_Handler                         0x00002668   Section        0  hc32f460_interrupts.o(i.IRQ064_Handler)
    i.IRQ065_Handler                         0x00002680   Section        0  hc32f460_interrupts.o(i.IRQ065_Handler)
    i.IRQ066_Handler                         0x00002698   Section        0  hc32f460_interrupts.o(i.IRQ066_Handler)
    i.IRQ067_Handler                         0x000026b0   Section        0  hc32f460_interrupts.o(i.IRQ067_Handler)
    i.IRQ068_Handler                         0x000026c8   Section        0  hc32f460_interrupts.o(i.IRQ068_Handler)
    i.IRQ069_Handler                         0x000026e0   Section        0  hc32f460_interrupts.o(i.IRQ069_Handler)
    i.IRQ070_Handler                         0x000026f8   Section        0  hc32f460_interrupts.o(i.IRQ070_Handler)
    i.IRQ071_Handler                         0x00002710   Section        0  hc32f460_interrupts.o(i.IRQ071_Handler)
    i.IRQ072_Handler                         0x00002728   Section        0  hc32f460_interrupts.o(i.IRQ072_Handler)
    i.IRQ073_Handler                         0x00002740   Section        0  hc32f460_interrupts.o(i.IRQ073_Handler)
    i.IRQ074_Handler                         0x00002758   Section        0  hc32f460_interrupts.o(i.IRQ074_Handler)
    i.IRQ075_Handler                         0x00002770   Section        0  hc32f460_interrupts.o(i.IRQ075_Handler)
    i.IRQ076_Handler                         0x00002788   Section        0  hc32f460_interrupts.o(i.IRQ076_Handler)
    i.IRQ077_Handler                         0x000027a0   Section        0  hc32f460_interrupts.o(i.IRQ077_Handler)
    i.IRQ078_Handler                         0x000027b8   Section        0  hc32f460_interrupts.o(i.IRQ078_Handler)
    i.IRQ079_Handler                         0x000027d0   Section        0  hc32f460_interrupts.o(i.IRQ079_Handler)
    i.IRQ080_Handler                         0x000027e8   Section        0  hc32f460_interrupts.o(i.IRQ080_Handler)
    i.IRQ081_Handler                         0x00002800   Section        0  hc32f460_interrupts.o(i.IRQ081_Handler)
    i.IRQ082_Handler                         0x00002818   Section        0  hc32f460_interrupts.o(i.IRQ082_Handler)
    i.IRQ083_Handler                         0x00002830   Section        0  hc32f460_interrupts.o(i.IRQ083_Handler)
    i.IRQ084_Handler                         0x00002848   Section        0  hc32f460_interrupts.o(i.IRQ084_Handler)
    i.IRQ085_Handler                         0x00002860   Section        0  hc32f460_interrupts.o(i.IRQ085_Handler)
    i.IRQ086_Handler                         0x00002878   Section        0  hc32f460_interrupts.o(i.IRQ086_Handler)
    i.IRQ087_Handler                         0x00002890   Section        0  hc32f460_interrupts.o(i.IRQ087_Handler)
    i.IRQ088_Handler                         0x000028a8   Section        0  hc32f460_interrupts.o(i.IRQ088_Handler)
    i.IRQ089_Handler                         0x000028c0   Section        0  hc32f460_interrupts.o(i.IRQ089_Handler)
    i.IRQ090_Handler                         0x000028d8   Section        0  hc32f460_interrupts.o(i.IRQ090_Handler)
    i.IRQ091_Handler                         0x000028f0   Section        0  hc32f460_interrupts.o(i.IRQ091_Handler)
    i.IRQ092_Handler                         0x00002908   Section        0  hc32f460_interrupts.o(i.IRQ092_Handler)
    i.IRQ093_Handler                         0x00002920   Section        0  hc32f460_interrupts.o(i.IRQ093_Handler)
    i.IRQ094_Handler                         0x00002938   Section        0  hc32f460_interrupts.o(i.IRQ094_Handler)
    i.IRQ095_Handler                         0x00002950   Section        0  hc32f460_interrupts.o(i.IRQ095_Handler)
    i.IRQ096_Handler                         0x00002968   Section        0  hc32f460_interrupts.o(i.IRQ096_Handler)
    i.IRQ097_Handler                         0x00002980   Section        0  hc32f460_interrupts.o(i.IRQ097_Handler)
    i.IRQ098_Handler                         0x00002998   Section        0  hc32f460_interrupts.o(i.IRQ098_Handler)
    i.IRQ099_Handler                         0x000029b0   Section        0  hc32f460_interrupts.o(i.IRQ099_Handler)
    i.IRQ100_Handler                         0x000029c8   Section        0  hc32f460_interrupts.o(i.IRQ100_Handler)
    i.IRQ101_Handler                         0x000029e0   Section        0  hc32f460_interrupts.o(i.IRQ101_Handler)
    i.IRQ102_Handler                         0x000029f8   Section        0  hc32f460_interrupts.o(i.IRQ102_Handler)
    i.IRQ103_Handler                         0x00002a10   Section        0  hc32f460_interrupts.o(i.IRQ103_Handler)
    i.IRQ104_Handler                         0x00002a28   Section        0  hc32f460_interrupts.o(i.IRQ104_Handler)
    i.IRQ105_Handler                         0x00002a40   Section        0  hc32f460_interrupts.o(i.IRQ105_Handler)
    i.IRQ106_Handler                         0x00002a58   Section        0  hc32f460_interrupts.o(i.IRQ106_Handler)
    i.IRQ107_Handler                         0x00002a70   Section        0  hc32f460_interrupts.o(i.IRQ107_Handler)
    i.IRQ108_Handler                         0x00002a88   Section        0  hc32f460_interrupts.o(i.IRQ108_Handler)
    i.IRQ109_Handler                         0x00002aa0   Section        0  hc32f460_interrupts.o(i.IRQ109_Handler)
    i.IRQ110_Handler                         0x00002ab8   Section        0  hc32f460_interrupts.o(i.IRQ110_Handler)
    i.IRQ111_Handler                         0x00002ad0   Section        0  hc32f460_interrupts.o(i.IRQ111_Handler)
    i.IRQ112_Handler                         0x00002ae8   Section        0  hc32f460_interrupts.o(i.IRQ112_Handler)
    i.IRQ113_Handler                         0x00002b00   Section        0  hc32f460_interrupts.o(i.IRQ113_Handler)
    i.IRQ114_Handler                         0x00002b18   Section        0  hc32f460_interrupts.o(i.IRQ114_Handler)
    i.IRQ115_Handler                         0x00002b30   Section        0  hc32f460_interrupts.o(i.IRQ115_Handler)
    i.IRQ116_Handler                         0x00002b48   Section        0  hc32f460_interrupts.o(i.IRQ116_Handler)
    i.IRQ117_Handler                         0x00002b60   Section        0  hc32f460_interrupts.o(i.IRQ117_Handler)
    i.IRQ118_Handler                         0x00002b78   Section        0  hc32f460_interrupts.o(i.IRQ118_Handler)
    i.IRQ119_Handler                         0x00002b90   Section        0  hc32f460_interrupts.o(i.IRQ119_Handler)
    i.IRQ120_Handler                         0x00002ba8   Section        0  hc32f460_interrupts.o(i.IRQ120_Handler)
    i.IRQ121_Handler                         0x00002bc0   Section        0  hc32f460_interrupts.o(i.IRQ121_Handler)
    i.IRQ122_Handler                         0x00002bd8   Section        0  hc32f460_interrupts.o(i.IRQ122_Handler)
    i.IRQ123_Handler                         0x00002bf0   Section        0  hc32f460_interrupts.o(i.IRQ123_Handler)
    i.IRQ124_Handler                         0x00002c08   Section        0  hc32f460_interrupts.o(i.IRQ124_Handler)
    i.IRQ125_Handler                         0x00002c20   Section        0  hc32f460_interrupts.o(i.IRQ125_Handler)
    i.IRQ126_Handler                         0x00002c38   Section        0  hc32f460_interrupts.o(i.IRQ126_Handler)
    i.IRQ127_Handler                         0x00002c50   Section        0  hc32f460_interrupts.o(i.IRQ127_Handler)
    i.MemManage_Handler                      0x00002c68   Section        0  hc32f460_interrupts.o(i.MemManage_Handler)
    i.NMI_Handler                            0x00002c70   Section        0  hc32f460_interrupts.o(i.NMI_Handler)
    i.NMI_IrqHandler                         0x00002c78   Section        0  hc32f460_exint_nmi_swi.o(i.NMI_IrqHandler)
    i.PORT_Init                              0x00002cd0   Section        0  hc32f460_gpio.o(i.PORT_Init)
    i.PORT_Lock                              0x00002ec8   Section        0  hc32f460_gpio.o(i.PORT_Lock)
    i.PORT_SetFunc                           0x00002ed8   Section        0  hc32f460_gpio.o(i.PORT_SetFunc)
    i.PORT_Unlock                            0x00002fd4   Section        0  hc32f460_gpio.o(i.PORT_Unlock)
    i.PWC_Fcg3PeriphClockCmd                 0x00002fe4   Section        0  hc32f460_pwc.o(i.PWC_Fcg3PeriphClockCmd)
    i.PendSV_Handler                         0x00003068   Section        0  hc32f460_interrupts.o(i.PendSV_Handler)
    i.SRAM_CK_Disable                        0x00003070   Section        0  hc32f460_sram.o(i.SRAM_CK_Disable)
    i.SRAM_CK_Enable                         0x00003080   Section        0  hc32f460_sram.o(i.SRAM_CK_Enable)
    i.SRAM_Init                              0x00003090   Section        0  hc32f460_sram.o(i.SRAM_Init)
    i.SRAM_WT_Disable                        0x00003220   Section        0  hc32f460_sram.o(i.SRAM_WT_Disable)
    i.SRAM_WT_Enable                         0x00003230   Section        0  hc32f460_sram.o(i.SRAM_WT_Enable)
    i.SVC_Handler                            0x00003240   Section        0  hc32f460_interrupts.o(i.SVC_Handler)
    i.SetUartBaudrate                        0x00003248   Section        0  hc32f460_utility.o(i.SetUartBaudrate)
    SetUartBaudrate                          0x00003249   Thumb Code   336  hc32f460_utility.o(i.SetUartBaudrate)
    i.SysTick_Handler                        0x000033a4   Section        0  hc32f460_interrupts.o(i.SysTick_Handler)
    i.SystemClockConfig                      0x000033ac   Section        0  main.o(i.SystemClockConfig)
    SystemClockConfig                        0x000033ad   Thumb Code   168  main.o(i.SystemClockConfig)
    i.SystemCoreClockUpdate                  0x00003458   Section        0  system_hc32f460.o(i.SystemCoreClockUpdate)
    i.SystemInit                             0x00003544   Section        0  system_hc32f460.o(i.SystemInit)
    i.UART_PrintfInit                        0x0000354c   Section        0  hc32f460_utility.o(i.UART_PrintfInit)
    i.UartPutChar                            0x00003648   Section        0  hc32f460_utility.o(i.UartPutChar)
    UartPutChar                              0x00003649   Thumb Code    50  hc32f460_utility.o(i.UartPutChar)
    i.UsageFault_Handler                     0x00003680   Section        0  hc32f460_interrupts.o(i.UsageFault_Handler)
    i.__0printf                              0x00003688   Section        0  printfa.o(i.__0printf)
    i.__scatterload_copy                     0x000036a8   Section       14  handlers.o(i.__scatterload_copy)
    i.__scatterload_zeroinit                 0x000036b6   Section       14  handlers.o(i.__scatterload_zeroinit)
    i._fp_digits                             0x000036c4   Section        0  printfa.o(i._fp_digits)
    _fp_digits                               0x000036c5   Thumb Code   366  printfa.o(i._fp_digits)
    i._printf_core                           0x00003848   Section        0  printfa.o(i._printf_core)
    _printf_core                             0x00003849   Thumb Code  1744  printfa.o(i._printf_core)
    i._printf_post_padding                   0x00003f24   Section        0  printfa.o(i._printf_post_padding)
    _printf_post_padding                     0x00003f25   Thumb Code    36  printfa.o(i._printf_post_padding)
    i._printf_pre_padding                    0x00003f48   Section        0  printfa.o(i._printf_pre_padding)
    _printf_pre_padding                      0x00003f49   Thumb Code    46  printfa.o(i._printf_pre_padding)
    i.fputc                                  0x00003f78   Section        0  hc32f460_utility.o(i.fputc)
    i.main                                   0x00003f98   Section        0  main.o(i.main)
    .data                                    0x1fff8000   Section        8  system_hc32f460.o(.data)
    .data                                    0x1fff8008   Section        7  main.o(.data)
    m_stcSysclkCfg                           0x1fff8008   Data           7  main.o(.data)
    .data                                    0x1fff8010   Section       16  hc32f460_utility.o(.data)
    m_u32TickStep                            0x1fff8010   Data           4  hc32f460_utility.o(.data)
    m_u32TickCount                           0x1fff8014   Data           4  hc32f460_utility.o(.data)
    m_PrintfDevice                           0x1fff8018   Data           4  hc32f460_utility.o(.data)
    m_u32PrintfTimeout                       0x1fff801c   Data           4  hc32f460_utility.o(.data)
    .data                                    0x1fff8020   Section        4  hc32f460_exint_nmi_swi.o(.data)
    pfnNmiCallback                           0x1fff8020   Data           4  hc32f460_exint_nmi_swi.o(.data)
    .data                                    0x1fff8024   Section        4  stdout.o(.data)
    .bss                                     0x1fff8028   Section       52  main.o(.bss)
    m_au16Adc1Value                          0x1fff8028   Data          34  main.o(.bss)
    m_au16Adc2Value                          0x1fff804a   Data          18  main.o(.bss)
    .bss                                     0x1fff805c   Section      512  hc32f460_interrupts.o(.bss)
    STACK                                    0x1fff8260   Section     1024  startup_hc32f460.o(STACK)

    Global Symbols

    Symbol Name                              Value     Ov Type        Size  Object(Section)

    BuildAttributes$$THM_ISAv4$E$P$D$K$B$S$7EM$PE$A:L22UL41UL21$X:L11$S22US41US21$IEEE1$IW$USESV6$~STKCKD$USESV7$~SHL$OTIME$ROPI$EBA8$MICROLIB$REQ8$PRES8$EABIv2 0x00000000   Number         0  anon$$obj.o ABSOLUTE
    __ARM_use_no_argv                        0x00000000   Number         0  main.o ABSOLUTE
    __Vectors                                0x00000000   Data           4  startup_hc32f460.o(RESET)
    _printf_a                                0x00000000   Number         0  stubs.o ABSOLUTE
    _printf_c                                0x00000000   Number         0  stubs.o ABSOLUTE
    _printf_charcount                        0x00000000   Number         0  stubs.o ABSOLUTE
    _printf_d                                0x00000000   Number         0  stubs.o ABSOLUTE
    _printf_e                                0x00000000   Number         0  stubs.o ABSOLUTE
    _printf_f                                0x00000000   Number         0  stubs.o ABSOLUTE
    _printf_flags                            0x00000000   Number         0  stubs.o ABSOLUTE
    _printf_fp_dec                           0x00000000   Number         0  stubs.o ABSOLUTE
    _printf_fp_hex                           0x00000000   Number         0  stubs.o ABSOLUTE
    _printf_g                                0x00000000   Number         0  stubs.o ABSOLUTE
    _printf_i                                0x00000000   Number         0  stubs.o ABSOLUTE
    _printf_int_dec                          0x00000000   Number         0  stubs.o ABSOLUTE
    _printf_l                                0x00000000   Number         0  stubs.o ABSOLUTE
    _printf_lc                               0x00000000   Number         0  stubs.o ABSOLUTE
    _printf_ll                               0x00000000   Number         0  stubs.o ABSOLUTE
    _printf_lld                              0x00000000   Number         0  stubs.o ABSOLUTE
    _printf_lli                              0x00000000   Number         0  stubs.o ABSOLUTE
    _printf_llo                              0x00000000   Number         0  stubs.o ABSOLUTE
    _printf_llu                              0x00000000   Number         0  stubs.o ABSOLUTE
    _printf_llx                              0x00000000   Number         0  stubs.o ABSOLUTE
    _printf_longlong_dec                     0x00000000   Number         0  stubs.o ABSOLUTE
    _printf_longlong_hex                     0x00000000   Number         0  stubs.o ABSOLUTE
    _printf_longlong_oct                     0x00000000   Number         0  stubs.o ABSOLUTE
    _printf_ls                               0x00000000   Number         0  stubs.o ABSOLUTE
    _printf_mbtowc                           0x00000000   Number         0  stubs.o ABSOLUTE
    _printf_n                                0x00000000   Number         0  stubs.o ABSOLUTE
    _printf_o                                0x00000000   Number         0  stubs.o ABSOLUTE
    _printf_p                                0x00000000   Number         0  stubs.o ABSOLUTE
    _printf_percent                          0x00000000   Number         0  stubs.o ABSOLUTE
    _printf_pre_padding                      0x00000000   Number         0  stubs.o ABSOLUTE
    _printf_return_value                     0x00000000   Number         0  stubs.o ABSOLUTE
    _printf_s                                0x00000000   Number         0  stubs.o ABSOLUTE
    _printf_sizespec                         0x00000000   Number         0  stubs.o ABSOLUTE
    _printf_str                              0x00000000   Number         0  stubs.o ABSOLUTE
    _printf_truncate_signed                  0x00000000   Number         0  stubs.o ABSOLUTE
    _printf_truncate_unsigned                0x00000000   Number         0  stubs.o ABSOLUTE
    _printf_u                                0x00000000   Number         0  stubs.o ABSOLUTE
    _printf_wc                               0x00000000   Number         0  stubs.o ABSOLUTE
    _printf_wctomb                           0x00000000   Number         0  stubs.o ABSOLUTE
    _printf_widthprec                        0x00000000   Number         0  stubs.o ABSOLUTE
    _printf_x                                0x00000000   Number         0  stubs.o ABSOLUTE
    BusFault_IrqHandler                       - Undefined Weak Reference
    DebugMon_IrqHandler                       - Undefined Weak Reference
    HardFault_IrqHandler                      - Undefined Weak Reference
    MemManage_IrqHandler                      - Undefined Weak Reference
    PendSV_IrqHandler                         - Undefined Weak Reference
    SVC_IrqHandler                            - Undefined Weak Reference
    SysTick_IrqHandler                        - Undefined Weak Reference
    UsageFault_IrqHandler                     - Undefined Weak Reference
    __cpp_initialize__aeabi_                  - Undefined Weak Reference
    __cxa_finalize                            - Undefined Weak Reference
    __decompress                              - Undefined Weak Reference
    _clock_init                               - Undefined Weak Reference
    _microlib_exit                            - Undefined Weak Reference
    __Vectors_End                            0x00000280   Data           0  startup_hc32f460.o(RESET)
    __Vectors_Size                           0x00000280   Number         0  startup_hc32f460.o ABSOLUTE
    __main                                   0x00000281   Thumb Code     0  entry.o(.ARM.Collect$$$$00000000)
    _main_stk                                0x00000281   Thumb Code     0  entry2.o(.ARM.Collect$$$$00000001)
    _main_scatterload                        0x00000285   Thumb Code     0  entry5.o(.ARM.Collect$$$$00000004)
    __main_after_scatterload                 0x00000289   Thumb Code     0  entry5.o(.ARM.Collect$$$$00000004)
    _main_clock                              0x00000289   Thumb Code     0  entry7b.o(.ARM.Collect$$$$00000008)
    _main_cpp_init                           0x00000289   Thumb Code     0  entry8b.o(.ARM.Collect$$$$0000000A)
    _main_init                               0x00000289   Thumb Code     0  entry9a.o(.ARM.Collect$$$$0000000B)
    __rt_final_cpp                           0x00000291   Thumb Code     0  entry10a.o(.ARM.Collect$$$$0000000D)
    __rt_final_exit                          0x00000291   Thumb Code     0  entry11a.o(.ARM.Collect$$$$0000000F)
    Reset_Handler                            0x00000295   Thumb Code    48  startup_hc32f460.o(.text)
    IRQ128_Handler                           0x000002d7   Thumb Code     0  startup_hc32f460.o(.text)
    IRQ129_Handler                           0x000002d7   Thumb Code     0  startup_hc32f460.o(.text)
    IRQ130_Handler                           0x000002d7   Thumb Code     0  startup_hc32f460.o(.text)
    IRQ131_Handler                           0x000002d7   Thumb Code     0  startup_hc32f460.o(.text)
    IRQ132_Handler                           0x000002d7   Thumb Code     0  startup_hc32f460.o(.text)
    IRQ133_Handler                           0x000002d7   Thumb Code     0  startup_hc32f460.o(.text)
    IRQ134_Handler                           0x000002d7   Thumb Code     0  startup_hc32f460.o(.text)
    IRQ135_Handler                           0x000002d7   Thumb Code     0  startup_hc32f460.o(.text)
    IRQ136_Handler                           0x000002d7   Thumb Code     0  startup_hc32f460.o(.text)
    IRQ137_Handler                           0x000002d7   Thumb Code     0  startup_hc32f460.o(.text)
    IRQ138_Handler                           0x000002d7   Thumb Code     0  startup_hc32f460.o(.text)
    IRQ139_Handler                           0x000002d7   Thumb Code     0  startup_hc32f460.o(.text)
    IRQ140_Handler                           0x000002d7   Thumb Code     0  startup_hc32f460.o(.text)
    IRQ141_Handler                           0x000002d7   Thumb Code     0  startup_hc32f460.o(.text)
    IRQ142_Handler                           0x000002d7   Thumb Code     0  startup_hc32f460.o(.text)
    IRQ143_Handler                           0x000002d7   Thumb Code     0  startup_hc32f460.o(.text)
    __aeabi_uldivmod                         0x000002ed   Thumb Code    98  uldiv.o(.text)
    __aeabi_memset                           0x0000034f   Thumb Code    14  memseta.o(.text)
    __aeabi_memset4                          0x0000034f   Thumb Code     0  memseta.o(.text)
    __aeabi_memset8                          0x0000034f   Thumb Code     0  memseta.o(.text)
    __aeabi_memclr                           0x0000035d   Thumb Code     4  memseta.o(.text)
    __aeabi_memclr4                          0x0000035d   Thumb Code     0  memseta.o(.text)
    __aeabi_memclr8                          0x0000035d   Thumb Code     0  memseta.o(.text)
    _memset$wrapper                          0x00000361   Thumb Code    18  memseta.o(.text)
    __aeabi_fmul                             0x00000373   Thumb Code   100  fmul.o(.text)
    __aeabi_ui2f                             0x000003d7   Thumb Code    10  ffltui.o(.text)
    __aeabi_cfcmpeq                          0x000003e1   Thumb Code     0  cfcmple.o(.text)
    __aeabi_cfcmple                          0x000003e1   Thumb Code    20  cfcmple.o(.text)
    BusFault_Handler                         0x000003f5   Thumb Code     8  hc32f460_interrupts.o(i.BusFault_Handler)
    __I$use$fp                               0x000003f5   Thumb Code     0  iusefp.o(.text)
    __scatterload_null                       0x000003fd   Thumb Code     2  handlers.o(i.__scatterload_null)
    u32ICG                                   0x00000400   Data          32  hc32f460_icg.o(.ARM.__AT_0x00000400)
    __aeabi_fadd                             0x00000421   Thumb Code   164  fadd.o(.text)
    __aeabi_fsub                             0x000004c5   Thumb Code     6  fadd.o(.text)
    __aeabi_frsub                            0x000004cb   Thumb Code     6  fadd.o(.text)
    __aeabi_fdiv                             0x000004d1   Thumb Code   124  fdiv.o(.text)
    __aeabi_f2uiz                            0x0000054d   Thumb Code    40  ffixui.o(.text)
    __aeabi_f2d                              0x00000575   Thumb Code    38  f2d.o(.text)
    __aeabi_cfrcmple                         0x0000059d   Thumb Code    20  cfrcmple.o(.text)
    __aeabi_uidiv                            0x000005b1   Thumb Code     0  uidiv.o(.text)
    __aeabi_uidivmod                         0x000005b1   Thumb Code    44  uidiv.o(.text)
    __aeabi_llsl                             0x000005dd   Thumb Code    30  llshl.o(.text)
    _ll_shift_l                              0x000005dd   Thumb Code     0  llshl.o(.text)
    __aeabi_llsr                             0x000005fb   Thumb Code    32  llushr.o(.text)
    _ll_ushift_r                             0x000005fb   Thumb Code     0  llushr.o(.text)
    _float_round                             0x0000061b   Thumb Code    18  fepilogue.o(.text)
    _float_epilogue                          0x0000062d   Thumb Code    92  fepilogue.o(.text)
    __aeabi_dadd                             0x00000689   Thumb Code   322  dadd.o(.text)
    __aeabi_dsub                             0x000007cb   Thumb Code     6  dadd.o(.text)
    __aeabi_drsub                            0x000007d1   Thumb Code     6  dadd.o(.text)
    __aeabi_dmul                             0x000007d7   Thumb Code   228  dmul.o(.text)
    __aeabi_ddiv                             0x000008bb   Thumb Code   222  ddiv.o(.text)
    __aeabi_d2ulz                            0x00000999   Thumb Code    48  dfixul.o(.text)
    __aeabi_cdrcmple                         0x000009c9   Thumb Code    48  cdrcmple.o(.text)
    __scatterload                            0x000009f9   Thumb Code    28  init.o(.text)
    __scatterload_rt2                        0x000009f9   Thumb Code     0  init.o(.text)
    __aeabi_lasr                             0x00000a1d   Thumb Code    36  llsshr.o(.text)
    _ll_sshift_r                             0x00000a1d   Thumb Code     0  llsshr.o(.text)
    _double_round                            0x00000a41   Thumb Code    30  depilogue.o(.text)
    _double_epilogue                         0x00000a5f   Thumb Code   156  depilogue.o(.text)
    ADC_AddAdcChannel                        0x00000afd   Thumb Code   184  hc32f460_adc.o(i.ADC_AddAdcChannel)
    ADC_AddAvgChannel                        0x00000be9   Thumb Code    92  hc32f460_adc.o(i.ADC_AddAvgChannel)
    ADC_ClrEocFlag                           0x00000c79   Thumb Code    52  hc32f460_adc.o(i.ADC_ClrEocFlag)
    ADC_ConfigAvg                            0x00000ce1   Thumb Code    80  hc32f460_adc.o(i.ADC_ConfigAvg)
    ADC_GetChData                            0x00000d65   Thumb Code   138  hc32f460_adc.o(i.ADC_GetChData)
    ADC_GetEocFlag                           0x00000e25   Thumb Code    54  hc32f460_adc.o(i.ADC_GetEocFlag)
    ADC_Init                                 0x00000e91   Thumb Code   246  hc32f460_adc.o(i.ADC_Init)
    ADC_PollingSa                            0x00000fbd   Thumb Code   224  hc32f460_adc.o(i.ADC_PollingSa)
    ADC_StartConvert                         0x000010f5   Thumb Code    46  hc32f460_adc.o(i.ADC_StartConvert)
    ADC_StopConvert                          0x00001159   Thumb Code    78  hc32f460_adc.o(i.ADC_StopConvert)
    BSP_PRINTF_PortInit                      0x0000142f   Thumb Code    16  ev_hc32f460_lqfp100_v2.o(i.BSP_PRINTF_PortInit)
    CLK_GetFlagStatus                        0x00001441   Thumb Code   152  hc32f460_clk.o(i.CLK_GetFlagStatus)
    CLK_MpllCmd                              0x00001509   Thumb Code   162  hc32f460_clk.o(i.CLK_MpllCmd)
    CLK_MpllConfig                           0x000015e1   Thumb Code   372  hc32f460_clk.o(i.CLK_MpllConfig)
    CLK_SetPeriClkSource                     0x000017a1   Thumb Code    78  hc32f460_clk.o(i.CLK_SetPeriClkSource)
    CLK_SetPllSource                         0x00001825   Thumb Code    80  hc32f460_clk.o(i.CLK_SetPllSource)
    CLK_SetSysClkSource                      0x000018a9   Thumb Code   240  hc32f460_clk.o(i.CLK_SetSysClkSource)
    CLK_SysClkConfig                         0x000019d9   Thumb Code   366  hc32f460_clk.o(i.CLK_SysClkConfig)
    CLK_UpllCmd                              0x00001b89   Thumb Code   164  hc32f460_clk.o(i.CLK_UpllCmd)
    CLK_UpllConfig                           0x00001c61   Thumb Code   380  hc32f460_clk.o(i.CLK_UpllConfig)
    CLK_XtalCmd                              0x00001e29   Thumb Code   230  hc32f460_clk.o(i.CLK_XtalCmd)
    CLK_XtalConfig                           0x00001f49   Thumb Code    92  hc32f460_clk.o(i.CLK_XtalConfig)
    Ddl_AssertHandler                        0x00001fad   Thumb Code    18  hc32f460_utility.o(i.Ddl_AssertHandler)
    Ddl_Delay1ms                             0x00001ff1   Thumb Code    40  hc32f460_utility.o(i.Ddl_Delay1ms)
    DebugMon_Handler                         0x0000201d   Thumb Code     8  hc32f460_interrupts.o(i.DebugMon_Handler)
    EFM_Lock                                 0x00002025   Thumb Code    20  hc32f460_efm.o(i.EFM_Lock)
    EFM_SetLatency                           0x0000203d   Thumb Code    94  hc32f460_efm.o(i.EFM_SetLatency)
    EFM_Unlock                               0x000020cd   Thumb Code    16  hc32f460_efm.o(i.EFM_Unlock)
    HardFault_Handler                        0x000020e1   Thumb Code     8  hc32f460_interrupts.o(i.HardFault_Handler)
    IRQ000_Handler                           0x000020e9   Thumb Code    16  hc32f460_interrupts.o(i.IRQ000_Handler)
    IRQ001_Handler                           0x000020fd   Thumb Code    16  hc32f460_interrupts.o(i.IRQ001_Handler)
    IRQ002_Handler                           0x00002111   Thumb Code    16  hc32f460_interrupts.o(i.IRQ002_Handler)
    IRQ003_Handler                           0x00002125   Thumb Code    16  hc32f460_interrupts.o(i.IRQ003_Handler)
    IRQ004_Handler                           0x00002139   Thumb Code    16  hc32f460_interrupts.o(i.IRQ004_Handler)
    IRQ005_Handler                           0x0000214d   Thumb Code    16  hc32f460_interrupts.o(i.IRQ005_Handler)
    IRQ006_Handler                           0x00002161   Thumb Code    16  hc32f460_interrupts.o(i.IRQ006_Handler)
    IRQ007_Handler                           0x00002175   Thumb Code    16  hc32f460_interrupts.o(i.IRQ007_Handler)
    IRQ008_Handler                           0x00002189   Thumb Code    16  hc32f460_interrupts.o(i.IRQ008_Handler)
    IRQ009_Handler                           0x0000219d   Thumb Code    16  hc32f460_interrupts.o(i.IRQ009_Handler)
    IRQ010_Handler                           0x000021b1   Thumb Code    16  hc32f460_interrupts.o(i.IRQ010_Handler)
    IRQ011_Handler                           0x000021c5   Thumb Code    16  hc32f460_interrupts.o(i.IRQ011_Handler)
    IRQ012_Handler                           0x000021d9   Thumb Code    16  hc32f460_interrupts.o(i.IRQ012_Handler)
    IRQ013_Handler                           0x000021ed   Thumb Code    16  hc32f460_interrupts.o(i.IRQ013_Handler)
    IRQ014_Handler                           0x00002201   Thumb Code    16  hc32f460_interrupts.o(i.IRQ014_Handler)
    IRQ015_Handler                           0x00002215   Thumb Code    16  hc32f460_interrupts.o(i.IRQ015_Handler)
    IRQ016_Handler                           0x00002229   Thumb Code    16  hc32f460_interrupts.o(i.IRQ016_Handler)
    IRQ017_Handler                           0x0000223d   Thumb Code    16  hc32f460_interrupts.o(i.IRQ017_Handler)
    IRQ018_Handler                           0x00002251   Thumb Code    16  hc32f460_interrupts.o(i.IRQ018_Handler)
    IRQ019_Handler                           0x00002265   Thumb Code    16  hc32f460_interrupts.o(i.IRQ019_Handler)
    IRQ020_Handler                           0x00002279   Thumb Code    16  hc32f460_interrupts.o(i.IRQ020_Handler)
    IRQ021_Handler                           0x0000228d   Thumb Code    16  hc32f460_interrupts.o(i.IRQ021_Handler)
    IRQ022_Handler                           0x000022a1   Thumb Code    16  hc32f460_interrupts.o(i.IRQ022_Handler)
    IRQ023_Handler                           0x000022b5   Thumb Code    16  hc32f460_interrupts.o(i.IRQ023_Handler)
    IRQ024_Handler                           0x000022c9   Thumb Code    16  hc32f460_interrupts.o(i.IRQ024_Handler)
    IRQ025_Handler                           0x000022dd   Thumb Code    16  hc32f460_interrupts.o(i.IRQ025_Handler)
    IRQ026_Handler                           0x000022f1   Thumb Code    16  hc32f460_interrupts.o(i.IRQ026_Handler)
    IRQ027_Handler                           0x00002305   Thumb Code    16  hc32f460_interrupts.o(i.IRQ027_Handler)
    IRQ028_Handler                           0x00002319   Thumb Code    16  hc32f460_interrupts.o(i.IRQ028_Handler)
    IRQ029_Handler                           0x0000232d   Thumb Code    16  hc32f460_interrupts.o(i.IRQ029_Handler)
    IRQ030_Handler                           0x00002341   Thumb Code    16  hc32f460_interrupts.o(i.IRQ030_Handler)
    IRQ031_Handler                           0x00002355   Thumb Code    16  hc32f460_interrupts.o(i.IRQ031_Handler)
    IRQ032_Handler                           0x00002369   Thumb Code    20  hc32f460_interrupts.o(i.IRQ032_Handler)
    IRQ033_Handler                           0x00002381   Thumb Code    20  hc32f460_interrupts.o(i.IRQ033_Handler)
    IRQ034_Handler                           0x00002399   Thumb Code    20  hc32f460_interrupts.o(i.IRQ034_Handler)
    IRQ035_Handler                           0x000023b1   Thumb Code    20  hc32f460_interrupts.o(i.IRQ035_Handler)
    IRQ036_Handler                           0x000023c9   Thumb Code    20  hc32f460_interrupts.o(i.IRQ036_Handler)
    IRQ037_Handler                           0x000023e1   Thumb Code    20  hc32f460_interrupts.o(i.IRQ037_Handler)
    IRQ038_Handler                           0x000023f9   Thumb Code    20  hc32f460_interrupts.o(i.IRQ038_Handler)
    IRQ039_Handler                           0x00002411   Thumb Code    20  hc32f460_interrupts.o(i.IRQ039_Handler)
    IRQ040_Handler                           0x00002429   Thumb Code    20  hc32f460_interrupts.o(i.IRQ040_Handler)
    IRQ041_Handler                           0x00002441   Thumb Code    20  hc32f460_interrupts.o(i.IRQ041_Handler)
    IRQ042_Handler                           0x00002459   Thumb Code    20  hc32f460_interrupts.o(i.IRQ042_Handler)
    IRQ043_Handler                           0x00002471   Thumb Code    20  hc32f460_interrupts.o(i.IRQ043_Handler)
    IRQ044_Handler                           0x00002489   Thumb Code    20  hc32f460_interrupts.o(i.IRQ044_Handler)
    IRQ045_Handler                           0x000024a1   Thumb Code    20  hc32f460_interrupts.o(i.IRQ045_Handler)
    IRQ046_Handler                           0x000024b9   Thumb Code    20  hc32f460_interrupts.o(i.IRQ046_Handler)
    IRQ047_Handler                           0x000024d1   Thumb Code    20  hc32f460_interrupts.o(i.IRQ047_Handler)
    IRQ048_Handler                           0x000024e9   Thumb Code    20  hc32f460_interrupts.o(i.IRQ048_Handler)
    IRQ049_Handler                           0x00002501   Thumb Code    20  hc32f460_interrupts.o(i.IRQ049_Handler)
    IRQ050_Handler                           0x00002519   Thumb Code    20  hc32f460_interrupts.o(i.IRQ050_Handler)
    IRQ051_Handler                           0x00002531   Thumb Code    20  hc32f460_interrupts.o(i.IRQ051_Handler)
    IRQ052_Handler                           0x00002549   Thumb Code    20  hc32f460_interrupts.o(i.IRQ052_Handler)
    IRQ053_Handler                           0x00002561   Thumb Code    20  hc32f460_interrupts.o(i.IRQ053_Handler)
    IRQ054_Handler                           0x00002579   Thumb Code    20  hc32f460_interrupts.o(i.IRQ054_Handler)
    IRQ055_Handler                           0x00002591   Thumb Code    20  hc32f460_interrupts.o(i.IRQ055_Handler)
    IRQ056_Handler                           0x000025a9   Thumb Code    20  hc32f460_interrupts.o(i.IRQ056_Handler)
    IRQ057_Handler                           0x000025c1   Thumb Code    20  hc32f460_interrupts.o(i.IRQ057_Handler)
    IRQ058_Handler                           0x000025d9   Thumb Code    20  hc32f460_interrupts.o(i.IRQ058_Handler)
    IRQ059_Handler                           0x000025f1   Thumb Code    20  hc32f460_interrupts.o(i.IRQ059_Handler)
    IRQ060_Handler                           0x00002609   Thumb Code    20  hc32f460_interrupts.o(i.IRQ060_Handler)
    IRQ061_Handler                           0x00002621   Thumb Code    20  hc32f460_interrupts.o(i.IRQ061_Handler)
    IRQ062_Handler                           0x00002639   Thumb Code    20  hc32f460_interrupts.o(i.IRQ062_Handler)
    IRQ063_Handler                           0x00002651   Thumb Code    20  hc32f460_interrupts.o(i.IRQ063_Handler)
    IRQ064_Handler                           0x00002669   Thumb Code    20  hc32f460_interrupts.o(i.IRQ064_Handler)
    IRQ065_Handler                           0x00002681   Thumb Code    20  hc32f460_interrupts.o(i.IRQ065_Handler)
    IRQ066_Handler                           0x00002699   Thumb Code    20  hc32f460_interrupts.o(i.IRQ066_Handler)
    IRQ067_Handler                           0x000026b1   Thumb Code    20  hc32f460_interrupts.o(i.IRQ067_Handler)
    IRQ068_Handler                           0x000026c9   Thumb Code    20  hc32f460_interrupts.o(i.IRQ068_Handler)
    IRQ069_Handler                           0x000026e1   Thumb Code    20  hc32f460_interrupts.o(i.IRQ069_Handler)
    IRQ070_Handler                           0x000026f9   Thumb Code    20  hc32f460_interrupts.o(i.IRQ070_Handler)
    IRQ071_Handler                           0x00002711   Thumb Code    20  hc32f460_interrupts.o(i.IRQ071_Handler)
    IRQ072_Handler                           0x00002729   Thumb Code    20  hc32f460_interrupts.o(i.IRQ072_Handler)
    IRQ073_Handler                           0x00002741   Thumb Code    20  hc32f460_interrupts.o(i.IRQ073_Handler)
    IRQ074_Handler                           0x00002759   Thumb Code    20  hc32f460_interrupts.o(i.IRQ074_Handler)
    IRQ075_Handler                           0x00002771   Thumb Code    20  hc32f460_interrupts.o(i.IRQ075_Handler)
    IRQ076_Handler                           0x00002789   Thumb Code    20  hc32f460_interrupts.o(i.IRQ076_Handler)
    IRQ077_Handler                           0x000027a1   Thumb Code    20  hc32f460_interrupts.o(i.IRQ077_Handler)
    IRQ078_Handler                           0x000027b9   Thumb Code    20  hc32f460_interrupts.o(i.IRQ078_Handler)
    IRQ079_Handler                           0x000027d1   Thumb Code    20  hc32f460_interrupts.o(i.IRQ079_Handler)
    IRQ080_Handler                           0x000027e9   Thumb Code    20  hc32f460_interrupts.o(i.IRQ080_Handler)
    IRQ081_Handler                           0x00002801   Thumb Code    20  hc32f460_interrupts.o(i.IRQ081_Handler)
    IRQ082_Handler                           0x00002819   Thumb Code    20  hc32f460_interrupts.o(i.IRQ082_Handler)
    IRQ083_Handler                           0x00002831   Thumb Code    20  hc32f460_interrupts.o(i.IRQ083_Handler)
    IRQ084_Handler                           0x00002849   Thumb Code    20  hc32f460_interrupts.o(i.IRQ084_Handler)
    IRQ085_Handler                           0x00002861   Thumb Code    20  hc32f460_interrupts.o(i.IRQ085_Handler)
    IRQ086_Handler                           0x00002879   Thumb Code    20  hc32f460_interrupts.o(i.IRQ086_Handler)
    IRQ087_Handler                           0x00002891   Thumb Code    20  hc32f460_interrupts.o(i.IRQ087_Handler)
    IRQ088_Handler                           0x000028a9   Thumb Code    20  hc32f460_interrupts.o(i.IRQ088_Handler)
    IRQ089_Handler                           0x000028c1   Thumb Code    20  hc32f460_interrupts.o(i.IRQ089_Handler)
    IRQ090_Handler                           0x000028d9   Thumb Code    20  hc32f460_interrupts.o(i.IRQ090_Handler)
    IRQ091_Handler                           0x000028f1   Thumb Code    20  hc32f460_interrupts.o(i.IRQ091_Handler)
    IRQ092_Handler                           0x00002909   Thumb Code    20  hc32f460_interrupts.o(i.IRQ092_Handler)
    IRQ093_Handler                           0x00002921   Thumb Code    20  hc32f460_interrupts.o(i.IRQ093_Handler)
    IRQ094_Handler                           0x00002939   Thumb Code    20  hc32f460_interrupts.o(i.IRQ094_Handler)
    IRQ095_Handler                           0x00002951   Thumb Code    20  hc32f460_interrupts.o(i.IRQ095_Handler)
    IRQ096_Handler                           0x00002969   Thumb Code    20  hc32f460_interrupts.o(i.IRQ096_Handler)
    IRQ097_Handler                           0x00002981   Thumb Code    20  hc32f460_interrupts.o(i.IRQ097_Handler)
    IRQ098_Handler                           0x00002999   Thumb Code    20  hc32f460_interrupts.o(i.IRQ098_Handler)
    IRQ099_Handler                           0x000029b1   Thumb Code    20  hc32f460_interrupts.o(i.IRQ099_Handler)
    IRQ100_Handler                           0x000029c9   Thumb Code    20  hc32f460_interrupts.o(i.IRQ100_Handler)
    IRQ101_Handler                           0x000029e1   Thumb Code    20  hc32f460_interrupts.o(i.IRQ101_Handler)
    IRQ102_Handler                           0x000029f9   Thumb Code    20  hc32f460_interrupts.o(i.IRQ102_Handler)
    IRQ103_Handler                           0x00002a11   Thumb Code    20  hc32f460_interrupts.o(i.IRQ103_Handler)
    IRQ104_Handler                           0x00002a29   Thumb Code    20  hc32f460_interrupts.o(i.IRQ104_Handler)
    IRQ105_Handler                           0x00002a41   Thumb Code    20  hc32f460_interrupts.o(i.IRQ105_Handler)
    IRQ106_Handler                           0x00002a59   Thumb Code    20  hc32f460_interrupts.o(i.IRQ106_Handler)
    IRQ107_Handler                           0x00002a71   Thumb Code    20  hc32f460_interrupts.o(i.IRQ107_Handler)
    IRQ108_Handler                           0x00002a89   Thumb Code    20  hc32f460_interrupts.o(i.IRQ108_Handler)
    IRQ109_Handler                           0x00002aa1   Thumb Code    20  hc32f460_interrupts.o(i.IRQ109_Handler)
    IRQ110_Handler                           0x00002ab9   Thumb Code    20  hc32f460_interrupts.o(i.IRQ110_Handler)
    IRQ111_Handler                           0x00002ad1   Thumb Code    20  hc32f460_interrupts.o(i.IRQ111_Handler)
    IRQ112_Handler                           0x00002ae9   Thumb Code    20  hc32f460_interrupts.o(i.IRQ112_Handler)
    IRQ113_Handler                           0x00002b01   Thumb Code    20  hc32f460_interrupts.o(i.IRQ113_Handler)
    IRQ114_Handler                           0x00002b19   Thumb Code    20  hc32f460_interrupts.o(i.IRQ114_Handler)
    IRQ115_Handler                           0x00002b31   Thumb Code    20  hc32f460_interrupts.o(i.IRQ115_Handler)
    IRQ116_Handler                           0x00002b49   Thumb Code    20  hc32f460_interrupts.o(i.IRQ116_Handler)
    IRQ117_Handler                           0x00002b61   Thumb Code    20  hc32f460_interrupts.o(i.IRQ117_Handler)
    IRQ118_Handler                           0x00002b79   Thumb Code    20  hc32f460_interrupts.o(i.IRQ118_Handler)
    IRQ119_Handler                           0x00002b91   Thumb Code    20  hc32f460_interrupts.o(i.IRQ119_Handler)
    IRQ120_Handler                           0x00002ba9   Thumb Code    20  hc32f460_interrupts.o(i.IRQ120_Handler)
    IRQ121_Handler                           0x00002bc1   Thumb Code    20  hc32f460_interrupts.o(i.IRQ121_Handler)
    IRQ122_Handler                           0x00002bd9   Thumb Code    20  hc32f460_interrupts.o(i.IRQ122_Handler)
    IRQ123_Handler                           0x00002bf1   Thumb Code    20  hc32f460_interrupts.o(i.IRQ123_Handler)
    IRQ124_Handler                           0x00002c09   Thumb Code    20  hc32f460_interrupts.o(i.IRQ124_Handler)
    IRQ125_Handler                           0x00002c21   Thumb Code    20  hc32f460_interrupts.o(i.IRQ125_Handler)
    IRQ126_Handler                           0x00002c39   Thumb Code    20  hc32f460_interrupts.o(i.IRQ126_Handler)
    IRQ127_Handler                           0x00002c51   Thumb Code    20  hc32f460_interrupts.o(i.IRQ127_Handler)
    MemManage_Handler                        0x00002c69   Thumb Code     8  hc32f460_interrupts.o(i.MemManage_Handler)
    NMI_Handler                              0x00002c71   Thumb Code     8  hc32f460_interrupts.o(i.NMI_Handler)
    NMI_IrqHandler                           0x00002c79   Thumb Code    32  hc32f460_exint_nmi_swi.o(i.NMI_IrqHandler)
    PORT_Init                                0x00002cd1   Thumb Code   456  hc32f460_gpio.o(i.PORT_Init)
    PORT_Lock                                0x00002ec9   Thumb Code    10  hc32f460_gpio.o(i.PORT_Lock)
    PORT_SetFunc                             0x00002ed9   Thumb Code   204  hc32f460_gpio.o(i.PORT_SetFunc)
    PORT_Unlock                              0x00002fd5   Thumb Code    10  hc32f460_gpio.o(i.PORT_Unlock)
    PWC_Fcg3PeriphClockCmd                   0x00002fe5   Thumb Code    84  hc32f460_pwc.o(i.PWC_Fcg3PeriphClockCmd)
    PendSV_Handler                           0x00003069   Thumb Code     8  hc32f460_interrupts.o(i.PendSV_Handler)
    SRAM_CK_Disable                          0x00003071   Thumb Code    10  hc32f460_sram.o(i.SRAM_CK_Disable)
    SRAM_CK_Enable                           0x00003081   Thumb Code    10  hc32f460_sram.o(i.SRAM_CK_Enable)
    SRAM_Init                                0x00003091   Thumb Code   350  hc32f460_sram.o(i.SRAM_Init)
    SRAM_WT_Disable                          0x00003221   Thumb Code    10  hc32f460_sram.o(i.SRAM_WT_Disable)
    SRAM_WT_Enable                           0x00003231   Thumb Code    10  hc32f460_sram.o(i.SRAM_WT_Enable)
    SVC_Handler                              0x00003241   Thumb Code     8  hc32f460_interrupts.o(i.SVC_Handler)
    SysTick_Handler                          0x000033a5   Thumb Code     8  hc32f460_interrupts.o(i.SysTick_Handler)
    SystemCoreClockUpdate                    0x00003459   Thumb Code   206  system_hc32f460.o(i.SystemCoreClockUpdate)
    SystemInit                               0x00003545   Thumb Code     8  system_hc32f460.o(i.SystemInit)
    UART_PrintfInit                          0x0000354d   Thumb Code   218  hc32f460_utility.o(i.UART_PrintfInit)
    UsageFault_Handler                       0x00003681   Thumb Code     8  hc32f460_interrupts.o(i.UsageFault_Handler)
    __0printf                                0x00003689   Thumb Code    22  printfa.o(i.__0printf)
    __1printf                                0x00003689   Thumb Code     0  printfa.o(i.__0printf)
    __2printf                                0x00003689   Thumb Code     0  printfa.o(i.__0printf)
    __c89printf                              0x00003689   Thumb Code     0  printfa.o(i.__0printf)
    printf                                   0x00003689   Thumb Code     0  printfa.o(i.__0printf)
    __scatterload_copy                       0x000036a9   Thumb Code    14  handlers.o(i.__scatterload_copy)
    __scatterload_zeroinit                   0x000036b7   Thumb Code    14  handlers.o(i.__scatterload_zeroinit)
    fputc                                    0x00003f79   Thumb Code    28  hc32f460_utility.o(i.fputc)
    main                                     0x00003f99   Thumb Code   166  main.o(i.main)
    Region$$Table$$Base                      0x00004094   Number         0  anon$$obj.o(Region$$Table)
    Region$$Table$$Limit                     0x000040b4   Number         0  anon$$obj.o(Region$$Table)
    HRC_VALUE                                0x1fff8000   Data           4  system_hc32f460.o(.data)
    SystemCoreClock                          0x1fff8004   Data           4  system_hc32f460.o(.data)
    __stdout                                 0x1fff8024   Data           4  stdout.o(.data)
    IrqHandler                               0x1fff805c   Data         512  hc32f460_interrupts.o(.bss)
    __initial_sp                             0x1fff8660   Data           0  startup_hc32f460.o(STACK)



==============================================================================

Memory Map of the image

  Image Entry point : 0x00000281

  Load Region LR_IROM1 (Base: 0x00000000, Size: 0x000040dc, Max: 0x00080000, ABSOLUTE)

    Execution Region ER_IROM1 (Exec base: 0x00000000, Load base: 0x00000000, Size: 0x000040b4, Max: 0x00080000, ABSOLUTE)

    Exec Addr    Load Addr    Size         Type   Attr      Idx    E Section Name        Object

    0x00000000   0x00000000   0x00000280   Data   RO            3    RESET               startup_hc32f460.o
    0x00000280   0x00000280   0x00000000   Code   RO         2573  * .ARM.Collect$$$$00000000  mc_w.l(entry.o)
    0x00000280   0x00000280   0x00000004   Code   RO         2857    .ARM.Collect$$$$00000001  mc_w.l(entry2.o)
    0x00000284   0x00000284   0x00000004   Code   RO         2860    .ARM.Collect$$$$00000004  mc_w.l(entry5.o)
    0x00000288   0x00000288   0x00000000   Code   RO         2862    .ARM.Collect$$$$00000008  mc_w.l(entry7b.o)
    0x00000288   0x00000288   0x00000000   Code   RO         2864    .ARM.Collect$$$$0000000A  mc_w.l(entry8b.o)
    0x00000288   0x00000288   0x00000008   Code   RO         2865    .ARM.Collect$$$$0000000B  mc_w.l(entry9a.o)
    0x00000290   0x00000290   0x00000000   Code   RO         2867    .ARM.Collect$$$$0000000D  mc_w.l(entry10a.o)
    0x00000290   0x00000290   0x00000000   Code   RO         2869    .ARM.Collect$$$$0000000F  mc_w.l(entry11a.o)
    0x00000290   0x00000290   0x00000004   Code   RO         2858    .ARM.Collect$$$$00002712  mc_w.l(entry2.o)
    0x00000294   0x00000294   0x00000058   Code   RO            4    .text               startup_hc32f460.o
    0x000002ec   0x000002ec   0x00000062   Code   RO         2576    .text               mc_w.l(uldiv.o)
    0x0000034e   0x0000034e   0x00000024   Code   RO         2578    .text               mc_w.l(memseta.o)
    0x00000372   0x00000372   0x00000064   Code   RO         2843    .text               mf_w.l(fmul.o)
    0x000003d6   0x000003d6   0x0000000a   Code   RO         2847    .text               mf_w.l(ffltui.o)
    0x000003e0   0x000003e0   0x00000014   Code   RO         2853    .text               mf_w.l(cfcmple.o)
    0x000003f4   0x000003f4   0x00000000   Code   RO         2878    .text               mc_w.l(iusefp.o)
    0x000003f4   0x000003f4   0x00000008   Code   RO          688    i.BusFault_Handler  hc32f460_interrupts.o
    0x000003fc   0x000003fc   0x00000002   Code   RO         2900    i.__scatterload_null  mc_w.l(handlers.o)
    0x000003fe   0x000003fe   0x00000002   PAD
    0x00000400   0x00000400   0x00000020   Data   RO          506    .ARM.__AT_0x00000400  hc32f460_icg.o
    0x00000420   0x00000420   0x000000b0   Code   RO         2841    .text               mf_w.l(fadd.o)
    0x000004d0   0x000004d0   0x0000007c   Code   RO         2845    .text               mf_w.l(fdiv.o)
    0x0000054c   0x0000054c   0x00000028   Code   RO         2849    .text               mf_w.l(ffixui.o)
    0x00000574   0x00000574   0x00000026   Code   RO         2851    .text               mf_w.l(f2d.o)
    0x0000059a   0x0000059a   0x00000002   PAD
    0x0000059c   0x0000059c   0x00000014   Code   RO         2855    .text               mf_w.l(cfrcmple.o)
    0x000005b0   0x000005b0   0x0000002c   Code   RO         2872    .text               mc_w.l(uidiv.o)
    0x000005dc   0x000005dc   0x0000001e   Code   RO         2874    .text               mc_w.l(llshl.o)
    0x000005fa   0x000005fa   0x00000020   Code   RO         2876    .text               mc_w.l(llushr.o)
    0x0000061a   0x0000061a   0x0000006e   Code   RO         2879    .text               mf_w.l(fepilogue.o)
    0x00000688   0x00000688   0x0000014e   Code   RO         2881    .text               mf_w.l(dadd.o)
    0x000007d6   0x000007d6   0x000000e4   Code   RO         2883    .text               mf_w.l(dmul.o)
    0x000008ba   0x000008ba   0x000000de   Code   RO         2885    .text               mf_w.l(ddiv.o)
    0x00000998   0x00000998   0x00000030   Code   RO         2887    .text               mf_w.l(dfixul.o)
    0x000009c8   0x000009c8   0x00000030   Code   RO         2889    .text               mf_w.l(cdrcmple.o)
    0x000009f8   0x000009f8   0x00000024   Code   RO         2891    .text               mc_w.l(init.o)
    0x00000a1c   0x00000a1c   0x00000024   Code   RO         2893    .text               mc_w.l(llsshr.o)
    0x00000a40   0x00000a40   0x000000ba   Code   RO         2895    .text               mf_w.l(depilogue.o)
    0x00000afa   0x00000afa   0x00000002   PAD
    0x00000afc   0x00000afc   0x000000ec   Code   RO         1691    i.ADC_AddAdcChannel  hc32f460_adc.o
    0x00000be8   0x00000be8   0x00000090   Code   RO         1692    i.ADC_AddAvgChannel  hc32f460_adc.o
    0x00000c78   0x00000c78   0x00000068   Code   RO         1699    i.ADC_ClrEocFlag    hc32f460_adc.o
    0x00000ce0   0x00000ce0   0x00000084   Code   RO         1701    i.ADC_ConfigAvg     hc32f460_adc.o
    0x00000d64   0x00000d64   0x000000c0   Code   RO         1712    i.ADC_GetChData     hc32f460_adc.o
    0x00000e24   0x00000e24   0x0000006c   Code   RO         1714    i.ADC_GetEocFlag    hc32f460_adc.o
    0x00000e90   0x00000e90   0x0000012c   Code   RO         1716    i.ADC_Init          hc32f460_adc.o
    0x00000fbc   0x00000fbc   0x00000118   Code   RO         1719    i.ADC_PollingSa     hc32f460_adc.o
    0x000010d4   0x000010d4   0x0000001e   Code   RO         1720    i.ADC_ReadAllData   hc32f460_adc.o
    0x000010f2   0x000010f2   0x00000002   PAD
    0x000010f4   0x000010f4   0x00000064   Code   RO         1723    i.ADC_StartConvert  hc32f460_adc.o
    0x00001158   0x00001158   0x00000084   Code   RO         1724    i.ADC_StopConvert   hc32f460_adc.o
    0x000011dc   0x000011dc   0x00000090   Code   RO           84    i.AdcChannelConfig  main.o
    0x0000126c   0x0000126c   0x00000062   Code   RO           85    i.AdcClockConfig    main.o
    0x000012ce   0x000012ce   0x00000010   Code   RO           86    i.AdcConfig         main.o
    0x000012de   0x000012de   0x00000002   PAD
    0x000012e0   0x000012e0   0x00000050   Code   RO           87    i.AdcInitConfig     main.o
    0x00001330   0x00001330   0x00000048   Code   RO           88    i.AdcSetChannelPinMode  main.o
    0x00001378   0x00001378   0x000000b6   Code   RO           89    i.AdcSetPinMode     main.o
    0x0000142e   0x0000142e   0x00000010   Code   RO         2490    i.BSP_PRINTF_PortInit  ev_hc32f460_lqfp100_v2.o
    0x0000143e   0x0000143e   0x00000002   PAD
    0x00001440   0x00001440   0x000000c8   Code   RO         2125    i.CLK_GetFlagStatus  hc32f460_clk.o
    0x00001508   0x00001508   0x000000d8   Code   RO         2133    i.CLK_MpllCmd       hc32f460_clk.o
    0x000015e0   0x000015e0   0x000001c0   Code   RO         2134    i.CLK_MpllConfig    hc32f460_clk.o
    0x000017a0   0x000017a0   0x00000084   Code   RO         2140    i.CLK_SetPeriClkSource  hc32f460_clk.o
    0x00001824   0x00001824   0x00000084   Code   RO         2141    i.CLK_SetPllSource  hc32f460_clk.o
    0x000018a8   0x000018a8   0x00000130   Code   RO         2142    i.CLK_SetSysClkSource  hc32f460_clk.o
    0x000019d8   0x000019d8   0x000001b0   Code   RO         2144    i.CLK_SysClkConfig  hc32f460_clk.o
    0x00001b88   0x00001b88   0x000000d8   Code   RO         2147    i.CLK_UpllCmd       hc32f460_clk.o
    0x00001c60   0x00001c60   0x000001c8   Code   RO         2148    i.CLK_UpllConfig    hc32f460_clk.o
    0x00001e28   0x00001e28   0x00000120   Code   RO         2151    i.CLK_XtalCmd       hc32f460_clk.o
    0x00001f48   0x00001f48   0x00000064   Code   RO         2152    i.CLK_XtalConfig    hc32f460_clk.o
    0x00001fac   0x00001fac   0x00000044   Code   RO         1591    i.Ddl_AssertHandler  hc32f460_utility.o
    0x00001ff0   0x00001ff0   0x0000002c   Code   RO         1592    i.Ddl_Delay1ms      hc32f460_utility.o
    0x0000201c   0x0000201c   0x00000008   Code   RO          689    i.DebugMon_Handler  hc32f460_interrupts.o
    0x00002024   0x00002024   0x00000018   Code   RO          536    i.EFM_Lock          hc32f460_efm.o
    0x0000203c   0x0000203c   0x00000090   Code   RO          545    i.EFM_SetLatency    hc32f460_efm.o
    0x000020cc   0x000020cc   0x00000014   Code   RO          550    i.EFM_Unlock        hc32f460_efm.o
    0x000020e0   0x000020e0   0x00000008   Code   RO          690    i.HardFault_Handler  hc32f460_interrupts.o
    0x000020e8   0x000020e8   0x00000014   Code   RO          691    i.IRQ000_Handler    hc32f460_interrupts.o
    0x000020fc   0x000020fc   0x00000014   Code   RO          692    i.IRQ001_Handler    hc32f460_interrupts.o
    0x00002110   0x00002110   0x00000014   Code   RO          693    i.IRQ002_Handler    hc32f460_interrupts.o
    0x00002124   0x00002124   0x00000014   Code   RO          694    i.IRQ003_Handler    hc32f460_interrupts.o
    0x00002138   0x00002138   0x00000014   Code   RO          695    i.IRQ004_Handler    hc32f460_interrupts.o
    0x0000214c   0x0000214c   0x00000014   Code   RO          696    i.IRQ005_Handler    hc32f460_interrupts.o
    0x00002160   0x00002160   0x00000014   Code   RO          697    i.IRQ006_Handler    hc32f460_interrupts.o
    0x00002174   0x00002174   0x00000014   Code   RO          698    i.IRQ007_Handler    hc32f460_interrupts.o
    0x00002188   0x00002188   0x00000014   Code   RO          699    i.IRQ008_Handler    hc32f460_interrupts.o
    0x0000219c   0x0000219c   0x00000014   Code   RO          700    i.IRQ009_Handler    hc32f460_interrupts.o
    0x000021b0   0x000021b0   0x00000014   Code   RO          701    i.IRQ010_Handler    hc32f460_interrupts.o
    0x000021c4   0x000021c4   0x00000014   Code   RO          702    i.IRQ011_Handler    hc32f460_interrupts.o
    0x000021d8   0x000021d8   0x00000014   Code   RO          703    i.IRQ012_Handler    hc32f460_interrupts.o
    0x000021ec   0x000021ec   0x00000014   Code   RO          704    i.IRQ013_Handler    hc32f460_interrupts.o
    0x00002200   0x00002200   0x00000014   Code   RO          705    i.IRQ014_Handler    hc32f460_interrupts.o
    0x00002214   0x00002214   0x00000014   Code   RO          706    i.IRQ015_Handler    hc32f460_interrupts.o
    0x00002228   0x00002228   0x00000014   Code   RO          707    i.IRQ016_Handler    hc32f460_interrupts.o
    0x0000223c   0x0000223c   0x00000014   Code   RO          708    i.IRQ017_Handler    hc32f460_interrupts.o
    0x00002250   0x00002250   0x00000014   Code   RO          709    i.IRQ018_Handler    hc32f460_interrupts.o
    0x00002264   0x00002264   0x00000014   Code   RO          710    i.IRQ019_Handler    hc32f460_interrupts.o
    0x00002278   0x00002278   0x00000014   Code   RO          711    i.IRQ020_Handler    hc32f460_interrupts.o
    0x0000228c   0x0000228c   0x00000014   Code   RO          712    i.IRQ021_Handler    hc32f460_interrupts.o
    0x000022a0   0x000022a0   0x00000014   Code   RO          713    i.IRQ022_Handler    hc32f460_interrupts.o
    0x000022b4   0x000022b4   0x00000014   Code   RO          714    i.IRQ023_Handler    hc32f460_interrupts.o
    0x000022c8   0x000022c8   0x00000014   Code   RO          715    i.IRQ024_Handler    hc32f460_interrupts.o
    0x000022dc   0x000022dc   0x00000014   Code   RO          716    i.IRQ025_Handler    hc32f460_interrupts.o
    0x000022f0   0x000022f0   0x00000014   Code   RO          717    i.IRQ026_Handler    hc32f460_interrupts.o
    0x00002304   0x00002304   0x00000014   Code   RO          718    i.IRQ027_Handler    hc32f460_interrupts.o
    0x00002318   0x00002318   0x00000014   Code   RO          719    i.IRQ028_Handler    hc32f460_interrupts.o
    0x0000232c   0x0000232c   0x00000014   Code   RO          720    i.IRQ029_Handler    hc32f460_interrupts.o
    0x00002340   0x00002340   0x00000014   Code   RO          721    i.IRQ030_Handler    hc32f460_interrupts.o
    0x00002354   0x00002354   0x00000014   Code   RO          722    i.IRQ031_Handler    hc32f460_interrupts.o
    0x00002368   0x00002368   0x00000018   Code   RO          723    i.IRQ032_Handler    hc32f460_interrupts.o
    0x00002380   0x00002380   0x00000018   Code   RO          724    i.IRQ033_Handler    hc32f460_interrupts.o
    0x00002398   0x00002398   0x00000018   Code   RO          725    i.IRQ034_Handler    hc32f460_interrupts.o
    0x000023b0   0x000023b0   0x00000018   Code   RO          726    i.IRQ035_Handler    hc32f460_interrupts.o
    0x000023c8   0x000023c8   0x00000018   Code   RO          727    i.IRQ036_Handler    hc32f460_interrupts.o
    0x000023e0   0x000023e0   0x00000018   Code   RO          728    i.IRQ037_Handler    hc32f460_interrupts.o
    0x000023f8   0x000023f8   0x00000018   Code   RO          729    i.IRQ038_Handler    hc32f460_interrupts.o
    0x00002410   0x00002410   0x00000018   Code   RO          730    i.IRQ039_Handler    hc32f460_interrupts.o
    0x00002428   0x00002428   0x00000018   Code   RO          731    i.IRQ040_Handler    hc32f460_interrupts.o
    0x00002440   0x00002440   0x00000018   Code   RO          732    i.IRQ041_Handler    hc32f460_interrupts.o
    0x00002458   0x00002458   0x00000018   Code   RO          733    i.IRQ042_Handler    hc32f460_interrupts.o
    0x00002470   0x00002470   0x00000018   Code   RO          734    i.IRQ043_Handler    hc32f460_interrupts.o
    0x00002488   0x00002488   0x00000018   Code   RO          735    i.IRQ044_Handler    hc32f460_interrupts.o
    0x000024a0   0x000024a0   0x00000018   Code   RO          736    i.IRQ045_Handler    hc32f460_interrupts.o
    0x000024b8   0x000024b8   0x00000018   Code   RO          737    i.IRQ046_Handler    hc32f460_interrupts.o
    0x000024d0   0x000024d0   0x00000018   Code   RO          738    i.IRQ047_Handler    hc32f460_interrupts.o
    0x000024e8   0x000024e8   0x00000018   Code   RO          739    i.IRQ048_Handler    hc32f460_interrupts.o
    0x00002500   0x00002500   0x00000018   Code   RO          740    i.IRQ049_Handler    hc32f460_interrupts.o
    0x00002518   0x00002518   0x00000018   Code   RO          741    i.IRQ050_Handler    hc32f460_interrupts.o
    0x00002530   0x00002530   0x00000018   Code   RO          742    i.IRQ051_Handler    hc32f460_interrupts.o
    0x00002548   0x00002548   0x00000018   Code   RO          743    i.IRQ052_Handler    hc32f460_interrupts.o
    0x00002560   0x00002560   0x00000018   Code   RO          744    i.IRQ053_Handler    hc32f460_interrupts.o
    0x00002578   0x00002578   0x00000018   Code   RO          745    i.IRQ054_Handler    hc32f460_interrupts.o
    0x00002590   0x00002590   0x00000018   Code   RO          746    i.IRQ055_Handler    hc32f460_interrupts.o
    0x000025a8   0x000025a8   0x00000018   Code   RO          747    i.IRQ056_Handler    hc32f460_interrupts.o
    0x000025c0   0x000025c0   0x00000018   Code   RO          748    i.IRQ057_Handler    hc32f460_interrupts.o
    0x000025d8   0x000025d8   0x00000018   Code   RO          749    i.IRQ058_Handler    hc32f460_interrupts.o
    0x000025f0   0x000025f0   0x00000018   Code   RO          750    i.IRQ059_Handler    hc32f460_interrupts.o
    0x00002608   0x00002608   0x00000018   Code   RO          751    i.IRQ060_Handler    hc32f460_interrupts.o
    0x00002620   0x00002620   0x00000018   Code   RO          752    i.IRQ061_Handler    hc32f460_interrupts.o
    0x00002638   0x00002638   0x00000018   Code   RO          753    i.IRQ062_Handler    hc32f460_interrupts.o
    0x00002650   0x00002650   0x00000018   Code   RO          754    i.IRQ063_Handler    hc32f460_interrupts.o
    0x00002668   0x00002668   0x00000018   Code   RO          755    i.IRQ064_Handler    hc32f460_interrupts.o
    0x00002680   0x00002680   0x00000018   Code   RO          756    i.IRQ065_Handler    hc32f460_interrupts.o
    0x00002698   0x00002698   0x00000018   Code   RO          757    i.IRQ066_Handler    hc32f460_interrupts.o
    0x000026b0   0x000026b0   0x00000018   Code   RO          758    i.IRQ067_Handler    hc32f460_interrupts.o
    0x000026c8   0x000026c8   0x00000018   Code   RO          759    i.IRQ068_Handler    hc32f460_interrupts.o
    0x000026e0   0x000026e0   0x00000018   Code   RO          760    i.IRQ069_Handler    hc32f460_interrupts.o
    0x000026f8   0x000026f8   0x00000018   Code   RO          761    i.IRQ070_Handler    hc32f460_interrupts.o
    0x00002710   0x00002710   0x00000018   Code   RO          762    i.IRQ071_Handler    hc32f460_interrupts.o
    0x00002728   0x00002728   0x00000018   Code   RO          763    i.IRQ072_Handler    hc32f460_interrupts.o
    0x00002740   0x00002740   0x00000018   Code   RO          764    i.IRQ073_Handler    hc32f460_interrupts.o
    0x00002758   0x00002758   0x00000018   Code   RO          765    i.IRQ074_Handler    hc32f460_interrupts.o
    0x00002770   0x00002770   0x00000018   Code   RO          766    i.IRQ075_Handler    hc32f460_interrupts.o
    0x00002788   0x00002788   0x00000018   Code   RO          767    i.IRQ076_Handler    hc32f460_interrupts.o
    0x000027a0   0x000027a0   0x00000018   Code   RO          768    i.IRQ077_Handler    hc32f460_interrupts.o
    0x000027b8   0x000027b8   0x00000018   Code   RO          769    i.IRQ078_Handler    hc32f460_interrupts.o
    0x000027d0   0x000027d0   0x00000018   Code   RO          770    i.IRQ079_Handler    hc32f460_interrupts.o
    0x000027e8   0x000027e8   0x00000018   Code   RO          771    i.IRQ080_Handler    hc32f460_interrupts.o
    0x00002800   0x00002800   0x00000018   Code   RO          772    i.IRQ081_Handler    hc32f460_interrupts.o
    0x00002818   0x00002818   0x00000018   Code   RO          773    i.IRQ082_Handler    hc32f460_interrupts.o
    0x00002830   0x00002830   0x00000018   Code   RO          774    i.IRQ083_Handler    hc32f460_interrupts.o
    0x00002848   0x00002848   0x00000018   Code   RO          775    i.IRQ084_Handler    hc32f460_interrupts.o
    0x00002860   0x00002860   0x00000018   Code   RO          776    i.IRQ085_Handler    hc32f460_interrupts.o
    0x00002878   0x00002878   0x00000018   Code   RO          777    i.IRQ086_Handler    hc32f460_interrupts.o
    0x00002890   0x00002890   0x00000018   Code   RO          778    i.IRQ087_Handler    hc32f460_interrupts.o
    0x000028a8   0x000028a8   0x00000018   Code   RO          779    i.IRQ088_Handler    hc32f460_interrupts.o
    0x000028c0   0x000028c0   0x00000018   Code   RO          780    i.IRQ089_Handler    hc32f460_interrupts.o
    0x000028d8   0x000028d8   0x00000018   Code   RO          781    i.IRQ090_Handler    hc32f460_interrupts.o
    0x000028f0   0x000028f0   0x00000018   Code   RO          782    i.IRQ091_Handler    hc32f460_interrupts.o
    0x00002908   0x00002908   0x00000018   Code   RO          783    i.IRQ092_Handler    hc32f460_interrupts.o
    0x00002920   0x00002920   0x00000018   Code   RO          784    i.IRQ093_Handler    hc32f460_interrupts.o
    0x00002938   0x00002938   0x00000018   Code   RO          785    i.IRQ094_Handler    hc32f460_interrupts.o
    0x00002950   0x00002950   0x00000018   Code   RO          786    i.IRQ095_Handler    hc32f460_interrupts.o
    0x00002968   0x00002968   0x00000018   Code   RO          787    i.IRQ096_Handler    hc32f460_interrupts.o
    0x00002980   0x00002980   0x00000018   Code   RO          788    i.IRQ097_Handler    hc32f460_interrupts.o
    0x00002998   0x00002998   0x00000018   Code   RO          789    i.IRQ098_Handler    hc32f460_interrupts.o
    0x000029b0   0x000029b0   0x00000018   Code   RO          790    i.IRQ099_Handler    hc32f460_interrupts.o
    0x000029c8   0x000029c8   0x00000018   Code   RO          791    i.IRQ100_Handler    hc32f460_interrupts.o
    0x000029e0   0x000029e0   0x00000018   Code   RO          792    i.IRQ101_Handler    hc32f460_interrupts.o
    0x000029f8   0x000029f8   0x00000018   Code   RO          793    i.IRQ102_Handler    hc32f460_interrupts.o
    0x00002a10   0x00002a10   0x00000018   Code   RO          794    i.IRQ103_Handler    hc32f460_interrupts.o
    0x00002a28   0x00002a28   0x00000018   Code   RO          795    i.IRQ104_Handler    hc32f460_interrupts.o
    0x00002a40   0x00002a40   0x00000018   Code   RO          796    i.IRQ105_Handler    hc32f460_interrupts.o
    0x00002a58   0x00002a58   0x00000018   Code   RO          797    i.IRQ106_Handler    hc32f460_interrupts.o
    0x00002a70   0x00002a70   0x00000018   Code   RO          798    i.IRQ107_Handler    hc32f460_interrupts.o
    0x00002a88   0x00002a88   0x00000018   Code   RO          799    i.IRQ108_Handler    hc32f460_interrupts.o
    0x00002aa0   0x00002aa0   0x00000018   Code   RO          800    i.IRQ109_Handler    hc32f460_interrupts.o
    0x00002ab8   0x00002ab8   0x00000018   Code   RO          801    i.IRQ110_Handler    hc32f460_interrupts.o
    0x00002ad0   0x00002ad0   0x00000018   Code   RO          802    i.IRQ111_Handler    hc32f460_interrupts.o
    0x00002ae8   0x00002ae8   0x00000018   Code   RO          803    i.IRQ112_Handler    hc32f460_interrupts.o
    0x00002b00   0x00002b00   0x00000018   Code   RO          804    i.IRQ113_Handler    hc32f460_interrupts.o
    0x00002b18   0x00002b18   0x00000018   Code   RO          805    i.IRQ114_Handler    hc32f460_interrupts.o
    0x00002b30   0x00002b30   0x00000018   Code   RO          806    i.IRQ115_Handler    hc32f460_interrupts.o
    0x00002b48   0x00002b48   0x00000018   Code   RO          807    i.IRQ116_Handler    hc32f460_interrupts.o
    0x00002b60   0x00002b60   0x00000018   Code   RO          808    i.IRQ117_Handler    hc32f460_interrupts.o
    0x00002b78   0x00002b78   0x00000018   Code   RO          809    i.IRQ118_Handler    hc32f460_interrupts.o
    0x00002b90   0x00002b90   0x00000018   Code   RO          810    i.IRQ119_Handler    hc32f460_interrupts.o
    0x00002ba8   0x00002ba8   0x00000018   Code   RO          811    i.IRQ120_Handler    hc32f460_interrupts.o
    0x00002bc0   0x00002bc0   0x00000018   Code   RO          812    i.IRQ121_Handler    hc32f460_interrupts.o
    0x00002bd8   0x00002bd8   0x00000018   Code   RO          813    i.IRQ122_Handler    hc32f460_interrupts.o
    0x00002bf0   0x00002bf0   0x00000018   Code   RO          814    i.IRQ123_Handler    hc32f460_interrupts.o
    0x00002c08   0x00002c08   0x00000018   Code   RO          815    i.IRQ124_Handler    hc32f460_interrupts.o
    0x00002c20   0x00002c20   0x00000018   Code   RO          816    i.IRQ125_Handler    hc32f460_interrupts.o
    0x00002c38   0x00002c38   0x00000018   Code   RO          817    i.IRQ126_Handler    hc32f460_interrupts.o
    0x00002c50   0x00002c50   0x00000018   Code   RO          818    i.IRQ127_Handler    hc32f460_interrupts.o
    0x00002c68   0x00002c68   0x00000008   Code   RO          819    i.MemManage_Handler  hc32f460_interrupts.o
    0x00002c70   0x00002c70   0x00000008   Code   RO          820    i.NMI_Handler       hc32f460_interrupts.o
    0x00002c78   0x00002c78   0x00000058   Code   RO         1931    i.NMI_IrqHandler    hc32f460_exint_nmi_swi.o
    0x00002cd0   0x00002cd0   0x000001f8   Code   RO         2363    i.PORT_Init         hc32f460_gpio.o
    0x00002ec8   0x00002ec8   0x00000010   Code   RO         2364    i.PORT_Lock         hc32f460_gpio.o
    0x00002ed8   0x00002ed8   0x000000fc   Code   RO         2370    i.PORT_SetFunc      hc32f460_gpio.o
    0x00002fd4   0x00002fd4   0x00000010   Code   RO         2374    i.PORT_Unlock       hc32f460_gpio.o
    0x00002fe4   0x00002fe4   0x00000084   Code   RO          208    i.PWC_Fcg3PeriphClockCmd  hc32f460_pwc.o
    0x00003068   0x00003068   0x00000008   Code   RO          821    i.PendSV_Handler    hc32f460_interrupts.o
    0x00003070   0x00003070   0x00000010   Code   RO         2004    i.SRAM_CK_Disable   hc32f460_sram.o
    0x00003080   0x00003080   0x00000010   Code   RO         2005    i.SRAM_CK_Enable    hc32f460_sram.o
    0x00003090   0x00003090   0x00000190   Code   RO         2009    i.SRAM_Init         hc32f460_sram.o
    0x00003220   0x00003220   0x00000010   Code   RO         2010    i.SRAM_WT_Disable   hc32f460_sram.o
    0x00003230   0x00003230   0x00000010   Code   RO         2011    i.SRAM_WT_Enable    hc32f460_sram.o
    0x00003240   0x00003240   0x00000008   Code   RO          822    i.SVC_Handler       hc32f460_interrupts.o
    0x00003248   0x00003248   0x0000015c   Code   RO         1594    i.SetUartBaudrate   hc32f460_utility.o
    0x000033a4   0x000033a4   0x00000008   Code   RO          823    i.SysTick_Handler   hc32f460_interrupts.o
    0x000033ac   0x000033ac   0x000000ac   Code   RO           90    i.SystemClockConfig  main.o
    0x00003458   0x00003458   0x000000ec   Code   RO           13    i.SystemCoreClockUpdate  system_hc32f460.o
    0x00003544   0x00003544   0x00000008   Code   RO           14    i.SystemInit        system_hc32f460.o
    0x0000354c   0x0000354c   0x000000fc   Code   RO         1601    i.UART_PrintfInit   hc32f460_utility.o
    0x00003648   0x00003648   0x00000038   Code   RO         1602    i.UartPutChar       hc32f460_utility.o
    0x00003680   0x00003680   0x00000008   Code   RO          824    i.UsageFault_Handler  hc32f460_interrupts.o
    0x00003688   0x00003688   0x00000020   Code   RO         2813    i.__0printf         mc_w.l(printfa.o)
    0x000036a8   0x000036a8   0x0000000e   Code   RO         2899    i.__scatterload_copy  mc_w.l(handlers.o)
    0x000036b6   0x000036b6   0x0000000e   Code   RO         2901    i.__scatterload_zeroinit  mc_w.l(handlers.o)
    0x000036c4   0x000036c4   0x00000184   Code   RO         2820    i._fp_digits        mc_w.l(printfa.o)
    0x00003848   0x00003848   0x000006dc   Code   RO         2821    i._printf_core      mc_w.l(printfa.o)
    0x00003f24   0x00003f24   0x00000024   Code   RO         2822    i._printf_post_padding  mc_w.l(printfa.o)
    0x00003f48   0x00003f48   0x0000002e   Code   RO         2823    i._printf_pre_padding  mc_w.l(printfa.o)
    0x00003f76   0x00003f76   0x00000002   PAD
    0x00003f78   0x00003f78   0x00000020   Code   RO         1603    i.fputc             hc32f460_utility.o
    0x00003f98   0x00003f98   0x000000fc   Code   RO           91    i.main              main.o
    0x00004094   0x00004094   0x00000020   Data   RO         2897    Region$$Table       anon$$obj.o


    Execution Region RW_IRAM1 (Exec base: 0x1fff8000, Load base: 0x000040b4, Size: 0x00000660, Max: 0x0002f000, ABSOLUTE)

    Exec Addr    Load Addr    Size         Type   Attr      Idx    E Section Name        Object

    0x1fff8000   0x000040b4   0x00000008   Data   RW           15    .data               system_hc32f460.o
    0x1fff8008   0x000040bc   0x00000007   Data   RW           93    .data               main.o
    0x1fff800f   0x000040c3   0x00000001   PAD
    0x1fff8010   0x000040c4   0x00000010   Data   RW         1604    .data               hc32f460_utility.o
    0x1fff8020   0x000040d4   0x00000004   Data   RW         1934    .data               hc32f460_exint_nmi_swi.o
    0x1fff8024   0x000040d8   0x00000004   Data   RW         2871    .data               mc_w.l(stdout.o)
    0x1fff8028        -       0x00000034   Zero   RW           92    .bss                main.o
    0x1fff805c        -       0x00000200   Zero   RW          835    .bss                hc32f460_interrupts.o
    0x1fff825c   0x000040dc   0x00000004   PAD
    0x1fff8260        -       0x00000400   Zero   RW            1    STACK               startup_hc32f460.o


==============================================================================

Image component sizes


      Code (inc. data)   RO Data    RW Data    ZI Data      Debug   Object Name

        16          0          0          0          0        590   ev_hc32f460_lqfp100_v2.o
      1758        534          0          0          0      13542   hc32f460_adc.o
      2924        608          0          0          0      13944   hc32f460_clk.o
       188         58          0          0          0       1657   hc32f460_efm.o
        88         56          0          4          0        829   hc32f460_exint_nmi_swi.o
       788        108          0          0          0       5097   hc32f460_gpio.o
         0          0         32          0          0        673   hc32f460_icg.o
      3016        512          0          0        512      75967   hc32f460_interrupts.o
       132         48          0          0          0        685   hc32f460_pwc.o
       464         74          0          0          0       4050   hc32f460_sram.o
       800        110          0         16          0       5617   hc32f460_utility.o
      1016        136          0          7         52      26195   main.o
        88         20        640          0       1024        856   startup_hc32f460.o
       244         36          0          8          0    1514145   system_hc32f460.o

    ----------------------------------------------------------------------
     11528       2300        704         36       1592    1663847   Object Totals
         0          0         32          0          0          0   (incl. Generated)
         6          0          0          1          4          0   (incl. Padding)

    ----------------------------------------------------------------------

      Code (inc. data)   RO Data    RW Data    ZI Data      Debug   Library Member Name

         0          0          0          0          0          0   entry.o
         0          0          0          0          0          0   entry10a.o
         0          0          0          0          0          0   entry11a.o
         8          4          0          0          0          0   entry2.o
         4          0          0          0          0          0   entry5.o
         0          0          0          0          0          0   entry7b.o
         0          0          0          0          0          0   entry8b.o
         8          4          0          0          0          0   entry9a.o
        30          0          0          0          0          0   handlers.o
        36          8          0          0          0         68   init.o
         0          0          0          0          0          0   iusefp.o
        30          0          0          0          0         68   llshl.o
        36          0          0          0          0         68   llsshr.o
        32          0          0          0          0         68   llushr.o
        36          0          0          0          0        108   memseta.o
      2258         90          0          0          0        452   printfa.o
         0          0          0          4          0          0   stdout.o
        44          0          0          0          0         80   uidiv.o
        98          0          0          0          0         92   uldiv.o
        48          0          0          0          0         68   cdrcmple.o
        20          0          0          0          0         68   cfcmple.o
        20          0          0          0          0         68   cfrcmple.o
       334          0          0          0          0        148   dadd.o
       222          0          0          0          0        100   ddiv.o
       186          0          0          0          0        176   depilogue.o
        48          0          0          0          0         68   dfixul.o
       228          0          0          0          0         96   dmul.o
        38          0          0          0          0         68   f2d.o
       176          0          0          0          0        140   fadd.o
       124          0          0          0          0         88   fdiv.o
       110          0          0          0          0        168   fepilogue.o
        40          0          0          0          0         68   ffixui.o
        10          0          0          0          0         68   ffltui.o
       100          0          0          0          0         76   fmul.o

    ----------------------------------------------------------------------
      4332        106          0          4          0       2472   Library Totals
         8          0          0          0          0          0   (incl. Padding)

    ----------------------------------------------------------------------

      Code (inc. data)   RO Data    RW Data    ZI Data      Debug   Library Name

      2620        106          0          4          0       1004   mc_w.l
      1704          0          0          0          0       1468   mf_w.l

    ----------------------------------------------------------------------
      4332        106          0          4          0       2472   Library Totals

    ----------------------------------------------------------------------

==============================================================================


      Code (inc. data)   RO Data    RW Data    ZI Data      Debug   

     15860       2406        704         40       1592    1655447   Grand Totals
     15860       2406        704         40       1592    1655447   ELF Image Totals
     15860       2406        704         40          0          0   ROM Totals

==============================================================================

    Total RO  Size (Code + RO Data)                16564 (  16.18kB)
    Total RW  Size (RW Data + ZI Data)              1632 (   1.59kB)
    Total ROM Size (Code + RO Data + RW Data)      16604 (  16.21kB)

==============================================================================

