<html>
<body>
<pre>
<h1>µVision Build Log</h1>
<h2>Tool Versions:</h2>
IDE-Version: ¦ÌVision V5.30.0.0
Copyright (C) 2020 ARM Ltd and ARM Germany GmbH. All rights reserved.
License Information: WS MCU, WS, LIC=KRMW3-AA3V4-9UN4U-SGZYY-PS14L-1MYCX
 
Tool Versions:
Toolchain:       MDK-ARM Plus  Version: 5.30.0.0
Toolchain Path:  D:\MDK5\ARM\ARMCC\Bin
C Compiler:      Armcc.exe V5.06 update 6 (build 750)
Assembler:       Armasm.exe V5.06 update 6 (build 750)
Linker/Locator:  ArmLink.exe V5.06 update 6 (build 750)
Library Manager: ArmAr.exe V5.06 update 6 (build 750)
Hex Converter:   FromElf.exe V5.06 update 6 (build 750)
CPU DLL:         SARMCM3.DLL V5.30.0.0
Dialog DLL:      DARMCM1.DLL V1.19.3.0
Target DLL:      Segger\JL2CM3.dll V2.99.38.0
Dialog DLL:      TARMCM1.DLL V1.14.2.0
 
<h2>Project:</h2>
C:\Users\MCU\Desktop\HCF460\hc32f460_ddl_Rev2.2.0\example\ev_hc32f460_lqfp100_v1\gpio\gpio_output\MDK\gpio_output.uvprojx
Project File Date:  07/15/2022

<h2>Output:</h2>
*** Using Compiler 'V5.06 update 6 (build 750)', folder: 'D:\MDK5\ARM\ARMCC\Bin'
Build target 'gpio_output_Debug'
assembling startup_hc32f460.s...
compiling system_hc32f460.c...
compiling main.c...
compiling hc32f460_keyscan.c...
compiling hc32f460_icg.c...
compiling hc32f460_utility.c...
compiling hc32f460_exint_nmi_swi.c...
compiling hc32f460_sram.c...
compiling hc32f460_gpio.c...
linking...
Program Size: Code=1336 RO-data=704 RW-data=12 ZI-data=1028  
".\output\debug\gpio_output.axf" - 0 Error(s), 0 Warning(s).

<h2>Software Packages used:</h2>

Package Vendor: ARM
                http://www.keil.com/pack/ARM.CMSIS.5.7.0.pack
                ARM.CMSIS.5.7.0
                CMSIS (Cortex Microcontroller Software Interface Standard)
   * Component: CORE Version: 5.4.0

Package Vendor: HDSC
                https://raw.githubusercontent.com/hdscmcu/pack/master/HDSC.HC32F460.1.0.8.pack
                HDSC.HC32F460.1.0.8
                HC32F460 ARM Cortex-M4 Device Family Pack

<h2>Collection of Component include folders:</h2>
  .\RTE\_gpio_output_Debug
  C:\Users\MCU\AppData\Local\Arm\Packs\ARM\CMSIS\5.7.0\CMSIS\Core\Include
  C:\Users\MCU\AppData\Local\Arm\Packs\HDSC\HC32F460\1.0.8\Device\Include

<h2>Collection of Component Files used:</h2>

   * Component: ARM::CMSIS:CORE:5.4.0
Build Time Elapsed:  00:00:14
</pre>
</body>
</html>
