<html>
<body>
<pre>
<h1>µVision Build Log</h1>
<h2>Tool Versions:</h2>
IDE-Version: ¦ÌVision V5.30.0.0
Copyright (C) 2020 ARM Ltd and ARM Germany GmbH. All rights reserved.
License Information: WS MCU, WS, LIC=KRMW3-AA3V4-9UN4U-SGZYY-PS14L-1MYCX
 
Tool Versions:
Toolchain:       MDK-ARM Plus  Version: 5.30.0.0
Toolchain Path:  D:\MDK5\ARM\ARMCC\Bin
C Compiler:      Armcc.exe V5.06 update 6 (build 750)
Assembler:       Armasm.exe V5.06 update 6 (build 750)
Linker/Locator:  ArmLink.exe V5.06 update 6 (build 750)
Library Manager: ArmAr.exe V5.06 update 6 (build 750)
Hex Converter:   FromElf.exe V5.06 update 6 (build 750)
CPU DLL:         SARMCM3.DLL V5.30.0.0
Dialog DLL:      DARMCM1.DLL V1.19.3.0
Target DLL:      Segger\JL2CM3.dll V2.99.38.0
Dialog DLL:      TARMCM1.DLL V1.14.2.0
 
<h2>Project:</h2>
C:\Users\MCU\Desktop\HCF460\HCF460_template\gpio_output.uvprojx
Project File Date:  07/17/2022

<h2>Output:</h2>
*** Using Compiler 'V5.06 update 6 (build 750)', folder: 'D:\MDK5\ARM\ARMCC\Bin'
Build target 'gpio_output_Debug'
compiling hc32f460_aes.c...
compiling main.c...
compiling system_hc32f460.c...
compiling hc32f460_clk.c...
compiling hc32f460_adc.c...
compiling hc32f460_can.c...
compiling hc32f460_crc.c...
compiling hc32f460_cmp.c...
compiling hc32f460_dmac.c...
compiling hc32f460_event_port.c...
compiling hc32f460_exint_nmi_swi.c...
compiling hc32f460_gpio.c...
compiling hc32f460_efm.c...
compiling hc32f460_emb.c...
compiling hc32f460_dcu.c...
compiling hc32f460_hash.c...
compiling hc32f460_i2c.c...
compiling hc32f460_keyscan.c...
compiling hc32f460_i2s.c...
compiling hc32f460_pwc.c...
compiling hc32f460_icg.c...
compiling hc32f460_interrupts.c...
compiling hc32f460_ots.c...
compiling hc32f460_mpu.c...
compiling hc32f460_qspi.c...
compiling hc32f460_spi.c...
compiling hc32f460_rmu.c...
compiling hc32f460_sdioc.c...
compiling hc32f460_sram.c...
compiling hc32f460_timer4_cnt.c...
compiling hc32f460_rtc.c...
compiling hc32f460_swdt.c...
compiling hc32f460_timer0.c...
compiling hc32f460_timer4_emb.c...
compiling hc32f460_timer6.c...
compiling hc32f460_timera.c...
compiling hc32f460_timer4_oco.c...
compiling hc32f460_timer4_sevt.c...
compiling hc32f460_usart.c...
compiling hc32f460_trng.c...
compiling hc32f460_timer4_pwm.c...
compiling hc32f460_wdt.c...
compiling hc32f460_utility.c...
linking...
Program Size: Code=5586 RO-data=1010 RW-data=160 ZI-data=17048  
".\output\debug\gpio_output.axf" - 0 Error(s), 0 Warning(s).

<h2>Software Packages used:</h2>

Package Vendor: ARM
                http://www.keil.com/pack/ARM.CMSIS.5.7.0.pack
                ARM.CMSIS.5.7.0
                CMSIS (Cortex Microcontroller Software Interface Standard)
   * Component: CORE Version: 5.4.0

Package Vendor: HDSC
                https://raw.githubusercontent.com/hdscmcu/pack/master/HDSC.HC32F460.1.0.8.pack
                HDSC.HC32F460.1.0.8
                HC32F460 ARM Cortex-M4 Device Family Pack

Package Vendor: RealThread
                https://www.rt-thread.org/download/mdk/RealThread.RT-Thread.3.1.5.pack
                RealThread.RT-Thread.3.1.5
                RT-Thread Software Components
   * Component: kernel Version: 3.1.5

<h2>Collection of Component include folders:</h2>
  .\RTE\RTOS
  .\RTE\_gpio_output_Debug
  C:\Users\MCU\AppData\Local\Arm\Packs\ARM\CMSIS\5.7.0\CMSIS\Core\Include
  C:\Users\MCU\AppData\Local\Arm\Packs\HDSC\HC32F460\1.0.8\Device\Include
  C:\Users\MCU\AppData\Local\Arm\Packs\RealThread\RT-Thread\3.1.5\include

<h2>Collection of Component Files used:</h2>

   * Component: ARM::CMSIS:CORE:5.4.0

   * Component: RealThread.RT-Thread::RTOS:kernel:3.1.5
      Source file:   src\clock.c
      Include file:  bsp\_template\rtconfig.h
      Source file:   bsp\_template\board.c
      Source file:   src\kservice.c
      Source file:   src\mem.c
      Source file:   src\components.c
      Source file:   src\idle.c
      Source file:   src\ipc.c
      Source file:   src\irq.c
      Source file:   src\timer.c
      Source file:   src\object.c
      Source file:   src\scheduler.c
      Source file:   libcpu\arm\cortex-m4\context_rvds.S
      Source file:   src\mempool.c
      Source file:   src\thread.c
      Source file:   libcpu\arm\cortex-m4\cpuport.c
Build Time Elapsed:  00:01:04
</pre>
</body>
</html>
