<!doctype html public "-//w3c//dtd html 4.0 transitional//en">
<html><head>
<title>Static Call Graph - [.\output\debug\gpio_output.axf]</title></head>
<body><HR>
<H1>Static Call Graph for image .\output\debug\gpio_output.axf</H1><HR>
<BR><P>#&#060CALLGRAPH&#062# ARM Linker, 5060750: Last Updated: Sun Jul 17 23:44:48 2022
<BR><P>
<H3>Maximum Stack Usage =        240 bytes + Unknown(Cycles, Untraceable Function Pointers)</H3><H3>
Call chain for Maximum Stack Depth:</H3>
main &rArr; rtthread_startup &rArr; rt_thread_idle_init &rArr; rt_thread_init &rArr; _rt_thread_init &rArr; rt_timer_init &rArr; rt_object_init &rArr; rt_exit_critical &rArr; rt_schedule
<P>
<H3>
Mutually Recursive functions
</H3> <LI><a href="#[1]">NMI_Handler</a>&nbsp;&nbsp;&nbsp;&rArr;&nbsp;&nbsp;&nbsp;<a href="#[1]">NMI_Handler</a><BR>
 <LI><a href="#[3]">MemManage_Handler</a>&nbsp;&nbsp;&nbsp;&rArr;&nbsp;&nbsp;&nbsp;<a href="#[3]">MemManage_Handler</a><BR>
 <LI><a href="#[4]">BusFault_Handler</a>&nbsp;&nbsp;&nbsp;&rArr;&nbsp;&nbsp;&nbsp;<a href="#[4]">BusFault_Handler</a><BR>
 <LI><a href="#[5]">UsageFault_Handler</a>&nbsp;&nbsp;&nbsp;&rArr;&nbsp;&nbsp;&nbsp;<a href="#[5]">UsageFault_Handler</a><BR>
 <LI><a href="#[6]">SVC_Handler</a>&nbsp;&nbsp;&nbsp;&rArr;&nbsp;&nbsp;&nbsp;<a href="#[6]">SVC_Handler</a><BR>
 <LI><a href="#[7]">DebugMon_Handler</a>&nbsp;&nbsp;&nbsp;&rArr;&nbsp;&nbsp;&nbsp;<a href="#[7]">DebugMon_Handler</a><BR>
 <LI><a href="#[9]">SysTick_Handler</a>&nbsp;&nbsp;&nbsp;&rArr;&nbsp;&nbsp;&nbsp;<a href="#[9]">SysTick_Handler</a><BR>
 <LI><a href="#[a]">IRQ000_Handler</a>&nbsp;&nbsp;&nbsp;&rArr;&nbsp;&nbsp;&nbsp;<a href="#[a]">IRQ000_Handler</a><BR>
</UL>
<P>
<H3>
Function Pointers
</H3><UL>
 <LI><a href="#[4]">BusFault_Handler</a> from startup_hc32f460.o(.text) referenced from startup_hc32f460.o(RESET)
 <LI><a href="#[7]">DebugMon_Handler</a> from startup_hc32f460.o(.text) referenced from startup_hc32f460.o(RESET)
 <LI><a href="#[2]">HardFault_Handler</a> from context_rvds.o(.text) referenced from startup_hc32f460.o(RESET)
 <LI><a href="#[a]">IRQ000_Handler</a> from startup_hc32f460.o(.text) referenced from startup_hc32f460.o(RESET)
 <LI><a href="#[b]">IRQ001_Handler</a> from startup_hc32f460.o(.text) referenced from startup_hc32f460.o(RESET)
 <LI><a href="#[c]">IRQ002_Handler</a> from startup_hc32f460.o(.text) referenced from startup_hc32f460.o(RESET)
 <LI><a href="#[d]">IRQ003_Handler</a> from startup_hc32f460.o(.text) referenced from startup_hc32f460.o(RESET)
 <LI><a href="#[e]">IRQ004_Handler</a> from startup_hc32f460.o(.text) referenced from startup_hc32f460.o(RESET)
 <LI><a href="#[f]">IRQ005_Handler</a> from startup_hc32f460.o(.text) referenced from startup_hc32f460.o(RESET)
 <LI><a href="#[10]">IRQ006_Handler</a> from startup_hc32f460.o(.text) referenced from startup_hc32f460.o(RESET)
 <LI><a href="#[11]">IRQ007_Handler</a> from startup_hc32f460.o(.text) referenced from startup_hc32f460.o(RESET)
 <LI><a href="#[12]">IRQ008_Handler</a> from startup_hc32f460.o(.text) referenced from startup_hc32f460.o(RESET)
 <LI><a href="#[13]">IRQ009_Handler</a> from startup_hc32f460.o(.text) referenced from startup_hc32f460.o(RESET)
 <LI><a href="#[14]">IRQ010_Handler</a> from startup_hc32f460.o(.text) referenced from startup_hc32f460.o(RESET)
 <LI><a href="#[15]">IRQ011_Handler</a> from startup_hc32f460.o(.text) referenced from startup_hc32f460.o(RESET)
 <LI><a href="#[16]">IRQ012_Handler</a> from startup_hc32f460.o(.text) referenced from startup_hc32f460.o(RESET)
 <LI><a href="#[17]">IRQ013_Handler</a> from startup_hc32f460.o(.text) referenced from startup_hc32f460.o(RESET)
 <LI><a href="#[18]">IRQ014_Handler</a> from startup_hc32f460.o(.text) referenced from startup_hc32f460.o(RESET)
 <LI><a href="#[19]">IRQ015_Handler</a> from startup_hc32f460.o(.text) referenced from startup_hc32f460.o(RESET)
 <LI><a href="#[1a]">IRQ016_Handler</a> from startup_hc32f460.o(.text) referenced from startup_hc32f460.o(RESET)
 <LI><a href="#[1b]">IRQ017_Handler</a> from startup_hc32f460.o(.text) referenced from startup_hc32f460.o(RESET)
 <LI><a href="#[1c]">IRQ018_Handler</a> from startup_hc32f460.o(.text) referenced from startup_hc32f460.o(RESET)
 <LI><a href="#[1d]">IRQ019_Handler</a> from startup_hc32f460.o(.text) referenced from startup_hc32f460.o(RESET)
 <LI><a href="#[1e]">IRQ020_Handler</a> from startup_hc32f460.o(.text) referenced from startup_hc32f460.o(RESET)
 <LI><a href="#[1f]">IRQ021_Handler</a> from startup_hc32f460.o(.text) referenced from startup_hc32f460.o(RESET)
 <LI><a href="#[20]">IRQ022_Handler</a> from startup_hc32f460.o(.text) referenced from startup_hc32f460.o(RESET)
 <LI><a href="#[21]">IRQ023_Handler</a> from startup_hc32f460.o(.text) referenced from startup_hc32f460.o(RESET)
 <LI><a href="#[22]">IRQ024_Handler</a> from startup_hc32f460.o(.text) referenced from startup_hc32f460.o(RESET)
 <LI><a href="#[23]">IRQ025_Handler</a> from startup_hc32f460.o(.text) referenced from startup_hc32f460.o(RESET)
 <LI><a href="#[24]">IRQ026_Handler</a> from startup_hc32f460.o(.text) referenced from startup_hc32f460.o(RESET)
 <LI><a href="#[25]">IRQ027_Handler</a> from startup_hc32f460.o(.text) referenced from startup_hc32f460.o(RESET)
 <LI><a href="#[26]">IRQ028_Handler</a> from startup_hc32f460.o(.text) referenced from startup_hc32f460.o(RESET)
 <LI><a href="#[27]">IRQ029_Handler</a> from startup_hc32f460.o(.text) referenced from startup_hc32f460.o(RESET)
 <LI><a href="#[28]">IRQ030_Handler</a> from startup_hc32f460.o(.text) referenced from startup_hc32f460.o(RESET)
 <LI><a href="#[29]">IRQ031_Handler</a> from startup_hc32f460.o(.text) referenced from startup_hc32f460.o(RESET)
 <LI><a href="#[2a]">IRQ032_Handler</a> from startup_hc32f460.o(.text) referenced from startup_hc32f460.o(RESET)
 <LI><a href="#[2b]">IRQ033_Handler</a> from startup_hc32f460.o(.text) referenced from startup_hc32f460.o(RESET)
 <LI><a href="#[2c]">IRQ034_Handler</a> from startup_hc32f460.o(.text) referenced from startup_hc32f460.o(RESET)
 <LI><a href="#[2d]">IRQ035_Handler</a> from startup_hc32f460.o(.text) referenced from startup_hc32f460.o(RESET)
 <LI><a href="#[2e]">IRQ036_Handler</a> from startup_hc32f460.o(.text) referenced from startup_hc32f460.o(RESET)
 <LI><a href="#[2f]">IRQ037_Handler</a> from startup_hc32f460.o(.text) referenced from startup_hc32f460.o(RESET)
 <LI><a href="#[30]">IRQ038_Handler</a> from startup_hc32f460.o(.text) referenced from startup_hc32f460.o(RESET)
 <LI><a href="#[31]">IRQ039_Handler</a> from startup_hc32f460.o(.text) referenced from startup_hc32f460.o(RESET)
 <LI><a href="#[32]">IRQ040_Handler</a> from startup_hc32f460.o(.text) referenced from startup_hc32f460.o(RESET)
 <LI><a href="#[33]">IRQ041_Handler</a> from startup_hc32f460.o(.text) referenced from startup_hc32f460.o(RESET)
 <LI><a href="#[34]">IRQ042_Handler</a> from startup_hc32f460.o(.text) referenced from startup_hc32f460.o(RESET)
 <LI><a href="#[35]">IRQ043_Handler</a> from startup_hc32f460.o(.text) referenced from startup_hc32f460.o(RESET)
 <LI><a href="#[36]">IRQ044_Handler</a> from startup_hc32f460.o(.text) referenced from startup_hc32f460.o(RESET)
 <LI><a href="#[37]">IRQ045_Handler</a> from startup_hc32f460.o(.text) referenced from startup_hc32f460.o(RESET)
 <LI><a href="#[38]">IRQ046_Handler</a> from startup_hc32f460.o(.text) referenced from startup_hc32f460.o(RESET)
 <LI><a href="#[39]">IRQ047_Handler</a> from startup_hc32f460.o(.text) referenced from startup_hc32f460.o(RESET)
 <LI><a href="#[3a]">IRQ048_Handler</a> from startup_hc32f460.o(.text) referenced from startup_hc32f460.o(RESET)
 <LI><a href="#[3b]">IRQ049_Handler</a> from startup_hc32f460.o(.text) referenced from startup_hc32f460.o(RESET)
 <LI><a href="#[3c]">IRQ050_Handler</a> from startup_hc32f460.o(.text) referenced from startup_hc32f460.o(RESET)
 <LI><a href="#[3d]">IRQ051_Handler</a> from startup_hc32f460.o(.text) referenced from startup_hc32f460.o(RESET)
 <LI><a href="#[3e]">IRQ052_Handler</a> from startup_hc32f460.o(.text) referenced from startup_hc32f460.o(RESET)
 <LI><a href="#[3f]">IRQ053_Handler</a> from startup_hc32f460.o(.text) referenced from startup_hc32f460.o(RESET)
 <LI><a href="#[40]">IRQ054_Handler</a> from startup_hc32f460.o(.text) referenced from startup_hc32f460.o(RESET)
 <LI><a href="#[41]">IRQ055_Handler</a> from startup_hc32f460.o(.text) referenced from startup_hc32f460.o(RESET)
 <LI><a href="#[42]">IRQ056_Handler</a> from startup_hc32f460.o(.text) referenced from startup_hc32f460.o(RESET)
 <LI><a href="#[43]">IRQ057_Handler</a> from startup_hc32f460.o(.text) referenced from startup_hc32f460.o(RESET)
 <LI><a href="#[44]">IRQ058_Handler</a> from startup_hc32f460.o(.text) referenced from startup_hc32f460.o(RESET)
 <LI><a href="#[45]">IRQ059_Handler</a> from startup_hc32f460.o(.text) referenced from startup_hc32f460.o(RESET)
 <LI><a href="#[46]">IRQ060_Handler</a> from startup_hc32f460.o(.text) referenced from startup_hc32f460.o(RESET)
 <LI><a href="#[47]">IRQ061_Handler</a> from startup_hc32f460.o(.text) referenced from startup_hc32f460.o(RESET)
 <LI><a href="#[48]">IRQ062_Handler</a> from startup_hc32f460.o(.text) referenced from startup_hc32f460.o(RESET)
 <LI><a href="#[49]">IRQ063_Handler</a> from startup_hc32f460.o(.text) referenced from startup_hc32f460.o(RESET)
 <LI><a href="#[4a]">IRQ064_Handler</a> from startup_hc32f460.o(.text) referenced from startup_hc32f460.o(RESET)
 <LI><a href="#[4b]">IRQ065_Handler</a> from startup_hc32f460.o(.text) referenced from startup_hc32f460.o(RESET)
 <LI><a href="#[4c]">IRQ066_Handler</a> from startup_hc32f460.o(.text) referenced from startup_hc32f460.o(RESET)
 <LI><a href="#[4d]">IRQ067_Handler</a> from startup_hc32f460.o(.text) referenced from startup_hc32f460.o(RESET)
 <LI><a href="#[4e]">IRQ068_Handler</a> from startup_hc32f460.o(.text) referenced from startup_hc32f460.o(RESET)
 <LI><a href="#[4f]">IRQ069_Handler</a> from startup_hc32f460.o(.text) referenced from startup_hc32f460.o(RESET)
 <LI><a href="#[50]">IRQ070_Handler</a> from startup_hc32f460.o(.text) referenced from startup_hc32f460.o(RESET)
 <LI><a href="#[51]">IRQ071_Handler</a> from startup_hc32f460.o(.text) referenced from startup_hc32f460.o(RESET)
 <LI><a href="#[52]">IRQ072_Handler</a> from startup_hc32f460.o(.text) referenced from startup_hc32f460.o(RESET)
 <LI><a href="#[53]">IRQ073_Handler</a> from startup_hc32f460.o(.text) referenced from startup_hc32f460.o(RESET)
 <LI><a href="#[54]">IRQ074_Handler</a> from startup_hc32f460.o(.text) referenced from startup_hc32f460.o(RESET)
 <LI><a href="#[55]">IRQ075_Handler</a> from startup_hc32f460.o(.text) referenced from startup_hc32f460.o(RESET)
 <LI><a href="#[56]">IRQ076_Handler</a> from startup_hc32f460.o(.text) referenced from startup_hc32f460.o(RESET)
 <LI><a href="#[57]">IRQ077_Handler</a> from startup_hc32f460.o(.text) referenced from startup_hc32f460.o(RESET)
 <LI><a href="#[58]">IRQ078_Handler</a> from startup_hc32f460.o(.text) referenced from startup_hc32f460.o(RESET)
 <LI><a href="#[59]">IRQ079_Handler</a> from startup_hc32f460.o(.text) referenced from startup_hc32f460.o(RESET)
 <LI><a href="#[5a]">IRQ080_Handler</a> from startup_hc32f460.o(.text) referenced from startup_hc32f460.o(RESET)
 <LI><a href="#[5b]">IRQ081_Handler</a> from startup_hc32f460.o(.text) referenced from startup_hc32f460.o(RESET)
 <LI><a href="#[5c]">IRQ082_Handler</a> from startup_hc32f460.o(.text) referenced from startup_hc32f460.o(RESET)
 <LI><a href="#[5d]">IRQ083_Handler</a> from startup_hc32f460.o(.text) referenced from startup_hc32f460.o(RESET)
 <LI><a href="#[5e]">IRQ084_Handler</a> from startup_hc32f460.o(.text) referenced from startup_hc32f460.o(RESET)
 <LI><a href="#[5f]">IRQ085_Handler</a> from startup_hc32f460.o(.text) referenced from startup_hc32f460.o(RESET)
 <LI><a href="#[60]">IRQ086_Handler</a> from startup_hc32f460.o(.text) referenced from startup_hc32f460.o(RESET)
 <LI><a href="#[61]">IRQ087_Handler</a> from startup_hc32f460.o(.text) referenced from startup_hc32f460.o(RESET)
 <LI><a href="#[62]">IRQ088_Handler</a> from startup_hc32f460.o(.text) referenced from startup_hc32f460.o(RESET)
 <LI><a href="#[63]">IRQ089_Handler</a> from startup_hc32f460.o(.text) referenced from startup_hc32f460.o(RESET)
 <LI><a href="#[64]">IRQ090_Handler</a> from startup_hc32f460.o(.text) referenced from startup_hc32f460.o(RESET)
 <LI><a href="#[65]">IRQ091_Handler</a> from startup_hc32f460.o(.text) referenced from startup_hc32f460.o(RESET)
 <LI><a href="#[66]">IRQ092_Handler</a> from startup_hc32f460.o(.text) referenced from startup_hc32f460.o(RESET)
 <LI><a href="#[67]">IRQ093_Handler</a> from startup_hc32f460.o(.text) referenced from startup_hc32f460.o(RESET)
 <LI><a href="#[68]">IRQ094_Handler</a> from startup_hc32f460.o(.text) referenced from startup_hc32f460.o(RESET)
 <LI><a href="#[69]">IRQ095_Handler</a> from startup_hc32f460.o(.text) referenced from startup_hc32f460.o(RESET)
 <LI><a href="#[6a]">IRQ096_Handler</a> from startup_hc32f460.o(.text) referenced from startup_hc32f460.o(RESET)
 <LI><a href="#[6b]">IRQ097_Handler</a> from startup_hc32f460.o(.text) referenced from startup_hc32f460.o(RESET)
 <LI><a href="#[6c]">IRQ098_Handler</a> from startup_hc32f460.o(.text) referenced from startup_hc32f460.o(RESET)
 <LI><a href="#[6d]">IRQ099_Handler</a> from startup_hc32f460.o(.text) referenced from startup_hc32f460.o(RESET)
 <LI><a href="#[6e]">IRQ100_Handler</a> from startup_hc32f460.o(.text) referenced from startup_hc32f460.o(RESET)
 <LI><a href="#[6f]">IRQ101_Handler</a> from startup_hc32f460.o(.text) referenced from startup_hc32f460.o(RESET)
 <LI><a href="#[70]">IRQ102_Handler</a> from startup_hc32f460.o(.text) referenced from startup_hc32f460.o(RESET)
 <LI><a href="#[71]">IRQ103_Handler</a> from startup_hc32f460.o(.text) referenced from startup_hc32f460.o(RESET)
 <LI><a href="#[72]">IRQ104_Handler</a> from startup_hc32f460.o(.text) referenced from startup_hc32f460.o(RESET)
 <LI><a href="#[73]">IRQ105_Handler</a> from startup_hc32f460.o(.text) referenced from startup_hc32f460.o(RESET)
 <LI><a href="#[74]">IRQ106_Handler</a> from startup_hc32f460.o(.text) referenced from startup_hc32f460.o(RESET)
 <LI><a href="#[75]">IRQ107_Handler</a> from startup_hc32f460.o(.text) referenced from startup_hc32f460.o(RESET)
 <LI><a href="#[76]">IRQ108_Handler</a> from startup_hc32f460.o(.text) referenced from startup_hc32f460.o(RESET)
 <LI><a href="#[77]">IRQ109_Handler</a> from startup_hc32f460.o(.text) referenced from startup_hc32f460.o(RESET)
 <LI><a href="#[78]">IRQ110_Handler</a> from startup_hc32f460.o(.text) referenced from startup_hc32f460.o(RESET)
 <LI><a href="#[79]">IRQ111_Handler</a> from startup_hc32f460.o(.text) referenced from startup_hc32f460.o(RESET)
 <LI><a href="#[7a]">IRQ112_Handler</a> from startup_hc32f460.o(.text) referenced from startup_hc32f460.o(RESET)
 <LI><a href="#[7b]">IRQ113_Handler</a> from startup_hc32f460.o(.text) referenced from startup_hc32f460.o(RESET)
 <LI><a href="#[7c]">IRQ114_Handler</a> from startup_hc32f460.o(.text) referenced from startup_hc32f460.o(RESET)
 <LI><a href="#[7d]">IRQ115_Handler</a> from startup_hc32f460.o(.text) referenced from startup_hc32f460.o(RESET)
 <LI><a href="#[7e]">IRQ116_Handler</a> from startup_hc32f460.o(.text) referenced from startup_hc32f460.o(RESET)
 <LI><a href="#[7f]">IRQ117_Handler</a> from startup_hc32f460.o(.text) referenced from startup_hc32f460.o(RESET)
 <LI><a href="#[80]">IRQ118_Handler</a> from startup_hc32f460.o(.text) referenced from startup_hc32f460.o(RESET)
 <LI><a href="#[81]">IRQ119_Handler</a> from startup_hc32f460.o(.text) referenced from startup_hc32f460.o(RESET)
 <LI><a href="#[82]">IRQ120_Handler</a> from startup_hc32f460.o(.text) referenced from startup_hc32f460.o(RESET)
 <LI><a href="#[83]">IRQ121_Handler</a> from startup_hc32f460.o(.text) referenced from startup_hc32f460.o(RESET)
 <LI><a href="#[84]">IRQ122_Handler</a> from startup_hc32f460.o(.text) referenced from startup_hc32f460.o(RESET)
 <LI><a href="#[85]">IRQ123_Handler</a> from startup_hc32f460.o(.text) referenced from startup_hc32f460.o(RESET)
 <LI><a href="#[86]">IRQ124_Handler</a> from startup_hc32f460.o(.text) referenced from startup_hc32f460.o(RESET)
 <LI><a href="#[87]">IRQ125_Handler</a> from startup_hc32f460.o(.text) referenced from startup_hc32f460.o(RESET)
 <LI><a href="#[88]">IRQ126_Handler</a> from startup_hc32f460.o(.text) referenced from startup_hc32f460.o(RESET)
 <LI><a href="#[89]">IRQ127_Handler</a> from startup_hc32f460.o(.text) referenced from startup_hc32f460.o(RESET)
 <LI><a href="#[8a]">IRQ128_Handler</a> from startup_hc32f460.o(.text) referenced from startup_hc32f460.o(RESET)
 <LI><a href="#[8b]">IRQ129_Handler</a> from startup_hc32f460.o(.text) referenced from startup_hc32f460.o(RESET)
 <LI><a href="#[8c]">IRQ130_Handler</a> from startup_hc32f460.o(.text) referenced from startup_hc32f460.o(RESET)
 <LI><a href="#[8d]">IRQ131_Handler</a> from startup_hc32f460.o(.text) referenced from startup_hc32f460.o(RESET)
 <LI><a href="#[8e]">IRQ132_Handler</a> from startup_hc32f460.o(.text) referenced from startup_hc32f460.o(RESET)
 <LI><a href="#[8f]">IRQ133_Handler</a> from startup_hc32f460.o(.text) referenced from startup_hc32f460.o(RESET)
 <LI><a href="#[90]">IRQ134_Handler</a> from startup_hc32f460.o(.text) referenced from startup_hc32f460.o(RESET)
 <LI><a href="#[91]">IRQ135_Handler</a> from startup_hc32f460.o(.text) referenced from startup_hc32f460.o(RESET)
 <LI><a href="#[92]">IRQ136_Handler</a> from startup_hc32f460.o(.text) referenced from startup_hc32f460.o(RESET)
 <LI><a href="#[93]">IRQ137_Handler</a> from startup_hc32f460.o(.text) referenced from startup_hc32f460.o(RESET)
 <LI><a href="#[94]">IRQ138_Handler</a> from startup_hc32f460.o(.text) referenced from startup_hc32f460.o(RESET)
 <LI><a href="#[95]">IRQ139_Handler</a> from startup_hc32f460.o(.text) referenced from startup_hc32f460.o(RESET)
 <LI><a href="#[96]">IRQ140_Handler</a> from startup_hc32f460.o(.text) referenced from startup_hc32f460.o(RESET)
 <LI><a href="#[97]">IRQ141_Handler</a> from startup_hc32f460.o(.text) referenced from startup_hc32f460.o(RESET)
 <LI><a href="#[98]">IRQ142_Handler</a> from startup_hc32f460.o(.text) referenced from startup_hc32f460.o(RESET)
 <LI><a href="#[99]">IRQ143_Handler</a> from startup_hc32f460.o(.text) referenced from startup_hc32f460.o(RESET)
 <LI><a href="#[3]">MemManage_Handler</a> from startup_hc32f460.o(.text) referenced from startup_hc32f460.o(RESET)
 <LI><a href="#[1]">NMI_Handler</a> from startup_hc32f460.o(.text) referenced from startup_hc32f460.o(RESET)
 <LI><a href="#[8]">PendSV_Handler</a> from context_rvds.o(.text) referenced from startup_hc32f460.o(RESET)
 <LI><a href="#[0]">Reset_Handler</a> from startup_hc32f460.o(.text) referenced from startup_hc32f460.o(RESET)
 <LI><a href="#[6]">SVC_Handler</a> from startup_hc32f460.o(.text) referenced from startup_hc32f460.o(RESET)
 <LI><a href="#[9]">SysTick_Handler</a> from startup_hc32f460.o(.text) referenced from startup_hc32f460.o(RESET)
 <LI><a href="#[9b]">SystemInit</a> from system_hc32f460.o(i.SystemInit) referenced from startup_hc32f460.o(.text)
 <LI><a href="#[5]">UsageFault_Handler</a> from startup_hc32f460.o(.text) referenced from startup_hc32f460.o(RESET)
 <LI><a href="#[9c]">__main</a> from entry.o(.ARM.Collect$$$$00000000) referenced from startup_hc32f460.o(.text)
 <LI><a href="#[9a]">main</a> from components.o(i.$Sub$$main) referenced from entry9a.o(.ARM.Collect$$$$0000000B)
 <LI><a href="#[9f]">main_thread_entry</a> from components.o(i.main_thread_entry) referenced from components.o(i.rt_application_init)
 <LI><a href="#[9d]">rt_thread_exit</a> from thread.o(i.rt_thread_exit) referenced from thread.o(i._rt_thread_init)
 <LI><a href="#[a0]">rt_thread_idle_entry</a> from idle.o(i.rt_thread_idle_entry) referenced from idle.o(i.rt_thread_idle_init)
 <LI><a href="#[9e]">rt_thread_timeout</a> from thread.o(i.rt_thread_timeout) referenced from thread.o(i._rt_thread_init)
 <LI><a href="#[a3]">rti_board_end</a> from components.o(i.rti_board_end) referenced from components.o(.rti_fn.1.end)
 <LI><a href="#[a2]">rti_board_start</a> from components.o(i.rti_board_start) referenced from components.o(.rti_fn.0.end)
 <LI><a href="#[a4]">rti_end</a> from components.o(i.rti_end) referenced from components.o(.rti_fn.6.end)
 <LI><a href="#[a1]">rti_start</a> from components.o(i.rti_start) referenced from components.o(.rti_fn.0)
</UL>
<P>
<H3>
Global Symbols
</H3>
<P><STRONG><a name="[9c]"></a>__main</STRONG> (Thumb, 0 bytes, Stack size unknown bytes, entry.o(.ARM.Collect$$$$00000000))
<BR>[Address Reference Count : 1]<UL><LI> startup_hc32f460.o(.text)
</UL>
<P><STRONG><a name="[fb]"></a>_main_stk</STRONG> (Thumb, 0 bytes, Stack size unknown bytes, entry2.o(.ARM.Collect$$$$00000001))

<P><STRONG><a name="[ae]"></a>_main_scatterload</STRONG> (Thumb, 0 bytes, Stack size unknown bytes, entry5.o(.ARM.Collect$$$$00000004))
<BR><BR>[Calls]<UL><LI><a href="#[af]">&gt;&gt;</a>&nbsp;&nbsp;&nbsp;__scatterload
</UL>

<P><STRONG><a name="[b2]"></a>__main_after_scatterload</STRONG> (Thumb, 0 bytes, Stack size unknown bytes, entry5.o(.ARM.Collect$$$$00000004))
<BR><BR>[Called By]<UL><LI><a href="#[af]">&gt;&gt;</a>&nbsp;&nbsp;&nbsp;__scatterload
</UL>

<P><STRONG><a name="[fc]"></a>_main_clock</STRONG> (Thumb, 0 bytes, Stack size unknown bytes, entry7b.o(.ARM.Collect$$$$00000008))

<P><STRONG><a name="[fd]"></a>_main_cpp_init</STRONG> (Thumb, 0 bytes, Stack size unknown bytes, entry8b.o(.ARM.Collect$$$$0000000A))

<P><STRONG><a name="[fe]"></a>_main_init</STRONG> (Thumb, 0 bytes, Stack size unknown bytes, entry9a.o(.ARM.Collect$$$$0000000B))

<P><STRONG><a name="[ff]"></a>__rt_final_cpp</STRONG> (Thumb, 0 bytes, Stack size unknown bytes, entry10a.o(.ARM.Collect$$$$0000000D))

<P><STRONG><a name="[100]"></a>__rt_final_exit</STRONG> (Thumb, 0 bytes, Stack size unknown bytes, entry11a.o(.ARM.Collect$$$$0000000F))

<P><STRONG><a name="[0]"></a>Reset_Handler</STRONG> (Thumb, 48 bytes, Stack size 0 bytes, startup_hc32f460.o(.text))
<BR>[Address Reference Count : 1]<UL><LI> startup_hc32f460.o(RESET)
</UL>
<P><STRONG><a name="[1]"></a>NMI_Handler</STRONG> (Thumb, 2 bytes, Stack size 0 bytes, startup_hc32f460.o(.text))
<BR><BR>[Calls]<UL><LI><a href="#[1]">&gt;&gt;</a>&nbsp;&nbsp;&nbsp;NMI_Handler
</UL>
<BR>[Called By]<UL><LI><a href="#[1]">&gt;&gt;</a>&nbsp;&nbsp;&nbsp;NMI_Handler
</UL>
<BR>[Address Reference Count : 1]<UL><LI> startup_hc32f460.o(RESET)
</UL>
<P><STRONG><a name="[3]"></a>MemManage_Handler</STRONG> (Thumb, 2 bytes, Stack size 0 bytes, startup_hc32f460.o(.text))
<BR><BR>[Calls]<UL><LI><a href="#[3]">&gt;&gt;</a>&nbsp;&nbsp;&nbsp;MemManage_Handler
</UL>
<BR>[Called By]<UL><LI><a href="#[3]">&gt;&gt;</a>&nbsp;&nbsp;&nbsp;MemManage_Handler
</UL>
<BR>[Address Reference Count : 1]<UL><LI> startup_hc32f460.o(RESET)
</UL>
<P><STRONG><a name="[4]"></a>BusFault_Handler</STRONG> (Thumb, 2 bytes, Stack size 0 bytes, startup_hc32f460.o(.text))
<BR><BR>[Calls]<UL><LI><a href="#[4]">&gt;&gt;</a>&nbsp;&nbsp;&nbsp;BusFault_Handler
</UL>
<BR>[Called By]<UL><LI><a href="#[4]">&gt;&gt;</a>&nbsp;&nbsp;&nbsp;BusFault_Handler
</UL>
<BR>[Address Reference Count : 1]<UL><LI> startup_hc32f460.o(RESET)
</UL>
<P><STRONG><a name="[5]"></a>UsageFault_Handler</STRONG> (Thumb, 2 bytes, Stack size 0 bytes, startup_hc32f460.o(.text))
<BR><BR>[Calls]<UL><LI><a href="#[5]">&gt;&gt;</a>&nbsp;&nbsp;&nbsp;UsageFault_Handler
</UL>
<BR>[Called By]<UL><LI><a href="#[5]">&gt;&gt;</a>&nbsp;&nbsp;&nbsp;UsageFault_Handler
</UL>
<BR>[Address Reference Count : 1]<UL><LI> startup_hc32f460.o(RESET)
</UL>
<P><STRONG><a name="[6]"></a>SVC_Handler</STRONG> (Thumb, 2 bytes, Stack size 0 bytes, startup_hc32f460.o(.text))
<BR><BR>[Calls]<UL><LI><a href="#[6]">&gt;&gt;</a>&nbsp;&nbsp;&nbsp;SVC_Handler
</UL>
<BR>[Called By]<UL><LI><a href="#[6]">&gt;&gt;</a>&nbsp;&nbsp;&nbsp;SVC_Handler
</UL>
<BR>[Address Reference Count : 1]<UL><LI> startup_hc32f460.o(RESET)
</UL>
<P><STRONG><a name="[7]"></a>DebugMon_Handler</STRONG> (Thumb, 2 bytes, Stack size 0 bytes, startup_hc32f460.o(.text))
<BR><BR>[Calls]<UL><LI><a href="#[7]">&gt;&gt;</a>&nbsp;&nbsp;&nbsp;DebugMon_Handler
</UL>
<BR>[Called By]<UL><LI><a href="#[7]">&gt;&gt;</a>&nbsp;&nbsp;&nbsp;DebugMon_Handler
</UL>
<BR>[Address Reference Count : 1]<UL><LI> startup_hc32f460.o(RESET)
</UL>
<P><STRONG><a name="[9]"></a>SysTick_Handler</STRONG> (Thumb, 2 bytes, Stack size 0 bytes, startup_hc32f460.o(.text))
<BR><BR>[Calls]<UL><LI><a href="#[9]">&gt;&gt;</a>&nbsp;&nbsp;&nbsp;SysTick_Handler
</UL>
<BR>[Called By]<UL><LI><a href="#[9]">&gt;&gt;</a>&nbsp;&nbsp;&nbsp;SysTick_Handler
</UL>
<BR>[Address Reference Count : 1]<UL><LI> startup_hc32f460.o(RESET)
</UL>
<P><STRONG><a name="[a]"></a>IRQ000_Handler</STRONG> (Thumb, 0 bytes, Stack size 0 bytes, startup_hc32f460.o(.text))
<BR><BR>[Calls]<UL><LI><a href="#[a]">&gt;&gt;</a>&nbsp;&nbsp;&nbsp;IRQ000_Handler
</UL>
<BR>[Called By]<UL><LI><a href="#[a]">&gt;&gt;</a>&nbsp;&nbsp;&nbsp;IRQ000_Handler
</UL>
<BR>[Address Reference Count : 1]<UL><LI> startup_hc32f460.o(RESET)
</UL>
<P><STRONG><a name="[b]"></a>IRQ001_Handler</STRONG> (Thumb, 0 bytes, Stack size 0 bytes, startup_hc32f460.o(.text))
<BR>[Address Reference Count : 1]<UL><LI> startup_hc32f460.o(RESET)
</UL>
<P><STRONG><a name="[c]"></a>IRQ002_Handler</STRONG> (Thumb, 0 bytes, Stack size 0 bytes, startup_hc32f460.o(.text))
<BR>[Address Reference Count : 1]<UL><LI> startup_hc32f460.o(RESET)
</UL>
<P><STRONG><a name="[d]"></a>IRQ003_Handler</STRONG> (Thumb, 0 bytes, Stack size 0 bytes, startup_hc32f460.o(.text))
<BR>[Address Reference Count : 1]<UL><LI> startup_hc32f460.o(RESET)
</UL>
<P><STRONG><a name="[e]"></a>IRQ004_Handler</STRONG> (Thumb, 0 bytes, Stack size 0 bytes, startup_hc32f460.o(.text))
<BR>[Address Reference Count : 1]<UL><LI> startup_hc32f460.o(RESET)
</UL>
<P><STRONG><a name="[f]"></a>IRQ005_Handler</STRONG> (Thumb, 0 bytes, Stack size 0 bytes, startup_hc32f460.o(.text))
<BR>[Address Reference Count : 1]<UL><LI> startup_hc32f460.o(RESET)
</UL>
<P><STRONG><a name="[10]"></a>IRQ006_Handler</STRONG> (Thumb, 0 bytes, Stack size 0 bytes, startup_hc32f460.o(.text))
<BR>[Address Reference Count : 1]<UL><LI> startup_hc32f460.o(RESET)
</UL>
<P><STRONG><a name="[11]"></a>IRQ007_Handler</STRONG> (Thumb, 0 bytes, Stack size 0 bytes, startup_hc32f460.o(.text))
<BR>[Address Reference Count : 1]<UL><LI> startup_hc32f460.o(RESET)
</UL>
<P><STRONG><a name="[12]"></a>IRQ008_Handler</STRONG> (Thumb, 0 bytes, Stack size 0 bytes, startup_hc32f460.o(.text))
<BR>[Address Reference Count : 1]<UL><LI> startup_hc32f460.o(RESET)
</UL>
<P><STRONG><a name="[13]"></a>IRQ009_Handler</STRONG> (Thumb, 0 bytes, Stack size 0 bytes, startup_hc32f460.o(.text))
<BR>[Address Reference Count : 1]<UL><LI> startup_hc32f460.o(RESET)
</UL>
<P><STRONG><a name="[14]"></a>IRQ010_Handler</STRONG> (Thumb, 0 bytes, Stack size 0 bytes, startup_hc32f460.o(.text))
<BR>[Address Reference Count : 1]<UL><LI> startup_hc32f460.o(RESET)
</UL>
<P><STRONG><a name="[15]"></a>IRQ011_Handler</STRONG> (Thumb, 0 bytes, Stack size 0 bytes, startup_hc32f460.o(.text))
<BR>[Address Reference Count : 1]<UL><LI> startup_hc32f460.o(RESET)
</UL>
<P><STRONG><a name="[16]"></a>IRQ012_Handler</STRONG> (Thumb, 0 bytes, Stack size 0 bytes, startup_hc32f460.o(.text))
<BR>[Address Reference Count : 1]<UL><LI> startup_hc32f460.o(RESET)
</UL>
<P><STRONG><a name="[17]"></a>IRQ013_Handler</STRONG> (Thumb, 0 bytes, Stack size 0 bytes, startup_hc32f460.o(.text))
<BR>[Address Reference Count : 1]<UL><LI> startup_hc32f460.o(RESET)
</UL>
<P><STRONG><a name="[18]"></a>IRQ014_Handler</STRONG> (Thumb, 0 bytes, Stack size 0 bytes, startup_hc32f460.o(.text))
<BR>[Address Reference Count : 1]<UL><LI> startup_hc32f460.o(RESET)
</UL>
<P><STRONG><a name="[19]"></a>IRQ015_Handler</STRONG> (Thumb, 0 bytes, Stack size 0 bytes, startup_hc32f460.o(.text))
<BR>[Address Reference Count : 1]<UL><LI> startup_hc32f460.o(RESET)
</UL>
<P><STRONG><a name="[1a]"></a>IRQ016_Handler</STRONG> (Thumb, 0 bytes, Stack size 0 bytes, startup_hc32f460.o(.text))
<BR>[Address Reference Count : 1]<UL><LI> startup_hc32f460.o(RESET)
</UL>
<P><STRONG><a name="[1b]"></a>IRQ017_Handler</STRONG> (Thumb, 0 bytes, Stack size 0 bytes, startup_hc32f460.o(.text))
<BR>[Address Reference Count : 1]<UL><LI> startup_hc32f460.o(RESET)
</UL>
<P><STRONG><a name="[1c]"></a>IRQ018_Handler</STRONG> (Thumb, 0 bytes, Stack size 0 bytes, startup_hc32f460.o(.text))
<BR>[Address Reference Count : 1]<UL><LI> startup_hc32f460.o(RESET)
</UL>
<P><STRONG><a name="[1d]"></a>IRQ019_Handler</STRONG> (Thumb, 0 bytes, Stack size 0 bytes, startup_hc32f460.o(.text))
<BR>[Address Reference Count : 1]<UL><LI> startup_hc32f460.o(RESET)
</UL>
<P><STRONG><a name="[1e]"></a>IRQ020_Handler</STRONG> (Thumb, 0 bytes, Stack size 0 bytes, startup_hc32f460.o(.text))
<BR>[Address Reference Count : 1]<UL><LI> startup_hc32f460.o(RESET)
</UL>
<P><STRONG><a name="[1f]"></a>IRQ021_Handler</STRONG> (Thumb, 0 bytes, Stack size 0 bytes, startup_hc32f460.o(.text))
<BR>[Address Reference Count : 1]<UL><LI> startup_hc32f460.o(RESET)
</UL>
<P><STRONG><a name="[20]"></a>IRQ022_Handler</STRONG> (Thumb, 0 bytes, Stack size 0 bytes, startup_hc32f460.o(.text))
<BR>[Address Reference Count : 1]<UL><LI> startup_hc32f460.o(RESET)
</UL>
<P><STRONG><a name="[21]"></a>IRQ023_Handler</STRONG> (Thumb, 0 bytes, Stack size 0 bytes, startup_hc32f460.o(.text))
<BR>[Address Reference Count : 1]<UL><LI> startup_hc32f460.o(RESET)
</UL>
<P><STRONG><a name="[22]"></a>IRQ024_Handler</STRONG> (Thumb, 0 bytes, Stack size 0 bytes, startup_hc32f460.o(.text))
<BR>[Address Reference Count : 1]<UL><LI> startup_hc32f460.o(RESET)
</UL>
<P><STRONG><a name="[23]"></a>IRQ025_Handler</STRONG> (Thumb, 0 bytes, Stack size 0 bytes, startup_hc32f460.o(.text))
<BR>[Address Reference Count : 1]<UL><LI> startup_hc32f460.o(RESET)
</UL>
<P><STRONG><a name="[24]"></a>IRQ026_Handler</STRONG> (Thumb, 0 bytes, Stack size 0 bytes, startup_hc32f460.o(.text))
<BR>[Address Reference Count : 1]<UL><LI> startup_hc32f460.o(RESET)
</UL>
<P><STRONG><a name="[25]"></a>IRQ027_Handler</STRONG> (Thumb, 0 bytes, Stack size 0 bytes, startup_hc32f460.o(.text))
<BR>[Address Reference Count : 1]<UL><LI> startup_hc32f460.o(RESET)
</UL>
<P><STRONG><a name="[26]"></a>IRQ028_Handler</STRONG> (Thumb, 0 bytes, Stack size 0 bytes, startup_hc32f460.o(.text))
<BR>[Address Reference Count : 1]<UL><LI> startup_hc32f460.o(RESET)
</UL>
<P><STRONG><a name="[27]"></a>IRQ029_Handler</STRONG> (Thumb, 0 bytes, Stack size 0 bytes, startup_hc32f460.o(.text))
<BR>[Address Reference Count : 1]<UL><LI> startup_hc32f460.o(RESET)
</UL>
<P><STRONG><a name="[28]"></a>IRQ030_Handler</STRONG> (Thumb, 0 bytes, Stack size 0 bytes, startup_hc32f460.o(.text))
<BR>[Address Reference Count : 1]<UL><LI> startup_hc32f460.o(RESET)
</UL>
<P><STRONG><a name="[29]"></a>IRQ031_Handler</STRONG> (Thumb, 0 bytes, Stack size 0 bytes, startup_hc32f460.o(.text))
<BR>[Address Reference Count : 1]<UL><LI> startup_hc32f460.o(RESET)
</UL>
<P><STRONG><a name="[2a]"></a>IRQ032_Handler</STRONG> (Thumb, 0 bytes, Stack size 0 bytes, startup_hc32f460.o(.text))
<BR>[Address Reference Count : 1]<UL><LI> startup_hc32f460.o(RESET)
</UL>
<P><STRONG><a name="[2b]"></a>IRQ033_Handler</STRONG> (Thumb, 0 bytes, Stack size 0 bytes, startup_hc32f460.o(.text))
<BR>[Address Reference Count : 1]<UL><LI> startup_hc32f460.o(RESET)
</UL>
<P><STRONG><a name="[2c]"></a>IRQ034_Handler</STRONG> (Thumb, 0 bytes, Stack size 0 bytes, startup_hc32f460.o(.text))
<BR>[Address Reference Count : 1]<UL><LI> startup_hc32f460.o(RESET)
</UL>
<P><STRONG><a name="[2d]"></a>IRQ035_Handler</STRONG> (Thumb, 0 bytes, Stack size 0 bytes, startup_hc32f460.o(.text))
<BR>[Address Reference Count : 1]<UL><LI> startup_hc32f460.o(RESET)
</UL>
<P><STRONG><a name="[2e]"></a>IRQ036_Handler</STRONG> (Thumb, 0 bytes, Stack size 0 bytes, startup_hc32f460.o(.text))
<BR>[Address Reference Count : 1]<UL><LI> startup_hc32f460.o(RESET)
</UL>
<P><STRONG><a name="[2f]"></a>IRQ037_Handler</STRONG> (Thumb, 0 bytes, Stack size 0 bytes, startup_hc32f460.o(.text))
<BR>[Address Reference Count : 1]<UL><LI> startup_hc32f460.o(RESET)
</UL>
<P><STRONG><a name="[30]"></a>IRQ038_Handler</STRONG> (Thumb, 0 bytes, Stack size 0 bytes, startup_hc32f460.o(.text))
<BR>[Address Reference Count : 1]<UL><LI> startup_hc32f460.o(RESET)
</UL>
<P><STRONG><a name="[31]"></a>IRQ039_Handler</STRONG> (Thumb, 0 bytes, Stack size 0 bytes, startup_hc32f460.o(.text))
<BR>[Address Reference Count : 1]<UL><LI> startup_hc32f460.o(RESET)
</UL>
<P><STRONG><a name="[32]"></a>IRQ040_Handler</STRONG> (Thumb, 0 bytes, Stack size 0 bytes, startup_hc32f460.o(.text))
<BR>[Address Reference Count : 1]<UL><LI> startup_hc32f460.o(RESET)
</UL>
<P><STRONG><a name="[33]"></a>IRQ041_Handler</STRONG> (Thumb, 0 bytes, Stack size 0 bytes, startup_hc32f460.o(.text))
<BR>[Address Reference Count : 1]<UL><LI> startup_hc32f460.o(RESET)
</UL>
<P><STRONG><a name="[34]"></a>IRQ042_Handler</STRONG> (Thumb, 0 bytes, Stack size 0 bytes, startup_hc32f460.o(.text))
<BR>[Address Reference Count : 1]<UL><LI> startup_hc32f460.o(RESET)
</UL>
<P><STRONG><a name="[35]"></a>IRQ043_Handler</STRONG> (Thumb, 0 bytes, Stack size 0 bytes, startup_hc32f460.o(.text))
<BR>[Address Reference Count : 1]<UL><LI> startup_hc32f460.o(RESET)
</UL>
<P><STRONG><a name="[36]"></a>IRQ044_Handler</STRONG> (Thumb, 0 bytes, Stack size 0 bytes, startup_hc32f460.o(.text))
<BR>[Address Reference Count : 1]<UL><LI> startup_hc32f460.o(RESET)
</UL>
<P><STRONG><a name="[37]"></a>IRQ045_Handler</STRONG> (Thumb, 0 bytes, Stack size 0 bytes, startup_hc32f460.o(.text))
<BR>[Address Reference Count : 1]<UL><LI> startup_hc32f460.o(RESET)
</UL>
<P><STRONG><a name="[38]"></a>IRQ046_Handler</STRONG> (Thumb, 0 bytes, Stack size 0 bytes, startup_hc32f460.o(.text))
<BR>[Address Reference Count : 1]<UL><LI> startup_hc32f460.o(RESET)
</UL>
<P><STRONG><a name="[39]"></a>IRQ047_Handler</STRONG> (Thumb, 0 bytes, Stack size 0 bytes, startup_hc32f460.o(.text))
<BR>[Address Reference Count : 1]<UL><LI> startup_hc32f460.o(RESET)
</UL>
<P><STRONG><a name="[3a]"></a>IRQ048_Handler</STRONG> (Thumb, 0 bytes, Stack size 0 bytes, startup_hc32f460.o(.text))
<BR>[Address Reference Count : 1]<UL><LI> startup_hc32f460.o(RESET)
</UL>
<P><STRONG><a name="[3b]"></a>IRQ049_Handler</STRONG> (Thumb, 0 bytes, Stack size 0 bytes, startup_hc32f460.o(.text))
<BR>[Address Reference Count : 1]<UL><LI> startup_hc32f460.o(RESET)
</UL>
<P><STRONG><a name="[3c]"></a>IRQ050_Handler</STRONG> (Thumb, 0 bytes, Stack size 0 bytes, startup_hc32f460.o(.text))
<BR>[Address Reference Count : 1]<UL><LI> startup_hc32f460.o(RESET)
</UL>
<P><STRONG><a name="[3d]"></a>IRQ051_Handler</STRONG> (Thumb, 0 bytes, Stack size 0 bytes, startup_hc32f460.o(.text))
<BR>[Address Reference Count : 1]<UL><LI> startup_hc32f460.o(RESET)
</UL>
<P><STRONG><a name="[3e]"></a>IRQ052_Handler</STRONG> (Thumb, 0 bytes, Stack size 0 bytes, startup_hc32f460.o(.text))
<BR>[Address Reference Count : 1]<UL><LI> startup_hc32f460.o(RESET)
</UL>
<P><STRONG><a name="[3f]"></a>IRQ053_Handler</STRONG> (Thumb, 0 bytes, Stack size 0 bytes, startup_hc32f460.o(.text))
<BR>[Address Reference Count : 1]<UL><LI> startup_hc32f460.o(RESET)
</UL>
<P><STRONG><a name="[40]"></a>IRQ054_Handler</STRONG> (Thumb, 0 bytes, Stack size 0 bytes, startup_hc32f460.o(.text))
<BR>[Address Reference Count : 1]<UL><LI> startup_hc32f460.o(RESET)
</UL>
<P><STRONG><a name="[41]"></a>IRQ055_Handler</STRONG> (Thumb, 0 bytes, Stack size 0 bytes, startup_hc32f460.o(.text))
<BR>[Address Reference Count : 1]<UL><LI> startup_hc32f460.o(RESET)
</UL>
<P><STRONG><a name="[42]"></a>IRQ056_Handler</STRONG> (Thumb, 0 bytes, Stack size 0 bytes, startup_hc32f460.o(.text))
<BR>[Address Reference Count : 1]<UL><LI> startup_hc32f460.o(RESET)
</UL>
<P><STRONG><a name="[43]"></a>IRQ057_Handler</STRONG> (Thumb, 0 bytes, Stack size 0 bytes, startup_hc32f460.o(.text))
<BR>[Address Reference Count : 1]<UL><LI> startup_hc32f460.o(RESET)
</UL>
<P><STRONG><a name="[44]"></a>IRQ058_Handler</STRONG> (Thumb, 0 bytes, Stack size 0 bytes, startup_hc32f460.o(.text))
<BR>[Address Reference Count : 1]<UL><LI> startup_hc32f460.o(RESET)
</UL>
<P><STRONG><a name="[45]"></a>IRQ059_Handler</STRONG> (Thumb, 0 bytes, Stack size 0 bytes, startup_hc32f460.o(.text))
<BR>[Address Reference Count : 1]<UL><LI> startup_hc32f460.o(RESET)
</UL>
<P><STRONG><a name="[46]"></a>IRQ060_Handler</STRONG> (Thumb, 0 bytes, Stack size 0 bytes, startup_hc32f460.o(.text))
<BR>[Address Reference Count : 1]<UL><LI> startup_hc32f460.o(RESET)
</UL>
<P><STRONG><a name="[47]"></a>IRQ061_Handler</STRONG> (Thumb, 0 bytes, Stack size 0 bytes, startup_hc32f460.o(.text))
<BR>[Address Reference Count : 1]<UL><LI> startup_hc32f460.o(RESET)
</UL>
<P><STRONG><a name="[48]"></a>IRQ062_Handler</STRONG> (Thumb, 0 bytes, Stack size 0 bytes, startup_hc32f460.o(.text))
<BR>[Address Reference Count : 1]<UL><LI> startup_hc32f460.o(RESET)
</UL>
<P><STRONG><a name="[49]"></a>IRQ063_Handler</STRONG> (Thumb, 0 bytes, Stack size 0 bytes, startup_hc32f460.o(.text))
<BR>[Address Reference Count : 1]<UL><LI> startup_hc32f460.o(RESET)
</UL>
<P><STRONG><a name="[4a]"></a>IRQ064_Handler</STRONG> (Thumb, 0 bytes, Stack size 0 bytes, startup_hc32f460.o(.text))
<BR>[Address Reference Count : 1]<UL><LI> startup_hc32f460.o(RESET)
</UL>
<P><STRONG><a name="[4b]"></a>IRQ065_Handler</STRONG> (Thumb, 0 bytes, Stack size 0 bytes, startup_hc32f460.o(.text))
<BR>[Address Reference Count : 1]<UL><LI> startup_hc32f460.o(RESET)
</UL>
<P><STRONG><a name="[4c]"></a>IRQ066_Handler</STRONG> (Thumb, 0 bytes, Stack size 0 bytes, startup_hc32f460.o(.text))
<BR>[Address Reference Count : 1]<UL><LI> startup_hc32f460.o(RESET)
</UL>
<P><STRONG><a name="[4d]"></a>IRQ067_Handler</STRONG> (Thumb, 0 bytes, Stack size 0 bytes, startup_hc32f460.o(.text))
<BR>[Address Reference Count : 1]<UL><LI> startup_hc32f460.o(RESET)
</UL>
<P><STRONG><a name="[4e]"></a>IRQ068_Handler</STRONG> (Thumb, 0 bytes, Stack size 0 bytes, startup_hc32f460.o(.text))
<BR>[Address Reference Count : 1]<UL><LI> startup_hc32f460.o(RESET)
</UL>
<P><STRONG><a name="[4f]"></a>IRQ069_Handler</STRONG> (Thumb, 0 bytes, Stack size 0 bytes, startup_hc32f460.o(.text))
<BR>[Address Reference Count : 1]<UL><LI> startup_hc32f460.o(RESET)
</UL>
<P><STRONG><a name="[50]"></a>IRQ070_Handler</STRONG> (Thumb, 0 bytes, Stack size 0 bytes, startup_hc32f460.o(.text))
<BR>[Address Reference Count : 1]<UL><LI> startup_hc32f460.o(RESET)
</UL>
<P><STRONG><a name="[51]"></a>IRQ071_Handler</STRONG> (Thumb, 0 bytes, Stack size 0 bytes, startup_hc32f460.o(.text))
<BR>[Address Reference Count : 1]<UL><LI> startup_hc32f460.o(RESET)
</UL>
<P><STRONG><a name="[52]"></a>IRQ072_Handler</STRONG> (Thumb, 0 bytes, Stack size 0 bytes, startup_hc32f460.o(.text))
<BR>[Address Reference Count : 1]<UL><LI> startup_hc32f460.o(RESET)
</UL>
<P><STRONG><a name="[53]"></a>IRQ073_Handler</STRONG> (Thumb, 0 bytes, Stack size 0 bytes, startup_hc32f460.o(.text))
<BR>[Address Reference Count : 1]<UL><LI> startup_hc32f460.o(RESET)
</UL>
<P><STRONG><a name="[54]"></a>IRQ074_Handler</STRONG> (Thumb, 0 bytes, Stack size 0 bytes, startup_hc32f460.o(.text))
<BR>[Address Reference Count : 1]<UL><LI> startup_hc32f460.o(RESET)
</UL>
<P><STRONG><a name="[55]"></a>IRQ075_Handler</STRONG> (Thumb, 0 bytes, Stack size 0 bytes, startup_hc32f460.o(.text))
<BR>[Address Reference Count : 1]<UL><LI> startup_hc32f460.o(RESET)
</UL>
<P><STRONG><a name="[56]"></a>IRQ076_Handler</STRONG> (Thumb, 0 bytes, Stack size 0 bytes, startup_hc32f460.o(.text))
<BR>[Address Reference Count : 1]<UL><LI> startup_hc32f460.o(RESET)
</UL>
<P><STRONG><a name="[57]"></a>IRQ077_Handler</STRONG> (Thumb, 0 bytes, Stack size 0 bytes, startup_hc32f460.o(.text))
<BR>[Address Reference Count : 1]<UL><LI> startup_hc32f460.o(RESET)
</UL>
<P><STRONG><a name="[58]"></a>IRQ078_Handler</STRONG> (Thumb, 0 bytes, Stack size 0 bytes, startup_hc32f460.o(.text))
<BR>[Address Reference Count : 1]<UL><LI> startup_hc32f460.o(RESET)
</UL>
<P><STRONG><a name="[59]"></a>IRQ079_Handler</STRONG> (Thumb, 0 bytes, Stack size 0 bytes, startup_hc32f460.o(.text))
<BR>[Address Reference Count : 1]<UL><LI> startup_hc32f460.o(RESET)
</UL>
<P><STRONG><a name="[5a]"></a>IRQ080_Handler</STRONG> (Thumb, 0 bytes, Stack size 0 bytes, startup_hc32f460.o(.text))
<BR>[Address Reference Count : 1]<UL><LI> startup_hc32f460.o(RESET)
</UL>
<P><STRONG><a name="[5b]"></a>IRQ081_Handler</STRONG> (Thumb, 0 bytes, Stack size 0 bytes, startup_hc32f460.o(.text))
<BR>[Address Reference Count : 1]<UL><LI> startup_hc32f460.o(RESET)
</UL>
<P><STRONG><a name="[5c]"></a>IRQ082_Handler</STRONG> (Thumb, 0 bytes, Stack size 0 bytes, startup_hc32f460.o(.text))
<BR>[Address Reference Count : 1]<UL><LI> startup_hc32f460.o(RESET)
</UL>
<P><STRONG><a name="[5d]"></a>IRQ083_Handler</STRONG> (Thumb, 0 bytes, Stack size 0 bytes, startup_hc32f460.o(.text))
<BR>[Address Reference Count : 1]<UL><LI> startup_hc32f460.o(RESET)
</UL>
<P><STRONG><a name="[5e]"></a>IRQ084_Handler</STRONG> (Thumb, 0 bytes, Stack size 0 bytes, startup_hc32f460.o(.text))
<BR>[Address Reference Count : 1]<UL><LI> startup_hc32f460.o(RESET)
</UL>
<P><STRONG><a name="[5f]"></a>IRQ085_Handler</STRONG> (Thumb, 0 bytes, Stack size 0 bytes, startup_hc32f460.o(.text))
<BR>[Address Reference Count : 1]<UL><LI> startup_hc32f460.o(RESET)
</UL>
<P><STRONG><a name="[60]"></a>IRQ086_Handler</STRONG> (Thumb, 0 bytes, Stack size 0 bytes, startup_hc32f460.o(.text))
<BR>[Address Reference Count : 1]<UL><LI> startup_hc32f460.o(RESET)
</UL>
<P><STRONG><a name="[61]"></a>IRQ087_Handler</STRONG> (Thumb, 0 bytes, Stack size 0 bytes, startup_hc32f460.o(.text))
<BR>[Address Reference Count : 1]<UL><LI> startup_hc32f460.o(RESET)
</UL>
<P><STRONG><a name="[62]"></a>IRQ088_Handler</STRONG> (Thumb, 0 bytes, Stack size 0 bytes, startup_hc32f460.o(.text))
<BR>[Address Reference Count : 1]<UL><LI> startup_hc32f460.o(RESET)
</UL>
<P><STRONG><a name="[63]"></a>IRQ089_Handler</STRONG> (Thumb, 0 bytes, Stack size 0 bytes, startup_hc32f460.o(.text))
<BR>[Address Reference Count : 1]<UL><LI> startup_hc32f460.o(RESET)
</UL>
<P><STRONG><a name="[64]"></a>IRQ090_Handler</STRONG> (Thumb, 0 bytes, Stack size 0 bytes, startup_hc32f460.o(.text))
<BR>[Address Reference Count : 1]<UL><LI> startup_hc32f460.o(RESET)
</UL>
<P><STRONG><a name="[65]"></a>IRQ091_Handler</STRONG> (Thumb, 0 bytes, Stack size 0 bytes, startup_hc32f460.o(.text))
<BR>[Address Reference Count : 1]<UL><LI> startup_hc32f460.o(RESET)
</UL>
<P><STRONG><a name="[66]"></a>IRQ092_Handler</STRONG> (Thumb, 0 bytes, Stack size 0 bytes, startup_hc32f460.o(.text))
<BR>[Address Reference Count : 1]<UL><LI> startup_hc32f460.o(RESET)
</UL>
<P><STRONG><a name="[67]"></a>IRQ093_Handler</STRONG> (Thumb, 0 bytes, Stack size 0 bytes, startup_hc32f460.o(.text))
<BR>[Address Reference Count : 1]<UL><LI> startup_hc32f460.o(RESET)
</UL>
<P><STRONG><a name="[68]"></a>IRQ094_Handler</STRONG> (Thumb, 0 bytes, Stack size 0 bytes, startup_hc32f460.o(.text))
<BR>[Address Reference Count : 1]<UL><LI> startup_hc32f460.o(RESET)
</UL>
<P><STRONG><a name="[69]"></a>IRQ095_Handler</STRONG> (Thumb, 0 bytes, Stack size 0 bytes, startup_hc32f460.o(.text))
<BR>[Address Reference Count : 1]<UL><LI> startup_hc32f460.o(RESET)
</UL>
<P><STRONG><a name="[6a]"></a>IRQ096_Handler</STRONG> (Thumb, 0 bytes, Stack size 0 bytes, startup_hc32f460.o(.text))
<BR>[Address Reference Count : 1]<UL><LI> startup_hc32f460.o(RESET)
</UL>
<P><STRONG><a name="[6b]"></a>IRQ097_Handler</STRONG> (Thumb, 0 bytes, Stack size 0 bytes, startup_hc32f460.o(.text))
<BR>[Address Reference Count : 1]<UL><LI> startup_hc32f460.o(RESET)
</UL>
<P><STRONG><a name="[6c]"></a>IRQ098_Handler</STRONG> (Thumb, 0 bytes, Stack size 0 bytes, startup_hc32f460.o(.text))
<BR>[Address Reference Count : 1]<UL><LI> startup_hc32f460.o(RESET)
</UL>
<P><STRONG><a name="[6d]"></a>IRQ099_Handler</STRONG> (Thumb, 0 bytes, Stack size 0 bytes, startup_hc32f460.o(.text))
<BR>[Address Reference Count : 1]<UL><LI> startup_hc32f460.o(RESET)
</UL>
<P><STRONG><a name="[6e]"></a>IRQ100_Handler</STRONG> (Thumb, 0 bytes, Stack size 0 bytes, startup_hc32f460.o(.text))
<BR>[Address Reference Count : 1]<UL><LI> startup_hc32f460.o(RESET)
</UL>
<P><STRONG><a name="[6f]"></a>IRQ101_Handler</STRONG> (Thumb, 0 bytes, Stack size 0 bytes, startup_hc32f460.o(.text))
<BR>[Address Reference Count : 1]<UL><LI> startup_hc32f460.o(RESET)
</UL>
<P><STRONG><a name="[70]"></a>IRQ102_Handler</STRONG> (Thumb, 0 bytes, Stack size 0 bytes, startup_hc32f460.o(.text))
<BR>[Address Reference Count : 1]<UL><LI> startup_hc32f460.o(RESET)
</UL>
<P><STRONG><a name="[71]"></a>IRQ103_Handler</STRONG> (Thumb, 0 bytes, Stack size 0 bytes, startup_hc32f460.o(.text))
<BR>[Address Reference Count : 1]<UL><LI> startup_hc32f460.o(RESET)
</UL>
<P><STRONG><a name="[72]"></a>IRQ104_Handler</STRONG> (Thumb, 0 bytes, Stack size 0 bytes, startup_hc32f460.o(.text))
<BR>[Address Reference Count : 1]<UL><LI> startup_hc32f460.o(RESET)
</UL>
<P><STRONG><a name="[73]"></a>IRQ105_Handler</STRONG> (Thumb, 0 bytes, Stack size 0 bytes, startup_hc32f460.o(.text))
<BR>[Address Reference Count : 1]<UL><LI> startup_hc32f460.o(RESET)
</UL>
<P><STRONG><a name="[74]"></a>IRQ106_Handler</STRONG> (Thumb, 0 bytes, Stack size 0 bytes, startup_hc32f460.o(.text))
<BR>[Address Reference Count : 1]<UL><LI> startup_hc32f460.o(RESET)
</UL>
<P><STRONG><a name="[75]"></a>IRQ107_Handler</STRONG> (Thumb, 0 bytes, Stack size 0 bytes, startup_hc32f460.o(.text))
<BR>[Address Reference Count : 1]<UL><LI> startup_hc32f460.o(RESET)
</UL>
<P><STRONG><a name="[76]"></a>IRQ108_Handler</STRONG> (Thumb, 0 bytes, Stack size 0 bytes, startup_hc32f460.o(.text))
<BR>[Address Reference Count : 1]<UL><LI> startup_hc32f460.o(RESET)
</UL>
<P><STRONG><a name="[77]"></a>IRQ109_Handler</STRONG> (Thumb, 0 bytes, Stack size 0 bytes, startup_hc32f460.o(.text))
<BR>[Address Reference Count : 1]<UL><LI> startup_hc32f460.o(RESET)
</UL>
<P><STRONG><a name="[78]"></a>IRQ110_Handler</STRONG> (Thumb, 0 bytes, Stack size 0 bytes, startup_hc32f460.o(.text))
<BR>[Address Reference Count : 1]<UL><LI> startup_hc32f460.o(RESET)
</UL>
<P><STRONG><a name="[79]"></a>IRQ111_Handler</STRONG> (Thumb, 0 bytes, Stack size 0 bytes, startup_hc32f460.o(.text))
<BR>[Address Reference Count : 1]<UL><LI> startup_hc32f460.o(RESET)
</UL>
<P><STRONG><a name="[7a]"></a>IRQ112_Handler</STRONG> (Thumb, 0 bytes, Stack size 0 bytes, startup_hc32f460.o(.text))
<BR>[Address Reference Count : 1]<UL><LI> startup_hc32f460.o(RESET)
</UL>
<P><STRONG><a name="[7b]"></a>IRQ113_Handler</STRONG> (Thumb, 0 bytes, Stack size 0 bytes, startup_hc32f460.o(.text))
<BR>[Address Reference Count : 1]<UL><LI> startup_hc32f460.o(RESET)
</UL>
<P><STRONG><a name="[7c]"></a>IRQ114_Handler</STRONG> (Thumb, 0 bytes, Stack size 0 bytes, startup_hc32f460.o(.text))
<BR>[Address Reference Count : 1]<UL><LI> startup_hc32f460.o(RESET)
</UL>
<P><STRONG><a name="[7d]"></a>IRQ115_Handler</STRONG> (Thumb, 0 bytes, Stack size 0 bytes, startup_hc32f460.o(.text))
<BR>[Address Reference Count : 1]<UL><LI> startup_hc32f460.o(RESET)
</UL>
<P><STRONG><a name="[7e]"></a>IRQ116_Handler</STRONG> (Thumb, 0 bytes, Stack size 0 bytes, startup_hc32f460.o(.text))
<BR>[Address Reference Count : 1]<UL><LI> startup_hc32f460.o(RESET)
</UL>
<P><STRONG><a name="[7f]"></a>IRQ117_Handler</STRONG> (Thumb, 0 bytes, Stack size 0 bytes, startup_hc32f460.o(.text))
<BR>[Address Reference Count : 1]<UL><LI> startup_hc32f460.o(RESET)
</UL>
<P><STRONG><a name="[80]"></a>IRQ118_Handler</STRONG> (Thumb, 0 bytes, Stack size 0 bytes, startup_hc32f460.o(.text))
<BR>[Address Reference Count : 1]<UL><LI> startup_hc32f460.o(RESET)
</UL>
<P><STRONG><a name="[81]"></a>IRQ119_Handler</STRONG> (Thumb, 0 bytes, Stack size 0 bytes, startup_hc32f460.o(.text))
<BR>[Address Reference Count : 1]<UL><LI> startup_hc32f460.o(RESET)
</UL>
<P><STRONG><a name="[82]"></a>IRQ120_Handler</STRONG> (Thumb, 0 bytes, Stack size 0 bytes, startup_hc32f460.o(.text))
<BR>[Address Reference Count : 1]<UL><LI> startup_hc32f460.o(RESET)
</UL>
<P><STRONG><a name="[83]"></a>IRQ121_Handler</STRONG> (Thumb, 0 bytes, Stack size 0 bytes, startup_hc32f460.o(.text))
<BR>[Address Reference Count : 1]<UL><LI> startup_hc32f460.o(RESET)
</UL>
<P><STRONG><a name="[84]"></a>IRQ122_Handler</STRONG> (Thumb, 0 bytes, Stack size 0 bytes, startup_hc32f460.o(.text))
<BR>[Address Reference Count : 1]<UL><LI> startup_hc32f460.o(RESET)
</UL>
<P><STRONG><a name="[85]"></a>IRQ123_Handler</STRONG> (Thumb, 0 bytes, Stack size 0 bytes, startup_hc32f460.o(.text))
<BR>[Address Reference Count : 1]<UL><LI> startup_hc32f460.o(RESET)
</UL>
<P><STRONG><a name="[86]"></a>IRQ124_Handler</STRONG> (Thumb, 0 bytes, Stack size 0 bytes, startup_hc32f460.o(.text))
<BR>[Address Reference Count : 1]<UL><LI> startup_hc32f460.o(RESET)
</UL>
<P><STRONG><a name="[87]"></a>IRQ125_Handler</STRONG> (Thumb, 0 bytes, Stack size 0 bytes, startup_hc32f460.o(.text))
<BR>[Address Reference Count : 1]<UL><LI> startup_hc32f460.o(RESET)
</UL>
<P><STRONG><a name="[88]"></a>IRQ126_Handler</STRONG> (Thumb, 0 bytes, Stack size 0 bytes, startup_hc32f460.o(.text))
<BR>[Address Reference Count : 1]<UL><LI> startup_hc32f460.o(RESET)
</UL>
<P><STRONG><a name="[89]"></a>IRQ127_Handler</STRONG> (Thumb, 0 bytes, Stack size 0 bytes, startup_hc32f460.o(.text))
<BR>[Address Reference Count : 1]<UL><LI> startup_hc32f460.o(RESET)
</UL>
<P><STRONG><a name="[8a]"></a>IRQ128_Handler</STRONG> (Thumb, 0 bytes, Stack size 0 bytes, startup_hc32f460.o(.text))
<BR>[Address Reference Count : 1]<UL><LI> startup_hc32f460.o(RESET)
</UL>
<P><STRONG><a name="[8b]"></a>IRQ129_Handler</STRONG> (Thumb, 0 bytes, Stack size 0 bytes, startup_hc32f460.o(.text))
<BR>[Address Reference Count : 1]<UL><LI> startup_hc32f460.o(RESET)
</UL>
<P><STRONG><a name="[8c]"></a>IRQ130_Handler</STRONG> (Thumb, 0 bytes, Stack size 0 bytes, startup_hc32f460.o(.text))
<BR>[Address Reference Count : 1]<UL><LI> startup_hc32f460.o(RESET)
</UL>
<P><STRONG><a name="[8d]"></a>IRQ131_Handler</STRONG> (Thumb, 0 bytes, Stack size 0 bytes, startup_hc32f460.o(.text))
<BR>[Address Reference Count : 1]<UL><LI> startup_hc32f460.o(RESET)
</UL>
<P><STRONG><a name="[8e]"></a>IRQ132_Handler</STRONG> (Thumb, 0 bytes, Stack size 0 bytes, startup_hc32f460.o(.text))
<BR>[Address Reference Count : 1]<UL><LI> startup_hc32f460.o(RESET)
</UL>
<P><STRONG><a name="[8f]"></a>IRQ133_Handler</STRONG> (Thumb, 0 bytes, Stack size 0 bytes, startup_hc32f460.o(.text))
<BR>[Address Reference Count : 1]<UL><LI> startup_hc32f460.o(RESET)
</UL>
<P><STRONG><a name="[90]"></a>IRQ134_Handler</STRONG> (Thumb, 0 bytes, Stack size 0 bytes, startup_hc32f460.o(.text))
<BR>[Address Reference Count : 1]<UL><LI> startup_hc32f460.o(RESET)
</UL>
<P><STRONG><a name="[91]"></a>IRQ135_Handler</STRONG> (Thumb, 0 bytes, Stack size 0 bytes, startup_hc32f460.o(.text))
<BR>[Address Reference Count : 1]<UL><LI> startup_hc32f460.o(RESET)
</UL>
<P><STRONG><a name="[92]"></a>IRQ136_Handler</STRONG> (Thumb, 0 bytes, Stack size 0 bytes, startup_hc32f460.o(.text))
<BR>[Address Reference Count : 1]<UL><LI> startup_hc32f460.o(RESET)
</UL>
<P><STRONG><a name="[93]"></a>IRQ137_Handler</STRONG> (Thumb, 0 bytes, Stack size 0 bytes, startup_hc32f460.o(.text))
<BR>[Address Reference Count : 1]<UL><LI> startup_hc32f460.o(RESET)
</UL>
<P><STRONG><a name="[94]"></a>IRQ138_Handler</STRONG> (Thumb, 0 bytes, Stack size 0 bytes, startup_hc32f460.o(.text))
<BR>[Address Reference Count : 1]<UL><LI> startup_hc32f460.o(RESET)
</UL>
<P><STRONG><a name="[95]"></a>IRQ139_Handler</STRONG> (Thumb, 0 bytes, Stack size 0 bytes, startup_hc32f460.o(.text))
<BR>[Address Reference Count : 1]<UL><LI> startup_hc32f460.o(RESET)
</UL>
<P><STRONG><a name="[96]"></a>IRQ140_Handler</STRONG> (Thumb, 0 bytes, Stack size 0 bytes, startup_hc32f460.o(.text))
<BR>[Address Reference Count : 1]<UL><LI> startup_hc32f460.o(RESET)
</UL>
<P><STRONG><a name="[97]"></a>IRQ141_Handler</STRONG> (Thumb, 0 bytes, Stack size 0 bytes, startup_hc32f460.o(.text))
<BR>[Address Reference Count : 1]<UL><LI> startup_hc32f460.o(RESET)
</UL>
<P><STRONG><a name="[98]"></a>IRQ142_Handler</STRONG> (Thumb, 0 bytes, Stack size 0 bytes, startup_hc32f460.o(.text))
<BR>[Address Reference Count : 1]<UL><LI> startup_hc32f460.o(RESET)
</UL>
<P><STRONG><a name="[99]"></a>IRQ143_Handler</STRONG> (Thumb, 0 bytes, Stack size 0 bytes, startup_hc32f460.o(.text))
<BR>[Address Reference Count : 1]<UL><LI> startup_hc32f460.o(RESET)
</UL>
<P><STRONG><a name="[a7]"></a>rt_hw_interrupt_disable</STRONG> (Thumb, 8 bytes, Stack size 0 bytes, context_rvds.o(.text))
<BR><BR>[Called By]<UL><LI><a href="#[f6]">&gt;&gt;</a>&nbsp;&nbsp;&nbsp;rt_timer_stop
<LI><a href="#[ef]">&gt;&gt;</a>&nbsp;&nbsp;&nbsp;rt_timer_detach
<LI><a href="#[9d]">&gt;&gt;</a>&nbsp;&nbsp;&nbsp;rt_thread_exit
<LI><a href="#[c0]">&gt;&gt;</a>&nbsp;&nbsp;&nbsp;_thread_cleanup_execute
<LI><a href="#[e5]">&gt;&gt;</a>&nbsp;&nbsp;&nbsp;rt_schedule_remove_thread
<LI><a href="#[e4]">&gt;&gt;</a>&nbsp;&nbsp;&nbsp;rt_schedule_insert_thread
<LI><a href="#[c8]">&gt;&gt;</a>&nbsp;&nbsp;&nbsp;rt_exit_critical
<LI><a href="#[c7]">&gt;&gt;</a>&nbsp;&nbsp;&nbsp;rt_enter_critical
<LI><a href="#[ea]">&gt;&gt;</a>&nbsp;&nbsp;&nbsp;rt_timer_start
<LI><a href="#[e9]">&gt;&gt;</a>&nbsp;&nbsp;&nbsp;rt_timer_control
<LI><a href="#[d6]">&gt;&gt;</a>&nbsp;&nbsp;&nbsp;rt_thread_suspend
<LI><a href="#[d4]">&gt;&gt;</a>&nbsp;&nbsp;&nbsp;rt_thread_resume
<LI><a href="#[c9]">&gt;&gt;</a>&nbsp;&nbsp;&nbsp;rt_schedule
<LI><a href="#[e2]">&gt;&gt;</a>&nbsp;&nbsp;&nbsp;rt_object_init
<LI><a href="#[e1]">&gt;&gt;</a>&nbsp;&nbsp;&nbsp;rt_object_detach
<LI><a href="#[db]">&gt;&gt;</a>&nbsp;&nbsp;&nbsp;rt_object_allocate
<LI><a href="#[cb]">&gt;&gt;</a>&nbsp;&nbsp;&nbsp;rt_sem_take
<LI><a href="#[cd]">&gt;&gt;</a>&nbsp;&nbsp;&nbsp;rt_sem_release
<LI><a href="#[df]">&gt;&gt;</a>&nbsp;&nbsp;&nbsp;rt_object_delete
<LI><a href="#[f2]">&gt;&gt;</a>&nbsp;&nbsp;&nbsp;rt_thread_idle_excute
<LI><a href="#[b1]">&gt;&gt;</a>&nbsp;&nbsp;&nbsp;rtthread_startup
</UL>

<P><STRONG><a name="[a8]"></a>rt_hw_interrupt_enable</STRONG> (Thumb, 6 bytes, Stack size 0 bytes, context_rvds.o(.text))
<BR><BR>[Called By]<UL><LI><a href="#[f6]">&gt;&gt;</a>&nbsp;&nbsp;&nbsp;rt_timer_stop
<LI><a href="#[ef]">&gt;&gt;</a>&nbsp;&nbsp;&nbsp;rt_timer_detach
<LI><a href="#[9d]">&gt;&gt;</a>&nbsp;&nbsp;&nbsp;rt_thread_exit
<LI><a href="#[c0]">&gt;&gt;</a>&nbsp;&nbsp;&nbsp;_thread_cleanup_execute
<LI><a href="#[e5]">&gt;&gt;</a>&nbsp;&nbsp;&nbsp;rt_schedule_remove_thread
<LI><a href="#[e4]">&gt;&gt;</a>&nbsp;&nbsp;&nbsp;rt_schedule_insert_thread
<LI><a href="#[c8]">&gt;&gt;</a>&nbsp;&nbsp;&nbsp;rt_exit_critical
<LI><a href="#[c7]">&gt;&gt;</a>&nbsp;&nbsp;&nbsp;rt_enter_critical
<LI><a href="#[ea]">&gt;&gt;</a>&nbsp;&nbsp;&nbsp;rt_timer_start
<LI><a href="#[e9]">&gt;&gt;</a>&nbsp;&nbsp;&nbsp;rt_timer_control
<LI><a href="#[d6]">&gt;&gt;</a>&nbsp;&nbsp;&nbsp;rt_thread_suspend
<LI><a href="#[d4]">&gt;&gt;</a>&nbsp;&nbsp;&nbsp;rt_thread_resume
<LI><a href="#[c9]">&gt;&gt;</a>&nbsp;&nbsp;&nbsp;rt_schedule
<LI><a href="#[e2]">&gt;&gt;</a>&nbsp;&nbsp;&nbsp;rt_object_init
<LI><a href="#[e1]">&gt;&gt;</a>&nbsp;&nbsp;&nbsp;rt_object_detach
<LI><a href="#[db]">&gt;&gt;</a>&nbsp;&nbsp;&nbsp;rt_object_allocate
<LI><a href="#[cb]">&gt;&gt;</a>&nbsp;&nbsp;&nbsp;rt_sem_take
<LI><a href="#[cd]">&gt;&gt;</a>&nbsp;&nbsp;&nbsp;rt_sem_release
<LI><a href="#[df]">&gt;&gt;</a>&nbsp;&nbsp;&nbsp;rt_object_delete
<LI><a href="#[f2]">&gt;&gt;</a>&nbsp;&nbsp;&nbsp;rt_thread_idle_excute
</UL>

<P><STRONG><a name="[a9]"></a>rt_hw_context_switch</STRONG> (Thumb, 32 bytes, Stack size 0 bytes, context_rvds.o(.text))
<BR><BR>[Called By]<UL><LI><a href="#[c9]">&gt;&gt;</a>&nbsp;&nbsp;&nbsp;rt_schedule
</UL>

<P><STRONG><a name="[aa]"></a>rt_hw_context_switch_interrupt</STRONG> (Thumb, 0 bytes, Stack size 0 bytes, context_rvds.o(.text))
<BR><BR>[Called By]<UL><LI><a href="#[c9]">&gt;&gt;</a>&nbsp;&nbsp;&nbsp;rt_schedule
</UL>

<P><STRONG><a name="[8]"></a>PendSV_Handler</STRONG> (Thumb, 60 bytes, Stack size 0 bytes, context_rvds.o(.text))
<BR>[Address Reference Count : 1]<UL><LI> startup_hc32f460.o(RESET)
</UL>
<P><STRONG><a name="[ab]"></a>rt_hw_context_switch_to</STRONG> (Thumb, 56 bytes, Stack size 0 bytes, context_rvds.o(.text))
<BR><BR>[Called By]<UL><LI><a href="#[ed]">&gt;&gt;</a>&nbsp;&nbsp;&nbsp;rt_system_scheduler_start
</UL>

<P><STRONG><a name="[ac]"></a>rt_hw_interrupt_thread_switch</STRONG> (Thumb, 2 bytes, Stack size 0 bytes, context_rvds.o(.text), UNUSED, KEPT)

<P><STRONG><a name="[2]"></a>HardFault_Handler</STRONG> (Thumb, 52 bytes, Stack size 0 bytes, context_rvds.o(.text))
<BR><BR>[Stack]<UL><LI>Max Depth = 24<LI>Call Chain = HardFault_Handler &rArr; rt_hw_hard_fault_exception
</UL>
<BR>[Calls]<UL><LI><a href="#[b0]">&gt;&gt;</a>&nbsp;&nbsp;&nbsp;rt_hw_hard_fault_exception
</UL>
<BR>[Address Reference Count : 1]<UL><LI> startup_hc32f460.o(RESET)
</UL>
<P><STRONG><a name="[9a]"></a>main</STRONG> (Thumb, 10 bytes, Stack size 8 bytes, components.o(i.$Sub$$main))
<BR><BR>[Stack]<UL><LI>Max Depth = 240<LI>Call Chain = main &rArr; rtthread_startup &rArr; rt_thread_idle_init &rArr; rt_thread_init &rArr; _rt_thread_init &rArr; rt_timer_init &rArr; rt_object_init &rArr; rt_exit_critical &rArr; rt_schedule
</UL>
<BR>[Calls]<UL><LI><a href="#[b1]">&gt;&gt;</a>&nbsp;&nbsp;&nbsp;rtthread_startup
</UL>
<BR>[Address Reference Count : 1]<UL><LI> entry9a.o(.ARM.Collect$$$$0000000B)
</UL>
<P><STRONG><a name="[a5]"></a>Ddl_AssertHandler</STRONG> (Thumb, 4 bytes, Stack size 0 bytes, hc32f460_utility.o(i.Ddl_AssertHandler))
<BR><BR>[Called By]<UL><LI><a href="#[b6]">&gt;&gt;</a>&nbsp;&nbsp;&nbsp;PORT_Toggle
<LI><a href="#[b3]">&gt;&gt;</a>&nbsp;&nbsp;&nbsp;PORT_Init
<LI><a href="#[a6]">&gt;&gt;</a>&nbsp;&nbsp;&nbsp;NMI_IrqHandler
</UL>

<P><STRONG><a name="[b5]"></a>PORT_Lock</STRONG> (Thumb, 10 bytes, Stack size 0 bytes, hc32f460_gpio.o(i.PORT_Lock))
<BR><BR>[Called By]<UL><LI><a href="#[b3]">&gt;&gt;</a>&nbsp;&nbsp;&nbsp;PORT_Init
</UL>

<P><STRONG><a name="[af]"></a>__scatterload</STRONG> (Thumb, 28 bytes, Stack size 0 bytes, init.o(.text))
<BR><BR>[Calls]<UL><LI><a href="#[b2]">&gt;&gt;</a>&nbsp;&nbsp;&nbsp;__main_after_scatterload
</UL>
<BR>[Called By]<UL><LI><a href="#[ae]">&gt;&gt;</a>&nbsp;&nbsp;&nbsp;_main_scatterload
</UL>

<P><STRONG><a name="[101]"></a>__scatterload_rt2</STRONG> (Thumb, 0 bytes, Stack size 0 bytes, init.o(.text), UNUSED)

<P><STRONG><a name="[c2]"></a>Ddl_Delay1ms</STRONG> (Thumb, 40 bytes, Stack size 8 bytes, hc32f460_utility.o(i.Ddl_Delay1ms))
<BR><BR>[Stack]<UL><LI>Max Depth = 8<LI>Call Chain = Ddl_Delay1ms
</UL>
<BR>[Called By]<UL><LI><a href="#[c1]">&gt;&gt;</a>&nbsp;&nbsp;&nbsp;$Super$$main
</UL>

<P><STRONG><a name="[a6]"></a>NMI_IrqHandler</STRONG> (Thumb, 32 bytes, Stack size 8 bytes, hc32f460_exint_nmi_swi.o(i.NMI_IrqHandler), UNUSED, KEPT)
<BR><BR>[Stack]<UL><LI>Max Depth = 8<LI>Call Chain = NMI_IrqHandler
</UL>
<BR>[Calls]<UL><LI><a href="#[a5]">&gt;&gt;</a>&nbsp;&nbsp;&nbsp;Ddl_AssertHandler
</UL>

<P><STRONG><a name="[b3]"></a>PORT_Init</STRONG> (Thumb, 456 bytes, Stack size 32 bytes, hc32f460_gpio.o(i.PORT_Init))
<BR><BR>[Stack]<UL><LI>Max Depth = 32<LI>Call Chain = PORT_Init
</UL>
<BR>[Calls]<UL><LI><a href="#[a5]">&gt;&gt;</a>&nbsp;&nbsp;&nbsp;Ddl_AssertHandler
<LI><a href="#[b4]">&gt;&gt;</a>&nbsp;&nbsp;&nbsp;PORT_Unlock
<LI><a href="#[b5]">&gt;&gt;</a>&nbsp;&nbsp;&nbsp;PORT_Lock
</UL>
<BR>[Called By]<UL><LI><a href="#[c1]">&gt;&gt;</a>&nbsp;&nbsp;&nbsp;$Super$$main
</UL>

<P><STRONG><a name="[b6]"></a>PORT_Toggle</STRONG> (Thumb, 62 bytes, Stack size 16 bytes, hc32f460_gpio.o(i.PORT_Toggle))
<BR><BR>[Stack]<UL><LI>Max Depth = 16<LI>Call Chain = PORT_Toggle
</UL>
<BR>[Calls]<UL><LI><a href="#[a5]">&gt;&gt;</a>&nbsp;&nbsp;&nbsp;Ddl_AssertHandler
</UL>
<BR>[Called By]<UL><LI><a href="#[c1]">&gt;&gt;</a>&nbsp;&nbsp;&nbsp;$Super$$main
</UL>

<P><STRONG><a name="[b4]"></a>PORT_Unlock</STRONG> (Thumb, 10 bytes, Stack size 0 bytes, hc32f460_gpio.o(i.PORT_Unlock))
<BR><BR>[Called By]<UL><LI><a href="#[b3]">&gt;&gt;</a>&nbsp;&nbsp;&nbsp;PORT_Init
</UL>

<P><STRONG><a name="[b7]"></a>SystemCoreClockUpdate</STRONG> (Thumb, 206 bytes, Stack size 16 bytes, system_hc32f460.o(i.SystemCoreClockUpdate))
<BR><BR>[Stack]<UL><LI>Max Depth = 16<LI>Call Chain = SystemCoreClockUpdate
</UL>
<BR>[Called By]<UL><LI><a href="#[9b]">&gt;&gt;</a>&nbsp;&nbsp;&nbsp;SystemInit
</UL>

<P><STRONG><a name="[9b]"></a>SystemInit</STRONG> (Thumb, 8 bytes, Stack size 4 bytes, system_hc32f460.o(i.SystemInit))
<BR><BR>[Stack]<UL><LI>Max Depth = 20<LI>Call Chain = SystemInit &rArr; SystemCoreClockUpdate
</UL>
<BR>[Calls]<UL><LI><a href="#[b7]">&gt;&gt;</a>&nbsp;&nbsp;&nbsp;SystemCoreClockUpdate
</UL>
<BR>[Address Reference Count : 1]<UL><LI> startup_hc32f460.o(.text)
</UL>
<P><STRONG><a name="[e3]"></a>__rt_ffs</STRONG> (Thumb, 70 bytes, Stack size 0 bytes, kservice.o(i.__rt_ffs))
<BR><BR>[Called By]<UL><LI><a href="#[c9]">&gt;&gt;</a>&nbsp;&nbsp;&nbsp;rt_schedule
<LI><a href="#[ed]">&gt;&gt;</a>&nbsp;&nbsp;&nbsp;rt_system_scheduler_start
</UL>

<P><STRONG><a name="[102]"></a>__scatterload_copy</STRONG> (Thumb, 14 bytes, Stack size unknown bytes, handlers.o(i.__scatterload_copy), UNUSED)

<P><STRONG><a name="[103]"></a>__scatterload_null</STRONG> (Thumb, 2 bytes, Stack size unknown bytes, handlers.o(i.__scatterload_null), UNUSED)

<P><STRONG><a name="[104]"></a>__scatterload_zeroinit</STRONG> (Thumb, 14 bytes, Stack size unknown bytes, handlers.o(i.__scatterload_zeroinit), UNUSED)

<P><STRONG><a name="[c1]"></a>$Super$$main</STRONG> (Thumb, 130 bytes, Stack size 16 bytes, main.o(i.main))
<BR><BR>[Stack]<UL><LI>Max Depth = 48<LI>Call Chain = $Super$$main &rArr; PORT_Init
</UL>
<BR>[Calls]<UL><LI><a href="#[b6]">&gt;&gt;</a>&nbsp;&nbsp;&nbsp;PORT_Toggle
<LI><a href="#[b3]">&gt;&gt;</a>&nbsp;&nbsp;&nbsp;PORT_Init
<LI><a href="#[c2]">&gt;&gt;</a>&nbsp;&nbsp;&nbsp;Ddl_Delay1ms
</UL>
<BR>[Called By]<UL><LI><a href="#[9f]">&gt;&gt;</a>&nbsp;&nbsp;&nbsp;main_thread_entry
</UL>

<P><STRONG><a name="[9f]"></a>main_thread_entry</STRONG> (Thumb, 14 bytes, Stack size 8 bytes, components.o(i.main_thread_entry))
<BR><BR>[Stack]<UL><LI>Max Depth = 56<LI>Call Chain = main_thread_entry &rArr; $Super$$main &rArr; PORT_Init
</UL>
<BR>[Calls]<UL><LI><a href="#[c1]">&gt;&gt;</a>&nbsp;&nbsp;&nbsp;$Super$$main
<LI><a href="#[c3]">&gt;&gt;</a>&nbsp;&nbsp;&nbsp;rt_components_init
</UL>
<BR>[Address Reference Count : 1]<UL><LI> components.o(i.rt_application_init)
</UL>
<P><STRONG><a name="[c4]"></a>rt_application_init</STRONG> (Thumb, 34 bytes, Stack size 16 bytes, components.o(i.rt_application_init))
<BR><BR>[Stack]<UL><LI>Max Depth = 216<LI>Call Chain = rt_application_init &rArr; rt_thread_create &rArr; _rt_thread_init &rArr; rt_timer_init &rArr; rt_object_init &rArr; rt_exit_critical &rArr; rt_schedule
</UL>
<BR>[Calls]<UL><LI><a href="#[c6]">&gt;&gt;</a>&nbsp;&nbsp;&nbsp;rt_thread_startup
<LI><a href="#[c5]">&gt;&gt;</a>&nbsp;&nbsp;&nbsp;rt_thread_create
</UL>
<BR>[Called By]<UL><LI><a href="#[b1]">&gt;&gt;</a>&nbsp;&nbsp;&nbsp;rtthread_startup
</UL>

<P><STRONG><a name="[cf]"></a>rt_components_board_init</STRONG> (Thumb, 20 bytes, Stack size 8 bytes, components.o(i.rt_components_board_init))
<BR><BR>[Stack]<UL><LI>Max Depth = 8<LI>Call Chain = rt_components_board_init
</UL>
<BR>[Called By]<UL><LI><a href="#[ce]">&gt;&gt;</a>&nbsp;&nbsp;&nbsp;rt_hw_board_init
</UL>

<P><STRONG><a name="[c3]"></a>rt_components_init</STRONG> (Thumb, 20 bytes, Stack size 8 bytes, components.o(i.rt_components_init))
<BR><BR>[Stack]<UL><LI>Max Depth = 8<LI>Call Chain = rt_components_init
</UL>
<BR>[Called By]<UL><LI><a href="#[9f]">&gt;&gt;</a>&nbsp;&nbsp;&nbsp;main_thread_entry
</UL>

<P><STRONG><a name="[c7]"></a>rt_enter_critical</STRONG> (Thumb, 28 bytes, Stack size 8 bytes, scheduler.o(i.rt_enter_critical))
<BR><BR>[Stack]<UL><LI>Max Depth = 8<LI>Call Chain = rt_enter_critical
</UL>
<BR>[Calls]<UL><LI><a href="#[a8]">&gt;&gt;</a>&nbsp;&nbsp;&nbsp;rt_hw_interrupt_enable
<LI><a href="#[a7]">&gt;&gt;</a>&nbsp;&nbsp;&nbsp;rt_hw_interrupt_disable
</UL>
<BR>[Called By]<UL><LI><a href="#[e2]">&gt;&gt;</a>&nbsp;&nbsp;&nbsp;rt_object_init
</UL>

<P><STRONG><a name="[c8]"></a>rt_exit_critical</STRONG> (Thumb, 60 bytes, Stack size 8 bytes, scheduler.o(i.rt_exit_critical))
<BR><BR>[Stack]<UL><LI>Max Depth = 32<LI>Call Chain = rt_exit_critical &rArr; rt_schedule
</UL>
<BR>[Calls]<UL><LI><a href="#[c9]">&gt;&gt;</a>&nbsp;&nbsp;&nbsp;rt_schedule
<LI><a href="#[a8]">&gt;&gt;</a>&nbsp;&nbsp;&nbsp;rt_hw_interrupt_enable
<LI><a href="#[a7]">&gt;&gt;</a>&nbsp;&nbsp;&nbsp;rt_hw_interrupt_disable
</UL>
<BR>[Called By]<UL><LI><a href="#[e2]">&gt;&gt;</a>&nbsp;&nbsp;&nbsp;rt_object_init
</UL>

<P><STRONG><a name="[ca]"></a>rt_free</STRONG> (Thumb, 98 bytes, Stack size 16 bytes, mem.o(i.rt_free))
<BR><BR>[Stack]<UL><LI>Max Depth = 112<LI>Call Chain = rt_free &rArr; rt_sem_take &rArr; rt_ipc_list_suspend &rArr; rt_thread_suspend &rArr; rt_timer_stop &rArr; _rt_timer_remove
</UL>
<BR>[Calls]<UL><LI><a href="#[cc]">&gt;&gt;</a>&nbsp;&nbsp;&nbsp;plug_holes
<LI><a href="#[cb]">&gt;&gt;</a>&nbsp;&nbsp;&nbsp;rt_sem_take
<LI><a href="#[cd]">&gt;&gt;</a>&nbsp;&nbsp;&nbsp;rt_sem_release
</UL>
<BR>[Called By]<UL><LI><a href="#[df]">&gt;&gt;</a>&nbsp;&nbsp;&nbsp;rt_object_delete
<LI><a href="#[f2]">&gt;&gt;</a>&nbsp;&nbsp;&nbsp;rt_thread_idle_excute
</UL>

<P><STRONG><a name="[d1]"></a>rt_heap_begin_get</STRONG> (Thumb, 4 bytes, Stack size 0 bytes, board.o(i.rt_heap_begin_get))
<BR><BR>[Called By]<UL><LI><a href="#[ce]">&gt;&gt;</a>&nbsp;&nbsp;&nbsp;rt_hw_board_init
</UL>

<P><STRONG><a name="[d0]"></a>rt_heap_end_get</STRONG> (Thumb, 4 bytes, Stack size 0 bytes, board.o(i.rt_heap_end_get))
<BR><BR>[Called By]<UL><LI><a href="#[ce]">&gt;&gt;</a>&nbsp;&nbsp;&nbsp;rt_hw_board_init
</UL>

<P><STRONG><a name="[ce]"></a>rt_hw_board_init</STRONG> (Thumb, 26 bytes, Stack size 16 bytes, board.o(i.rt_hw_board_init))
<BR><BR>[Stack]<UL><LI>Max Depth = 128<LI>Call Chain = rt_hw_board_init &rArr; rt_system_heap_init &rArr; rt_sem_init &rArr; rt_object_init &rArr; rt_exit_critical &rArr; rt_schedule
</UL>
<BR>[Calls]<UL><LI><a href="#[d0]">&gt;&gt;</a>&nbsp;&nbsp;&nbsp;rt_heap_end_get
<LI><a href="#[d1]">&gt;&gt;</a>&nbsp;&nbsp;&nbsp;rt_heap_begin_get
<LI><a href="#[d2]">&gt;&gt;</a>&nbsp;&nbsp;&nbsp;rt_system_heap_init
<LI><a href="#[cf]">&gt;&gt;</a>&nbsp;&nbsp;&nbsp;rt_components_board_init
</UL>
<BR>[Called By]<UL><LI><a href="#[b1]">&gt;&gt;</a>&nbsp;&nbsp;&nbsp;rtthread_startup
</UL>

<P><STRONG><a name="[b0]"></a>rt_hw_hard_fault_exception</STRONG> (Thumb, 40 bytes, Stack size 24 bytes, cpuport.o(i.rt_hw_hard_fault_exception))
<BR><BR>[Stack]<UL><LI>Max Depth = 24<LI>Call Chain = rt_hw_hard_fault_exception
</UL>
<BR>[Called By]<UL><LI><a href="#[2]">&gt;&gt;</a>&nbsp;&nbsp;&nbsp;HardFault_Handler
</UL>

<P><STRONG><a name="[ba]"></a>rt_hw_stack_init</STRONG> (Thumb, 70 bytes, Stack size 20 bytes, cpuport.o(i.rt_hw_stack_init))
<BR><BR>[Stack]<UL><LI>Max Depth = 20<LI>Call Chain = rt_hw_stack_init
</UL>
<BR>[Called By]<UL><LI><a href="#[b8]">&gt;&gt;</a>&nbsp;&nbsp;&nbsp;_rt_thread_init
</UL>

<P><STRONG><a name="[da]"></a>rt_malloc</STRONG> (Thumb, 336 bytes, Stack size 24 bytes, mem.o(i.rt_malloc))
<BR><BR>[Stack]<UL><LI>Max Depth = 120<LI>Call Chain = rt_malloc &rArr; rt_sem_take &rArr; rt_ipc_list_suspend &rArr; rt_thread_suspend &rArr; rt_timer_stop &rArr; _rt_timer_remove
</UL>
<BR>[Calls]<UL><LI><a href="#[cb]">&gt;&gt;</a>&nbsp;&nbsp;&nbsp;rt_sem_take
<LI><a href="#[cd]">&gt;&gt;</a>&nbsp;&nbsp;&nbsp;rt_sem_release
</UL>
<BR>[Called By]<UL><LI><a href="#[db]">&gt;&gt;</a>&nbsp;&nbsp;&nbsp;rt_object_allocate
<LI><a href="#[c5]">&gt;&gt;</a>&nbsp;&nbsp;&nbsp;rt_thread_create
</UL>

<P><STRONG><a name="[b9]"></a>rt_memset</STRONG> (Thumb, 72 bytes, Stack size 20 bytes, kservice.o(i.rt_memset))
<BR><BR>[Stack]<UL><LI>Max Depth = 20<LI>Call Chain = rt_memset
</UL>
<BR>[Called By]<UL><LI><a href="#[b8]">&gt;&gt;</a>&nbsp;&nbsp;&nbsp;_rt_thread_init
<LI><a href="#[db]">&gt;&gt;</a>&nbsp;&nbsp;&nbsp;rt_object_allocate
</UL>

<P><STRONG><a name="[db]"></a>rt_object_allocate</STRONG> (Thumb, 84 bytes, Stack size 24 bytes, object.o(i.rt_object_allocate))
<BR><BR>[Stack]<UL><LI>Max Depth = 144<LI>Call Chain = rt_object_allocate &rArr; rt_malloc &rArr; rt_sem_take &rArr; rt_ipc_list_suspend &rArr; rt_thread_suspend &rArr; rt_timer_stop &rArr; _rt_timer_remove
</UL>
<BR>[Calls]<UL><LI><a href="#[dc]">&gt;&gt;</a>&nbsp;&nbsp;&nbsp;rt_object_get_information
<LI><a href="#[de]">&gt;&gt;</a>&nbsp;&nbsp;&nbsp;rt_list_insert_after
<LI><a href="#[dd]">&gt;&gt;</a>&nbsp;&nbsp;&nbsp;rt_strncpy
<LI><a href="#[b9]">&gt;&gt;</a>&nbsp;&nbsp;&nbsp;rt_memset
<LI><a href="#[da]">&gt;&gt;</a>&nbsp;&nbsp;&nbsp;rt_malloc
<LI><a href="#[a8]">&gt;&gt;</a>&nbsp;&nbsp;&nbsp;rt_hw_interrupt_enable
<LI><a href="#[a7]">&gt;&gt;</a>&nbsp;&nbsp;&nbsp;rt_hw_interrupt_disable
</UL>
<BR>[Called By]<UL><LI><a href="#[c5]">&gt;&gt;</a>&nbsp;&nbsp;&nbsp;rt_thread_create
</UL>

<P><STRONG><a name="[df]"></a>rt_object_delete</STRONG> (Thumb, 36 bytes, Stack size 16 bytes, object.o(i.rt_object_delete))
<BR><BR>[Stack]<UL><LI>Max Depth = 128<LI>Call Chain = rt_object_delete &rArr; rt_free &rArr; rt_sem_take &rArr; rt_ipc_list_suspend &rArr; rt_thread_suspend &rArr; rt_timer_stop &rArr; _rt_timer_remove
</UL>
<BR>[Calls]<UL><LI><a href="#[e0]">&gt;&gt;</a>&nbsp;&nbsp;&nbsp;rt_list_remove
<LI><a href="#[ca]">&gt;&gt;</a>&nbsp;&nbsp;&nbsp;rt_free
<LI><a href="#[a8]">&gt;&gt;</a>&nbsp;&nbsp;&nbsp;rt_hw_interrupt_enable
<LI><a href="#[a7]">&gt;&gt;</a>&nbsp;&nbsp;&nbsp;rt_hw_interrupt_disable
</UL>
<BR>[Called By]<UL><LI><a href="#[f2]">&gt;&gt;</a>&nbsp;&nbsp;&nbsp;rt_thread_idle_excute
<LI><a href="#[c5]">&gt;&gt;</a>&nbsp;&nbsp;&nbsp;rt_thread_create
</UL>

<P><STRONG><a name="[e1]"></a>rt_object_detach</STRONG> (Thumb, 30 bytes, Stack size 16 bytes, object.o(i.rt_object_detach))
<BR><BR>[Stack]<UL><LI>Max Depth = 16<LI>Call Chain = rt_object_detach
</UL>
<BR>[Calls]<UL><LI><a href="#[e0]">&gt;&gt;</a>&nbsp;&nbsp;&nbsp;rt_list_remove
<LI><a href="#[a8]">&gt;&gt;</a>&nbsp;&nbsp;&nbsp;rt_hw_interrupt_enable
<LI><a href="#[a7]">&gt;&gt;</a>&nbsp;&nbsp;&nbsp;rt_hw_interrupt_disable
</UL>
<BR>[Called By]<UL><LI><a href="#[ef]">&gt;&gt;</a>&nbsp;&nbsp;&nbsp;rt_timer_detach
<LI><a href="#[9d]">&gt;&gt;</a>&nbsp;&nbsp;&nbsp;rt_thread_exit
</UL>

<P><STRONG><a name="[dc]"></a>rt_object_get_information</STRONG> (Thumb, 36 bytes, Stack size 0 bytes, object.o(i.rt_object_get_information))
<BR><BR>[Called By]<UL><LI><a href="#[e2]">&gt;&gt;</a>&nbsp;&nbsp;&nbsp;rt_object_init
<LI><a href="#[db]">&gt;&gt;</a>&nbsp;&nbsp;&nbsp;rt_object_allocate
</UL>

<P><STRONG><a name="[e2]"></a>rt_object_init</STRONG> (Thumb, 86 bytes, Stack size 32 bytes, object.o(i.rt_object_init))
<BR><BR>[Stack]<UL><LI>Max Depth = 64<LI>Call Chain = rt_object_init &rArr; rt_exit_critical &rArr; rt_schedule
</UL>
<BR>[Calls]<UL><LI><a href="#[c8]">&gt;&gt;</a>&nbsp;&nbsp;&nbsp;rt_exit_critical
<LI><a href="#[c7]">&gt;&gt;</a>&nbsp;&nbsp;&nbsp;rt_enter_critical
<LI><a href="#[dc]">&gt;&gt;</a>&nbsp;&nbsp;&nbsp;rt_object_get_information
<LI><a href="#[de]">&gt;&gt;</a>&nbsp;&nbsp;&nbsp;rt_list_insert_after
<LI><a href="#[dd]">&gt;&gt;</a>&nbsp;&nbsp;&nbsp;rt_strncpy
<LI><a href="#[a8]">&gt;&gt;</a>&nbsp;&nbsp;&nbsp;rt_hw_interrupt_enable
<LI><a href="#[a7]">&gt;&gt;</a>&nbsp;&nbsp;&nbsp;rt_hw_interrupt_disable
</UL>
<BR>[Called By]<UL><LI><a href="#[bb]">&gt;&gt;</a>&nbsp;&nbsp;&nbsp;rt_timer_init
<LI><a href="#[e6]">&gt;&gt;</a>&nbsp;&nbsp;&nbsp;rt_sem_init
<LI><a href="#[f4]">&gt;&gt;</a>&nbsp;&nbsp;&nbsp;rt_thread_init
</UL>

<P><STRONG><a name="[f0]"></a>rt_object_is_systemobject</STRONG> (Thumb, 18 bytes, Stack size 0 bytes, object.o(i.rt_object_is_systemobject))
<BR><BR>[Called By]<UL><LI><a href="#[9d]">&gt;&gt;</a>&nbsp;&nbsp;&nbsp;rt_thread_exit
</UL>

<P><STRONG><a name="[c9]"></a>rt_schedule</STRONG> (Thumb, 106 bytes, Stack size 24 bytes, scheduler.o(i.rt_schedule))
<BR><BR>[Stack]<UL><LI>Max Depth = 24<LI>Call Chain = rt_schedule
</UL>
<BR>[Calls]<UL><LI><a href="#[e3]">&gt;&gt;</a>&nbsp;&nbsp;&nbsp;__rt_ffs
<LI><a href="#[aa]">&gt;&gt;</a>&nbsp;&nbsp;&nbsp;rt_hw_context_switch_interrupt
<LI><a href="#[a9]">&gt;&gt;</a>&nbsp;&nbsp;&nbsp;rt_hw_context_switch
<LI><a href="#[a8]">&gt;&gt;</a>&nbsp;&nbsp;&nbsp;rt_hw_interrupt_enable
<LI><a href="#[a7]">&gt;&gt;</a>&nbsp;&nbsp;&nbsp;rt_hw_interrupt_disable
</UL>
<BR>[Called By]<UL><LI><a href="#[9e]">&gt;&gt;</a>&nbsp;&nbsp;&nbsp;rt_thread_timeout
<LI><a href="#[9d]">&gt;&gt;</a>&nbsp;&nbsp;&nbsp;rt_thread_exit
<LI><a href="#[c8]">&gt;&gt;</a>&nbsp;&nbsp;&nbsp;rt_exit_critical
<LI><a href="#[cb]">&gt;&gt;</a>&nbsp;&nbsp;&nbsp;rt_sem_take
<LI><a href="#[cd]">&gt;&gt;</a>&nbsp;&nbsp;&nbsp;rt_sem_release
<LI><a href="#[c6]">&gt;&gt;</a>&nbsp;&nbsp;&nbsp;rt_thread_startup
</UL>

<P><STRONG><a name="[e4]"></a>rt_schedule_insert_thread</STRONG> (Thumb, 72 bytes, Stack size 16 bytes, scheduler.o(i.rt_schedule_insert_thread))
<BR><BR>[Stack]<UL><LI>Max Depth = 16<LI>Call Chain = rt_schedule_insert_thread
</UL>
<BR>[Calls]<UL><LI><a href="#[a8]">&gt;&gt;</a>&nbsp;&nbsp;&nbsp;rt_hw_interrupt_enable
<LI><a href="#[a7]">&gt;&gt;</a>&nbsp;&nbsp;&nbsp;rt_hw_interrupt_disable
</UL>
<BR>[Called By]<UL><LI><a href="#[9e]">&gt;&gt;</a>&nbsp;&nbsp;&nbsp;rt_thread_timeout
<LI><a href="#[d4]">&gt;&gt;</a>&nbsp;&nbsp;&nbsp;rt_thread_resume
</UL>

<P><STRONG><a name="[e5]"></a>rt_schedule_remove_thread</STRONG> (Thumb, 76 bytes, Stack size 16 bytes, scheduler.o(i.rt_schedule_remove_thread))
<BR><BR>[Stack]<UL><LI>Max Depth = 16<LI>Call Chain = rt_schedule_remove_thread
</UL>
<BR>[Calls]<UL><LI><a href="#[a8]">&gt;&gt;</a>&nbsp;&nbsp;&nbsp;rt_hw_interrupt_enable
<LI><a href="#[a7]">&gt;&gt;</a>&nbsp;&nbsp;&nbsp;rt_hw_interrupt_disable
</UL>
<BR>[Called By]<UL><LI><a href="#[9d]">&gt;&gt;</a>&nbsp;&nbsp;&nbsp;rt_thread_exit
<LI><a href="#[d6]">&gt;&gt;</a>&nbsp;&nbsp;&nbsp;rt_thread_suspend
</UL>

<P><STRONG><a name="[e6]"></a>rt_sem_init</STRONG> (Thumb, 38 bytes, Stack size 24 bytes, ipc.o(i.rt_sem_init))
<BR><BR>[Stack]<UL><LI>Max Depth = 88<LI>Call Chain = rt_sem_init &rArr; rt_object_init &rArr; rt_exit_critical &rArr; rt_schedule
</UL>
<BR>[Calls]<UL><LI><a href="#[e2]">&gt;&gt;</a>&nbsp;&nbsp;&nbsp;rt_object_init
<LI><a href="#[d8]">&gt;&gt;</a>&nbsp;&nbsp;&nbsp;rt_ipc_object_init
</UL>
<BR>[Called By]<UL><LI><a href="#[d2]">&gt;&gt;</a>&nbsp;&nbsp;&nbsp;rt_system_heap_init
</UL>

<P><STRONG><a name="[cd]"></a>rt_sem_release</STRONG> (Thumb, 82 bytes, Stack size 16 bytes, ipc.o(i.rt_sem_release))
<BR><BR>[Stack]<UL><LI>Max Depth = 80<LI>Call Chain = rt_sem_release &rArr; rt_ipc_list_resume &rArr; rt_thread_resume &rArr; rt_timer_stop &rArr; _rt_timer_remove
</UL>
<BR>[Calls]<UL><LI><a href="#[c9]">&gt;&gt;</a>&nbsp;&nbsp;&nbsp;rt_schedule
<LI><a href="#[e7]">&gt;&gt;</a>&nbsp;&nbsp;&nbsp;rt_list_isempty
<LI><a href="#[d3]">&gt;&gt;</a>&nbsp;&nbsp;&nbsp;rt_ipc_list_resume
<LI><a href="#[a8]">&gt;&gt;</a>&nbsp;&nbsp;&nbsp;rt_hw_interrupt_enable
<LI><a href="#[a7]">&gt;&gt;</a>&nbsp;&nbsp;&nbsp;rt_hw_interrupt_disable
</UL>
<BR>[Called By]<UL><LI><a href="#[da]">&gt;&gt;</a>&nbsp;&nbsp;&nbsp;rt_malloc
<LI><a href="#[ca]">&gt;&gt;</a>&nbsp;&nbsp;&nbsp;rt_free
</UL>

<P><STRONG><a name="[cb]"></a>rt_sem_take</STRONG> (Thumb, 116 bytes, Stack size 24 bytes, ipc.o(i.rt_sem_take))
<BR><BR>[Stack]<UL><LI>Max Depth = 96<LI>Call Chain = rt_sem_take &rArr; rt_ipc_list_suspend &rArr; rt_thread_suspend &rArr; rt_timer_stop &rArr; _rt_timer_remove
</UL>
<BR>[Calls]<UL><LI><a href="#[ea]">&gt;&gt;</a>&nbsp;&nbsp;&nbsp;rt_timer_start
<LI><a href="#[e9]">&gt;&gt;</a>&nbsp;&nbsp;&nbsp;rt_timer_control
<LI><a href="#[c9]">&gt;&gt;</a>&nbsp;&nbsp;&nbsp;rt_schedule
<LI><a href="#[d5]">&gt;&gt;</a>&nbsp;&nbsp;&nbsp;rt_ipc_list_suspend
<LI><a href="#[e8]">&gt;&gt;</a>&nbsp;&nbsp;&nbsp;rt_thread_self
<LI><a href="#[a8]">&gt;&gt;</a>&nbsp;&nbsp;&nbsp;rt_hw_interrupt_enable
<LI><a href="#[a7]">&gt;&gt;</a>&nbsp;&nbsp;&nbsp;rt_hw_interrupt_disable
</UL>
<BR>[Called By]<UL><LI><a href="#[da]">&gt;&gt;</a>&nbsp;&nbsp;&nbsp;rt_malloc
<LI><a href="#[ca]">&gt;&gt;</a>&nbsp;&nbsp;&nbsp;rt_free
</UL>

<P><STRONG><a name="[f9]"></a>rt_show_version</STRONG> (Thumb, 2 bytes, Stack size 0 bytes, kservice.o(i.rt_show_version))
<BR><BR>[Called By]<UL><LI><a href="#[b1]">&gt;&gt;</a>&nbsp;&nbsp;&nbsp;rtthread_startup
</UL>

<P><STRONG><a name="[dd]"></a>rt_strncpy</STRONG> (Thumb, 52 bytes, Stack size 16 bytes, kservice.o(i.rt_strncpy))
<BR><BR>[Stack]<UL><LI>Max Depth = 16<LI>Call Chain = rt_strncpy
</UL>
<BR>[Called By]<UL><LI><a href="#[e2]">&gt;&gt;</a>&nbsp;&nbsp;&nbsp;rt_object_init
<LI><a href="#[db]">&gt;&gt;</a>&nbsp;&nbsp;&nbsp;rt_object_allocate
</UL>

<P><STRONG><a name="[d2]"></a>rt_system_heap_init</STRONG> (Thumb, 146 bytes, Stack size 24 bytes, mem.o(i.rt_system_heap_init))
<BR><BR>[Stack]<UL><LI>Max Depth = 112<LI>Call Chain = rt_system_heap_init &rArr; rt_sem_init &rArr; rt_object_init &rArr; rt_exit_critical &rArr; rt_schedule
</UL>
<BR>[Calls]<UL><LI><a href="#[e6]">&gt;&gt;</a>&nbsp;&nbsp;&nbsp;rt_sem_init
</UL>
<BR>[Called By]<UL><LI><a href="#[ce]">&gt;&gt;</a>&nbsp;&nbsp;&nbsp;rt_hw_board_init
</UL>

<P><STRONG><a name="[eb]"></a>rt_system_scheduler_init</STRONG> (Thumb, 52 bytes, Stack size 8 bytes, scheduler.o(i.rt_system_scheduler_init))
<BR><BR>[Stack]<UL><LI>Max Depth = 8<LI>Call Chain = rt_system_scheduler_init
</UL>
<BR>[Calls]<UL><LI><a href="#[ec]">&gt;&gt;</a>&nbsp;&nbsp;&nbsp;rt_list_init
</UL>
<BR>[Called By]<UL><LI><a href="#[b1]">&gt;&gt;</a>&nbsp;&nbsp;&nbsp;rtthread_startup
</UL>

<P><STRONG><a name="[ed]"></a>rt_system_scheduler_start</STRONG> (Thumb, 36 bytes, Stack size 16 bytes, scheduler.o(i.rt_system_scheduler_start))
<BR><BR>[Stack]<UL><LI>Max Depth = 16<LI>Call Chain = rt_system_scheduler_start
</UL>
<BR>[Calls]<UL><LI><a href="#[e3]">&gt;&gt;</a>&nbsp;&nbsp;&nbsp;__rt_ffs
<LI><a href="#[ab]">&gt;&gt;</a>&nbsp;&nbsp;&nbsp;rt_hw_context_switch_to
</UL>
<BR>[Called By]<UL><LI><a href="#[b1]">&gt;&gt;</a>&nbsp;&nbsp;&nbsp;rtthread_startup
</UL>

<P><STRONG><a name="[ee]"></a>rt_system_timer_init</STRONG> (Thumb, 24 bytes, Stack size 8 bytes, timer.o(i.rt_system_timer_init))
<BR><BR>[Stack]<UL><LI>Max Depth = 8<LI>Call Chain = rt_system_timer_init
</UL>
<BR>[Calls]<UL><LI><a href="#[bd]">&gt;&gt;</a>&nbsp;&nbsp;&nbsp;rt_list_init
</UL>
<BR>[Called By]<UL><LI><a href="#[b1]">&gt;&gt;</a>&nbsp;&nbsp;&nbsp;rtthread_startup
</UL>

<P><STRONG><a name="[fa]"></a>rt_system_timer_thread_init</STRONG> (Thumb, 2 bytes, Stack size 0 bytes, timer.o(i.rt_system_timer_thread_init))
<BR><BR>[Called By]<UL><LI><a href="#[b1]">&gt;&gt;</a>&nbsp;&nbsp;&nbsp;rtthread_startup
</UL>

<P><STRONG><a name="[c5]"></a>rt_thread_create</STRONG> (Thumb, 80 bytes, Stack size 56 bytes, thread.o(i.rt_thread_create))
<BR><BR>[Stack]<UL><LI>Max Depth = 200<LI>Call Chain = rt_thread_create &rArr; _rt_thread_init &rArr; rt_timer_init &rArr; rt_object_init &rArr; rt_exit_critical &rArr; rt_schedule
</UL>
<BR>[Calls]<UL><LI><a href="#[b8]">&gt;&gt;</a>&nbsp;&nbsp;&nbsp;_rt_thread_init
<LI><a href="#[db]">&gt;&gt;</a>&nbsp;&nbsp;&nbsp;rt_object_allocate
<LI><a href="#[da]">&gt;&gt;</a>&nbsp;&nbsp;&nbsp;rt_malloc
<LI><a href="#[df]">&gt;&gt;</a>&nbsp;&nbsp;&nbsp;rt_object_delete
</UL>
<BR>[Called By]<UL><LI><a href="#[c4]">&gt;&gt;</a>&nbsp;&nbsp;&nbsp;rt_application_init
</UL>

<P><STRONG><a name="[9d]"></a>rt_thread_exit</STRONG> (Thumb, 78 bytes, Stack size 16 bytes, thread.o(i.rt_thread_exit))
<BR><BR>[Stack]<UL><LI>Max Depth = 48<LI>Call Chain = rt_thread_exit &rArr; rt_timer_detach &rArr; _rt_timer_remove
</UL>
<BR>[Calls]<UL><LI><a href="#[ef]">&gt;&gt;</a>&nbsp;&nbsp;&nbsp;rt_timer_detach
<LI><a href="#[f1]">&gt;&gt;</a>&nbsp;&nbsp;&nbsp;rt_list_insert_after
<LI><a href="#[c0]">&gt;&gt;</a>&nbsp;&nbsp;&nbsp;_thread_cleanup_execute
<LI><a href="#[e5]">&gt;&gt;</a>&nbsp;&nbsp;&nbsp;rt_schedule_remove_thread
<LI><a href="#[f0]">&gt;&gt;</a>&nbsp;&nbsp;&nbsp;rt_object_is_systemobject
<LI><a href="#[c9]">&gt;&gt;</a>&nbsp;&nbsp;&nbsp;rt_schedule
<LI><a href="#[e1]">&gt;&gt;</a>&nbsp;&nbsp;&nbsp;rt_object_detach
<LI><a href="#[a8]">&gt;&gt;</a>&nbsp;&nbsp;&nbsp;rt_hw_interrupt_enable
<LI><a href="#[a7]">&gt;&gt;</a>&nbsp;&nbsp;&nbsp;rt_hw_interrupt_disable
</UL>
<BR>[Address Reference Count : 1]<UL><LI> thread.o(i._rt_thread_init)
</UL>
<P><STRONG><a name="[f2]"></a>rt_thread_idle_excute</STRONG> (Thumb, 92 bytes, Stack size 16 bytes, idle.o(i.rt_thread_idle_excute))
<BR><BR>[Stack]<UL><LI>Max Depth = 144<LI>Call Chain = rt_thread_idle_excute &rArr; rt_object_delete &rArr; rt_free &rArr; rt_sem_take &rArr; rt_ipc_list_suspend &rArr; rt_thread_suspend &rArr; rt_timer_stop &rArr; _rt_timer_remove
</UL>
<BR>[Calls]<UL><LI><a href="#[df]">&gt;&gt;</a>&nbsp;&nbsp;&nbsp;rt_object_delete
<LI><a href="#[ca]">&gt;&gt;</a>&nbsp;&nbsp;&nbsp;rt_free
<LI><a href="#[a8]">&gt;&gt;</a>&nbsp;&nbsp;&nbsp;rt_hw_interrupt_enable
<LI><a href="#[a7]">&gt;&gt;</a>&nbsp;&nbsp;&nbsp;rt_hw_interrupt_disable
</UL>
<BR>[Called By]<UL><LI><a href="#[a0]">&gt;&gt;</a>&nbsp;&nbsp;&nbsp;rt_thread_idle_entry
</UL>

<P><STRONG><a name="[ad]"></a>rt_thread_idle_gethandler</STRONG> (Thumb, 4 bytes, Stack size 0 bytes, idle.o(i.rt_thread_idle_gethandler), UNUSED, KEPT)

<P><STRONG><a name="[f3]"></a>rt_thread_idle_init</STRONG> (Thumb, 38 bytes, Stack size 24 bytes, idle.o(i.rt_thread_idle_init))
<BR><BR>[Stack]<UL><LI>Max Depth = 224<LI>Call Chain = rt_thread_idle_init &rArr; rt_thread_init &rArr; _rt_thread_init &rArr; rt_timer_init &rArr; rt_object_init &rArr; rt_exit_critical &rArr; rt_schedule
</UL>
<BR>[Calls]<UL><LI><a href="#[f4]">&gt;&gt;</a>&nbsp;&nbsp;&nbsp;rt_thread_init
<LI><a href="#[c6]">&gt;&gt;</a>&nbsp;&nbsp;&nbsp;rt_thread_startup
</UL>
<BR>[Called By]<UL><LI><a href="#[b1]">&gt;&gt;</a>&nbsp;&nbsp;&nbsp;rtthread_startup
</UL>

<P><STRONG><a name="[f4]"></a>rt_thread_init</STRONG> (Thumb, 52 bytes, Stack size 56 bytes, thread.o(i.rt_thread_init))
<BR><BR>[Stack]<UL><LI>Max Depth = 200<LI>Call Chain = rt_thread_init &rArr; _rt_thread_init &rArr; rt_timer_init &rArr; rt_object_init &rArr; rt_exit_critical &rArr; rt_schedule
</UL>
<BR>[Calls]<UL><LI><a href="#[b8]">&gt;&gt;</a>&nbsp;&nbsp;&nbsp;_rt_thread_init
<LI><a href="#[e2]">&gt;&gt;</a>&nbsp;&nbsp;&nbsp;rt_object_init
</UL>
<BR>[Called By]<UL><LI><a href="#[f3]">&gt;&gt;</a>&nbsp;&nbsp;&nbsp;rt_thread_idle_init
</UL>

<P><STRONG><a name="[d4]"></a>rt_thread_resume</STRONG> (Thumb, 60 bytes, Stack size 16 bytes, thread.o(i.rt_thread_resume))
<BR><BR>[Stack]<UL><LI>Max Depth = 48<LI>Call Chain = rt_thread_resume &rArr; rt_timer_stop &rArr; _rt_timer_remove
</UL>
<BR>[Calls]<UL><LI><a href="#[f6]">&gt;&gt;</a>&nbsp;&nbsp;&nbsp;rt_timer_stop
<LI><a href="#[f5]">&gt;&gt;</a>&nbsp;&nbsp;&nbsp;rt_list_remove
<LI><a href="#[e4]">&gt;&gt;</a>&nbsp;&nbsp;&nbsp;rt_schedule_insert_thread
<LI><a href="#[a8]">&gt;&gt;</a>&nbsp;&nbsp;&nbsp;rt_hw_interrupt_enable
<LI><a href="#[a7]">&gt;&gt;</a>&nbsp;&nbsp;&nbsp;rt_hw_interrupt_disable
</UL>
<BR>[Called By]<UL><LI><a href="#[d3]">&gt;&gt;</a>&nbsp;&nbsp;&nbsp;rt_ipc_list_resume
<LI><a href="#[c6]">&gt;&gt;</a>&nbsp;&nbsp;&nbsp;rt_thread_startup
</UL>

<P><STRONG><a name="[e8]"></a>rt_thread_self</STRONG> (Thumb, 6 bytes, Stack size 0 bytes, thread.o(i.rt_thread_self))
<BR><BR>[Called By]<UL><LI><a href="#[cb]">&gt;&gt;</a>&nbsp;&nbsp;&nbsp;rt_sem_take
<LI><a href="#[c6]">&gt;&gt;</a>&nbsp;&nbsp;&nbsp;rt_thread_startup
</UL>

<P><STRONG><a name="[c6]"></a>rt_thread_startup</STRONG> (Thumb, 44 bytes, Stack size 8 bytes, thread.o(i.rt_thread_startup))
<BR><BR>[Stack]<UL><LI>Max Depth = 56<LI>Call Chain = rt_thread_startup &rArr; rt_thread_resume &rArr; rt_timer_stop &rArr; _rt_timer_remove
</UL>
<BR>[Calls]<UL><LI><a href="#[d4]">&gt;&gt;</a>&nbsp;&nbsp;&nbsp;rt_thread_resume
<LI><a href="#[c9]">&gt;&gt;</a>&nbsp;&nbsp;&nbsp;rt_schedule
<LI><a href="#[e8]">&gt;&gt;</a>&nbsp;&nbsp;&nbsp;rt_thread_self
</UL>
<BR>[Called By]<UL><LI><a href="#[f3]">&gt;&gt;</a>&nbsp;&nbsp;&nbsp;rt_thread_idle_init
<LI><a href="#[c4]">&gt;&gt;</a>&nbsp;&nbsp;&nbsp;rt_application_init
</UL>

<P><STRONG><a name="[d6]"></a>rt_thread_suspend</STRONG> (Thumb, 68 bytes, Stack size 16 bytes, thread.o(i.rt_thread_suspend))
<BR><BR>[Stack]<UL><LI>Max Depth = 48<LI>Call Chain = rt_thread_suspend &rArr; rt_timer_stop &rArr; _rt_timer_remove
</UL>
<BR>[Calls]<UL><LI><a href="#[f6]">&gt;&gt;</a>&nbsp;&nbsp;&nbsp;rt_timer_stop
<LI><a href="#[e5]">&gt;&gt;</a>&nbsp;&nbsp;&nbsp;rt_schedule_remove_thread
<LI><a href="#[a8]">&gt;&gt;</a>&nbsp;&nbsp;&nbsp;rt_hw_interrupt_enable
<LI><a href="#[a7]">&gt;&gt;</a>&nbsp;&nbsp;&nbsp;rt_hw_interrupt_disable
</UL>
<BR>[Called By]<UL><LI><a href="#[d5]">&gt;&gt;</a>&nbsp;&nbsp;&nbsp;rt_ipc_list_suspend
</UL>

<P><STRONG><a name="[9e]"></a>rt_thread_timeout</STRONG> (Thumb, 32 bytes, Stack size 16 bytes, thread.o(i.rt_thread_timeout))
<BR><BR>[Stack]<UL><LI>Max Depth = 40<LI>Call Chain = rt_thread_timeout &rArr; rt_schedule
</UL>
<BR>[Calls]<UL><LI><a href="#[f5]">&gt;&gt;</a>&nbsp;&nbsp;&nbsp;rt_list_remove
<LI><a href="#[e4]">&gt;&gt;</a>&nbsp;&nbsp;&nbsp;rt_schedule_insert_thread
<LI><a href="#[c9]">&gt;&gt;</a>&nbsp;&nbsp;&nbsp;rt_schedule
</UL>
<BR>[Address Reference Count : 1]<UL><LI> thread.o(i._rt_thread_init)
</UL>
<P><STRONG><a name="[f7]"></a>rt_tick_get</STRONG> (Thumb, 6 bytes, Stack size 0 bytes, clock.o(i.rt_tick_get))
<BR><BR>[Called By]<UL><LI><a href="#[ea]">&gt;&gt;</a>&nbsp;&nbsp;&nbsp;rt_timer_start
</UL>

<P><STRONG><a name="[e9]"></a>rt_timer_control</STRONG> (Thumb, 98 bytes, Stack size 24 bytes, timer.o(i.rt_timer_control))
<BR><BR>[Stack]<UL><LI>Max Depth = 24<LI>Call Chain = rt_timer_control
</UL>
<BR>[Calls]<UL><LI><a href="#[a8]">&gt;&gt;</a>&nbsp;&nbsp;&nbsp;rt_hw_interrupt_enable
<LI><a href="#[a7]">&gt;&gt;</a>&nbsp;&nbsp;&nbsp;rt_hw_interrupt_disable
</UL>
<BR>[Called By]<UL><LI><a href="#[cb]">&gt;&gt;</a>&nbsp;&nbsp;&nbsp;rt_sem_take
</UL>

<P><STRONG><a name="[ef]"></a>rt_timer_detach</STRONG> (Thumb, 40 bytes, Stack size 16 bytes, timer.o(i.rt_timer_detach))
<BR><BR>[Stack]<UL><LI>Max Depth = 32<LI>Call Chain = rt_timer_detach &rArr; _rt_timer_remove
</UL>
<BR>[Calls]<UL><LI><a href="#[be]">&gt;&gt;</a>&nbsp;&nbsp;&nbsp;_rt_timer_remove
<LI><a href="#[e1]">&gt;&gt;</a>&nbsp;&nbsp;&nbsp;rt_object_detach
<LI><a href="#[a8]">&gt;&gt;</a>&nbsp;&nbsp;&nbsp;rt_hw_interrupt_enable
<LI><a href="#[a7]">&gt;&gt;</a>&nbsp;&nbsp;&nbsp;rt_hw_interrupt_disable
</UL>
<BR>[Called By]<UL><LI><a href="#[9d]">&gt;&gt;</a>&nbsp;&nbsp;&nbsp;rt_thread_exit
</UL>

<P><STRONG><a name="[bb]"></a>rt_timer_init</STRONG> (Thumb, 46 bytes, Stack size 32 bytes, timer.o(i.rt_timer_init))
<BR><BR>[Stack]<UL><LI>Max Depth = 96<LI>Call Chain = rt_timer_init &rArr; rt_object_init &rArr; rt_exit_critical &rArr; rt_schedule
</UL>
<BR>[Calls]<UL><LI><a href="#[bc]">&gt;&gt;</a>&nbsp;&nbsp;&nbsp;_rt_timer_init
<LI><a href="#[e2]">&gt;&gt;</a>&nbsp;&nbsp;&nbsp;rt_object_init
</UL>
<BR>[Called By]<UL><LI><a href="#[b8]">&gt;&gt;</a>&nbsp;&nbsp;&nbsp;_rt_thread_init
</UL>

<P><STRONG><a name="[ea]"></a>rt_timer_start</STRONG> (Thumb, 226 bytes, Stack size 32 bytes, timer.o(i.rt_timer_start))
<BR><BR>[Stack]<UL><LI>Max Depth = 48<LI>Call Chain = rt_timer_start &rArr; _rt_timer_remove
</UL>
<BR>[Calls]<UL><LI><a href="#[f8]">&gt;&gt;</a>&nbsp;&nbsp;&nbsp;rt_list_insert_after
<LI><a href="#[be]">&gt;&gt;</a>&nbsp;&nbsp;&nbsp;_rt_timer_remove
<LI><a href="#[f7]">&gt;&gt;</a>&nbsp;&nbsp;&nbsp;rt_tick_get
<LI><a href="#[a8]">&gt;&gt;</a>&nbsp;&nbsp;&nbsp;rt_hw_interrupt_enable
<LI><a href="#[a7]">&gt;&gt;</a>&nbsp;&nbsp;&nbsp;rt_hw_interrupt_disable
</UL>
<BR>[Called By]<UL><LI><a href="#[cb]">&gt;&gt;</a>&nbsp;&nbsp;&nbsp;rt_sem_take
</UL>

<P><STRONG><a name="[f6]"></a>rt_timer_stop</STRONG> (Thumb, 48 bytes, Stack size 16 bytes, timer.o(i.rt_timer_stop))
<BR><BR>[Stack]<UL><LI>Max Depth = 32<LI>Call Chain = rt_timer_stop &rArr; _rt_timer_remove
</UL>
<BR>[Calls]<UL><LI><a href="#[be]">&gt;&gt;</a>&nbsp;&nbsp;&nbsp;_rt_timer_remove
<LI><a href="#[a8]">&gt;&gt;</a>&nbsp;&nbsp;&nbsp;rt_hw_interrupt_enable
<LI><a href="#[a7]">&gt;&gt;</a>&nbsp;&nbsp;&nbsp;rt_hw_interrupt_disable
</UL>
<BR>[Called By]<UL><LI><a href="#[d6]">&gt;&gt;</a>&nbsp;&nbsp;&nbsp;rt_thread_suspend
<LI><a href="#[d4]">&gt;&gt;</a>&nbsp;&nbsp;&nbsp;rt_thread_resume
</UL>

<P><STRONG><a name="[b1]"></a>rtthread_startup</STRONG> (Thumb, 42 bytes, Stack size 8 bytes, components.o(i.rtthread_startup))
<BR><BR>[Stack]<UL><LI>Max Depth = 232<LI>Call Chain = rtthread_startup &rArr; rt_thread_idle_init &rArr; rt_thread_init &rArr; _rt_thread_init &rArr; rt_timer_init &rArr; rt_object_init &rArr; rt_exit_critical &rArr; rt_schedule
</UL>
<BR>[Calls]<UL><LI><a href="#[f3]">&gt;&gt;</a>&nbsp;&nbsp;&nbsp;rt_thread_idle_init
<LI><a href="#[fa]">&gt;&gt;</a>&nbsp;&nbsp;&nbsp;rt_system_timer_thread_init
<LI><a href="#[ee]">&gt;&gt;</a>&nbsp;&nbsp;&nbsp;rt_system_timer_init
<LI><a href="#[ed]">&gt;&gt;</a>&nbsp;&nbsp;&nbsp;rt_system_scheduler_start
<LI><a href="#[eb]">&gt;&gt;</a>&nbsp;&nbsp;&nbsp;rt_system_scheduler_init
<LI><a href="#[f9]">&gt;&gt;</a>&nbsp;&nbsp;&nbsp;rt_show_version
<LI><a href="#[ce]">&gt;&gt;</a>&nbsp;&nbsp;&nbsp;rt_hw_board_init
<LI><a href="#[c4]">&gt;&gt;</a>&nbsp;&nbsp;&nbsp;rt_application_init
<LI><a href="#[a7]">&gt;&gt;</a>&nbsp;&nbsp;&nbsp;rt_hw_interrupt_disable
</UL>
<BR>[Called By]<UL><LI><a href="#[9a]">&gt;&gt;</a>&nbsp;&nbsp;&nbsp;main
</UL>
<P>
<H3>
Local Symbols
</H3>
<P><STRONG><a name="[a3]"></a>rti_board_end</STRONG> (Thumb, 4 bytes, Stack size 0 bytes, components.o(i.rti_board_end))
<BR>[Address Reference Count : 1]<UL><LI> components.o(.rti_fn.1.end)
</UL>
<P><STRONG><a name="[a2]"></a>rti_board_start</STRONG> (Thumb, 4 bytes, Stack size 0 bytes, components.o(i.rti_board_start))
<BR>[Address Reference Count : 1]<UL><LI> components.o(.rti_fn.0.end)
</UL>
<P><STRONG><a name="[a4]"></a>rti_end</STRONG> (Thumb, 4 bytes, Stack size 0 bytes, components.o(i.rti_end))
<BR>[Address Reference Count : 1]<UL><LI> components.o(.rti_fn.6.end)
</UL>
<P><STRONG><a name="[a1]"></a>rti_start</STRONG> (Thumb, 4 bytes, Stack size 0 bytes, components.o(i.rti_start))
<BR>[Address Reference Count : 1]<UL><LI> components.o(.rti_fn.0)
</UL>
<P><STRONG><a name="[a0]"></a>rt_thread_idle_entry</STRONG> (Thumb, 8 bytes, Stack size 0 bytes, idle.o(i.rt_thread_idle_entry))
<BR><BR>[Stack]<UL><LI>Max Depth = 144<LI>Call Chain = rt_thread_idle_entry &rArr; rt_thread_idle_excute &rArr; rt_object_delete &rArr; rt_free &rArr; rt_sem_take &rArr; rt_ipc_list_suspend &rArr; rt_thread_suspend &rArr; rt_timer_stop &rArr; _rt_timer_remove
</UL>
<BR>[Calls]<UL><LI><a href="#[f2]">&gt;&gt;</a>&nbsp;&nbsp;&nbsp;rt_thread_idle_excute
</UL>
<BR>[Address Reference Count : 1]<UL><LI> idle.o(i.rt_thread_idle_init)
</UL>
<P><STRONG><a name="[d3]"></a>rt_ipc_list_resume</STRONG> (Thumb, 20 bytes, Stack size 16 bytes, ipc.o(i.rt_ipc_list_resume))
<BR><BR>[Stack]<UL><LI>Max Depth = 64<LI>Call Chain = rt_ipc_list_resume &rArr; rt_thread_resume &rArr; rt_timer_stop &rArr; _rt_timer_remove
</UL>
<BR>[Calls]<UL><LI><a href="#[d4]">&gt;&gt;</a>&nbsp;&nbsp;&nbsp;rt_thread_resume
</UL>
<BR>[Called By]<UL><LI><a href="#[cd]">&gt;&gt;</a>&nbsp;&nbsp;&nbsp;rt_sem_release
</UL>

<P><STRONG><a name="[d5]"></a>rt_ipc_list_suspend</STRONG> (Thumb, 110 bytes, Stack size 24 bytes, ipc.o(i.rt_ipc_list_suspend))
<BR><BR>[Stack]<UL><LI>Max Depth = 72<LI>Call Chain = rt_ipc_list_suspend &rArr; rt_thread_suspend &rArr; rt_timer_stop &rArr; _rt_timer_remove
</UL>
<BR>[Calls]<UL><LI><a href="#[d6]">&gt;&gt;</a>&nbsp;&nbsp;&nbsp;rt_thread_suspend
<LI><a href="#[d7]">&gt;&gt;</a>&nbsp;&nbsp;&nbsp;rt_list_insert_before
</UL>
<BR>[Called By]<UL><LI><a href="#[cb]">&gt;&gt;</a>&nbsp;&nbsp;&nbsp;rt_sem_take
</UL>

<P><STRONG><a name="[d8]"></a>rt_ipc_object_init</STRONG> (Thumb, 16 bytes, Stack size 8 bytes, ipc.o(i.rt_ipc_object_init))
<BR><BR>[Stack]<UL><LI>Max Depth = 8<LI>Call Chain = rt_ipc_object_init
</UL>
<BR>[Calls]<UL><LI><a href="#[d9]">&gt;&gt;</a>&nbsp;&nbsp;&nbsp;rt_list_init
</UL>
<BR>[Called By]<UL><LI><a href="#[e6]">&gt;&gt;</a>&nbsp;&nbsp;&nbsp;rt_sem_init
</UL>

<P><STRONG><a name="[d9]"></a>rt_list_init</STRONG> (Thumb, 6 bytes, Stack size 0 bytes, ipc.o(i.rt_list_init))
<BR><BR>[Called By]<UL><LI><a href="#[d8]">&gt;&gt;</a>&nbsp;&nbsp;&nbsp;rt_ipc_object_init
</UL>

<P><STRONG><a name="[d7]"></a>rt_list_insert_before</STRONG> (Thumb, 14 bytes, Stack size 0 bytes, ipc.o(i.rt_list_insert_before))
<BR><BR>[Called By]<UL><LI><a href="#[d5]">&gt;&gt;</a>&nbsp;&nbsp;&nbsp;rt_ipc_list_suspend
</UL>

<P><STRONG><a name="[e7]"></a>rt_list_isempty</STRONG> (Thumb, 16 bytes, Stack size 0 bytes, ipc.o(i.rt_list_isempty))
<BR><BR>[Called By]<UL><LI><a href="#[cd]">&gt;&gt;</a>&nbsp;&nbsp;&nbsp;rt_sem_release
</UL>

<P><STRONG><a name="[cc]"></a>plug_holes</STRONG> (Thumb, 108 bytes, Stack size 12 bytes, mem.o(i.plug_holes))
<BR><BR>[Stack]<UL><LI>Max Depth = 12<LI>Call Chain = plug_holes
</UL>
<BR>[Called By]<UL><LI><a href="#[ca]">&gt;&gt;</a>&nbsp;&nbsp;&nbsp;rt_free
</UL>

<P><STRONG><a name="[de]"></a>rt_list_insert_after</STRONG> (Thumb, 14 bytes, Stack size 0 bytes, object.o(i.rt_list_insert_after))
<BR><BR>[Called By]<UL><LI><a href="#[e2]">&gt;&gt;</a>&nbsp;&nbsp;&nbsp;rt_object_init
<LI><a href="#[db]">&gt;&gt;</a>&nbsp;&nbsp;&nbsp;rt_object_allocate
</UL>

<P><STRONG><a name="[e0]"></a>rt_list_remove</STRONG> (Thumb, 18 bytes, Stack size 0 bytes, object.o(i.rt_list_remove))
<BR><BR>[Called By]<UL><LI><a href="#[e1]">&gt;&gt;</a>&nbsp;&nbsp;&nbsp;rt_object_detach
<LI><a href="#[df]">&gt;&gt;</a>&nbsp;&nbsp;&nbsp;rt_object_delete
</UL>

<P><STRONG><a name="[ec]"></a>rt_list_init</STRONG> (Thumb, 6 bytes, Stack size 0 bytes, scheduler.o(i.rt_list_init))
<BR><BR>[Called By]<UL><LI><a href="#[eb]">&gt;&gt;</a>&nbsp;&nbsp;&nbsp;rt_system_scheduler_init
</UL>

<P><STRONG><a name="[b8]"></a>_rt_thread_init</STRONG> (Thumb, 124 bytes, Stack size 48 bytes, thread.o(i._rt_thread_init))
<BR><BR>[Stack]<UL><LI>Max Depth = 144<LI>Call Chain = _rt_thread_init &rArr; rt_timer_init &rArr; rt_object_init &rArr; rt_exit_critical &rArr; rt_schedule
</UL>
<BR>[Calls]<UL><LI><a href="#[bb]">&gt;&gt;</a>&nbsp;&nbsp;&nbsp;rt_timer_init
<LI><a href="#[b9]">&gt;&gt;</a>&nbsp;&nbsp;&nbsp;rt_memset
<LI><a href="#[ba]">&gt;&gt;</a>&nbsp;&nbsp;&nbsp;rt_hw_stack_init
</UL>
<BR>[Called By]<UL><LI><a href="#[f4]">&gt;&gt;</a>&nbsp;&nbsp;&nbsp;rt_thread_init
<LI><a href="#[c5]">&gt;&gt;</a>&nbsp;&nbsp;&nbsp;rt_thread_create
</UL>

<P><STRONG><a name="[c0]"></a>_thread_cleanup_execute</STRONG> (Thumb, 28 bytes, Stack size 16 bytes, thread.o(i._thread_cleanup_execute))
<BR><BR>[Stack]<UL><LI>Max Depth = 16<LI>Call Chain = _thread_cleanup_execute
</UL>
<BR>[Calls]<UL><LI><a href="#[a8]">&gt;&gt;</a>&nbsp;&nbsp;&nbsp;rt_hw_interrupt_enable
<LI><a href="#[a7]">&gt;&gt;</a>&nbsp;&nbsp;&nbsp;rt_hw_interrupt_disable
</UL>
<BR>[Called By]<UL><LI><a href="#[9d]">&gt;&gt;</a>&nbsp;&nbsp;&nbsp;rt_thread_exit
</UL>

<P><STRONG><a name="[f1]"></a>rt_list_insert_after</STRONG> (Thumb, 14 bytes, Stack size 0 bytes, thread.o(i.rt_list_insert_after))
<BR><BR>[Called By]<UL><LI><a href="#[9d]">&gt;&gt;</a>&nbsp;&nbsp;&nbsp;rt_thread_exit
</UL>

<P><STRONG><a name="[f5]"></a>rt_list_remove</STRONG> (Thumb, 18 bytes, Stack size 0 bytes, thread.o(i.rt_list_remove))
<BR><BR>[Called By]<UL><LI><a href="#[9e]">&gt;&gt;</a>&nbsp;&nbsp;&nbsp;rt_thread_timeout
<LI><a href="#[d4]">&gt;&gt;</a>&nbsp;&nbsp;&nbsp;rt_thread_resume
</UL>

<P><STRONG><a name="[bc]"></a>_rt_timer_init</STRONG> (Thumb, 66 bytes, Stack size 32 bytes, timer.o(i._rt_timer_init))
<BR><BR>[Stack]<UL><LI>Max Depth = 32<LI>Call Chain = _rt_timer_init
</UL>
<BR>[Calls]<UL><LI><a href="#[bd]">&gt;&gt;</a>&nbsp;&nbsp;&nbsp;rt_list_init
</UL>
<BR>[Called By]<UL><LI><a href="#[bb]">&gt;&gt;</a>&nbsp;&nbsp;&nbsp;rt_timer_init
</UL>

<P><STRONG><a name="[be]"></a>_rt_timer_remove</STRONG> (Thumb, 28 bytes, Stack size 16 bytes, timer.o(i._rt_timer_remove))
<BR><BR>[Stack]<UL><LI>Max Depth = 16<LI>Call Chain = _rt_timer_remove
</UL>
<BR>[Calls]<UL><LI><a href="#[bf]">&gt;&gt;</a>&nbsp;&nbsp;&nbsp;rt_list_remove
</UL>
<BR>[Called By]<UL><LI><a href="#[f6]">&gt;&gt;</a>&nbsp;&nbsp;&nbsp;rt_timer_stop
<LI><a href="#[ef]">&gt;&gt;</a>&nbsp;&nbsp;&nbsp;rt_timer_detach
<LI><a href="#[ea]">&gt;&gt;</a>&nbsp;&nbsp;&nbsp;rt_timer_start
</UL>

<P><STRONG><a name="[bd]"></a>rt_list_init</STRONG> (Thumb, 6 bytes, Stack size 0 bytes, timer.o(i.rt_list_init))
<BR><BR>[Called By]<UL><LI><a href="#[bc]">&gt;&gt;</a>&nbsp;&nbsp;&nbsp;_rt_timer_init
<LI><a href="#[ee]">&gt;&gt;</a>&nbsp;&nbsp;&nbsp;rt_system_timer_init
</UL>

<P><STRONG><a name="[f8]"></a>rt_list_insert_after</STRONG> (Thumb, 14 bytes, Stack size 0 bytes, timer.o(i.rt_list_insert_after))
<BR><BR>[Called By]<UL><LI><a href="#[ea]">&gt;&gt;</a>&nbsp;&nbsp;&nbsp;rt_timer_start
</UL>

<P><STRONG><a name="[bf]"></a>rt_list_remove</STRONG> (Thumb, 18 bytes, Stack size 0 bytes, timer.o(i.rt_list_remove))
<BR><BR>[Called By]<UL><LI><a href="#[be]">&gt;&gt;</a>&nbsp;&nbsp;&nbsp;_rt_timer_remove
</UL>
<P>
<H3>
Undefined Global Symbols
</H3><HR></body></html>
